../Drivers/CMSIS/Include/core_cm0plus.h:850:22:__NVIC_SetPriority	24	static
../Drivers/CMSIS/Include/core_cm0plus.h:1056:26:SysTick_Config	16	static
../Core/Src/main.c:107:5:main	104	static
../Core/Src/main.c:358:6:SystemClock_Config	88	static
../Core/Src/main.c:395:6:HAL_GPIO_EXTI_Falling_Callback	16	static
../Core/Src/main.c:402:6:delay	16	static
../Core/Src/main.c:410:6:Set_Pin_Output	48	static
../Core/Src/main.c:418:6:Set_Pin_Input	48	static
../Core/Src/main.c:430:6:DHT11_Start	8	static
../Core/Src/main.c:437:9:DHT11_check_response	16	static
../Core/Src/main.c:451:9:DHT11_Read	16	static
../Core/Src/main.c:475:6:Error_Handler	8	static,ignoring_inline_asm
