Archive member included to satisfy reference by file (symbol)

E:/cubeIDE/STM32CubeIDE_2.1.0/STM32CubeIDE/plugins/com.st.stm32cube.ide.mcu.externaltools.gnu-tools-for-stm32.14.3.rel1.win32_1.0.100.202602081740/tools/bin/../lib/gcc/arm-none-eabi/14.3.1/../../../../arm-none-eabi/lib/thumb/v7e-m+fp/hard\libc_nano.a(libc_a-exit.o)
                              E:/cubeIDE/STM32CubeIDE_2.1.0/STM32CubeIDE/plugins/com.st.stm32cube.ide.mcu.externaltools.gnu-tools-for-stm32.14.3.rel1.win32_1.0.100.202602081740/tools/bin/../lib/gcc/arm-none-eabi/14.3.1/../../../../arm-none-eabi/lib/thumb/v7e-m+fp/hard/crt0.o (exit)
E:/cubeIDE/STM32CubeIDE_2.1.0/STM32CubeIDE/plugins/com.st.stm32cube.ide.mcu.externaltools.gnu-tools-for-stm32.14.3.rel1.win32_1.0.100.202602081740/tools/bin/../lib/gcc/arm-none-eabi/14.3.1/../../../../arm-none-eabi/lib/thumb/v7e-m+fp/hard\libc_nano.a(libc_a-findfp.o)
                              E:/cubeIDE/STM32CubeIDE_2.1.0/STM32CubeIDE/plugins/com.st.stm32cube.ide.mcu.externaltools.gnu-tools-for-stm32.14.3.rel1.win32_1.0.100.202602081740/tools/bin/../lib/gcc/arm-none-eabi/14.3.1/../../../../arm-none-eabi/lib/thumb/v7e-m+fp/hard\libc_nano.a(libc_a-exit.o) (__stdio_exit_handler)
E:/cubeIDE/STM32CubeIDE_2.1.0/STM32CubeIDE/plugins/com.st.stm32cube.ide.mcu.externaltools.gnu-tools-for-stm32.14.3.rel1.win32_1.0.100.202602081740/tools/bin/../lib/gcc/arm-none-eabi/14.3.1/../../../../arm-none-eabi/lib/thumb/v7e-m+fp/hard\libc_nano.a(libc_a-fwalk.o)
                              E:/cubeIDE/STM32CubeIDE_2.1.0/STM32CubeIDE/plugins/com.st.stm32cube.ide.mcu.externaltools.gnu-tools-for-stm32.14.3.rel1.win32_1.0.100.202602081740/tools/bin/../lib/gcc/arm-none-eabi/14.3.1/../../../../arm-none-eabi/lib/thumb/v7e-m+fp/hard\libc_nano.a(libc_a-findfp.o) (_fwalk_sglue)
E:/cubeIDE/STM32CubeIDE_2.1.0/STM32CubeIDE/plugins/com.st.stm32cube.ide.mcu.externaltools.gnu-tools-for-stm32.14.3.rel1.win32_1.0.100.202602081740/tools/bin/../lib/gcc/arm-none-eabi/14.3.1/../../../../arm-none-eabi/lib/thumb/v7e-m+fp/hard\libc_nano.a(libc_a-puts.o)
                              ./User/Config/DEV_Config.o (puts)
E:/cubeIDE/STM32CubeIDE_2.1.0/STM32CubeIDE/plugins/com.st.stm32cube.ide.mcu.externaltools.gnu-tools-for-stm32.14.3.rel1.win32_1.0.100.202602081740/tools/bin/../lib/gcc/arm-none-eabi/14.3.1/../../../../arm-none-eabi/lib/thumb/v7e-m+fp/hard\libc_nano.a(libc_a-stdio.o)
                              E:/cubeIDE/STM32CubeIDE_2.1.0/STM32CubeIDE/plugins/com.st.stm32cube.ide.mcu.externaltools.gnu-tools-for-stm32.14.3.rel1.win32_1.0.100.202602081740/tools/bin/../lib/gcc/arm-none-eabi/14.3.1/../../../../arm-none-eabi/lib/thumb/v7e-m+fp/hard\libc_nano.a(libc_a-findfp.o) (__sread)
E:/cubeIDE/STM32CubeIDE_2.1.0/STM32CubeIDE/plugins/com.st.stm32cube.ide.mcu.externaltools.gnu-tools-for-stm32.14.3.rel1.win32_1.0.100.202602081740/tools/bin/../lib/gcc/arm-none-eabi/14.3.1/../../../../arm-none-eabi/lib/thumb/v7e-m+fp/hard\libc_nano.a(libc_a-wbuf.o)
                              E:/cubeIDE/STM32CubeIDE_2.1.0/STM32CubeIDE/plugins/com.st.stm32cube.ide.mcu.externaltools.gnu-tools-for-stm32.14.3.rel1.win32_1.0.100.202602081740/tools/bin/../lib/gcc/arm-none-eabi/14.3.1/../../../../arm-none-eabi/lib/thumb/v7e-m+fp/hard\libc_nano.a(libc_a-puts.o) (__swbuf_r)
E:/cubeIDE/STM32CubeIDE_2.1.0/STM32CubeIDE/plugins/com.st.stm32cube.ide.mcu.externaltools.gnu-tools-for-stm32.14.3.rel1.win32_1.0.100.202602081740/tools/bin/../lib/gcc/arm-none-eabi/14.3.1/../../../../arm-none-eabi/lib/thumb/v7e-m+fp/hard\libc_nano.a(libc_a-wsetup.o)
                              E:/cubeIDE/STM32CubeIDE_2.1.0/STM32CubeIDE/plugins/com.st.stm32cube.ide.mcu.externaltools.gnu-tools-for-stm32.14.3.rel1.win32_1.0.100.202602081740/tools/bin/../lib/gcc/arm-none-eabi/14.3.1/../../../../arm-none-eabi/lib/thumb/v7e-m+fp/hard\libc_nano.a(libc_a-puts.o) (__swsetup_r)
E:/cubeIDE/STM32CubeIDE_2.1.0/STM32CubeIDE/plugins/com.st.stm32cube.ide.mcu.externaltools.gnu-tools-for-stm32.14.3.rel1.win32_1.0.100.202602081740/tools/bin/../lib/gcc/arm-none-eabi/14.3.1/../../../../arm-none-eabi/lib/thumb/v7e-m+fp/hard\libc_nano.a(libc_a-memset.o)
                              E:/cubeIDE/STM32CubeIDE_2.1.0/STM32CubeIDE/plugins/com.st.stm32cube.ide.mcu.externaltools.gnu-tools-for-stm32.14.3.rel1.win32_1.0.100.202602081740/tools/bin/../lib/gcc/arm-none-eabi/14.3.1/../../../../arm-none-eabi/lib/thumb/v7e-m+fp/hard/crt0.o (memset)
E:/cubeIDE/STM32CubeIDE_2.1.0/STM32CubeIDE/plugins/com.st.stm32cube.ide.mcu.externaltools.gnu-tools-for-stm32.14.3.rel1.win32_1.0.100.202602081740/tools/bin/../lib/gcc/arm-none-eabi/14.3.1/../../../../arm-none-eabi/lib/thumb/v7e-m+fp/hard\libc_nano.a(libc_a-closer.o)
                              E:/cubeIDE/STM32CubeIDE_2.1.0/STM32CubeIDE/plugins/com.st.stm32cube.ide.mcu.externaltools.gnu-tools-for-stm32.14.3.rel1.win32_1.0.100.202602081740/tools/bin/../lib/gcc/arm-none-eabi/14.3.1/../../../../arm-none-eabi/lib/thumb/v7e-m+fp/hard\libc_nano.a(libc_a-stdio.o) (_close_r)
[...]
Memory Configuration

Name             Origin             Length             Attributes
RAM              0x20000000         0x00018000         xrw
RAM2             0x10000000         0x00008000         xrw
FLASH            0x08000000         0x00100000         xr
*default*        0x00000000         0xffffffff

Linker script and memory map

LOAD E:/cubeIDE/STM32CubeIDE_2.1.0/STM32CubeIDE/plugins/com.st.stm32cube.ide.mcu.externaltools.gnu-tools-for-stm32.14.3.rel1.win32_1.0.100.202602081740/tools/bin/../lib/gcc/arm-none-eabi/14.3.1/thumb/v7e-m+fp/hard/crti.o
LOAD E:/cubeIDE/STM32CubeIDE_2.1.0/STM32CubeIDE/plugins/com.st.stm32cube.ide.mcu.externaltools.gnu-tools-for-stm32.14.3.rel1.win32_1.0.100.202602081740/tools/bin/../lib/gcc/arm-none-eabi/14.3.1/thumb/v7e-m+fp/hard/crtbegin.o
LOAD E:/cubeIDE/STM32CubeIDE_2.1.0/STM32CubeIDE/plugins/com.st.stm32cube.ide.mcu.externaltools.gnu-tools-for-stm32.14.3.rel1.win32_1.0.100.202602081740/tools/bin/../lib/gcc/arm-none-eabi/14.3.1/../../../../arm-none-eabi/lib/thumb/v7e-m+fp/hard/crt0.o
LOAD ./Core/Src/gpio.o
LOAD ./Core/Src/main.o
LOAD ./Core/Src/spi.o
LOAD ./Core/Src/stm32l4xx_hal_msp.o
LOAD ./Core/Src/stm32l4xx_it.o
LOAD ./Core/Src/syscalls.o
LOAD ./Core/Src/sysmem.o
LOAD ./Core/Src/system_stm32l4xx.o
LOAD ./Core/Src/tim.o
LOAD ./Core/Src/usart.o
LOAD ./Core/Startup/startup_stm32l476rgtx.o
LOAD ./Drivers/STM32L4xx_HAL_Driver/Src/stm32l4xx_hal.o
LOAD ./Drivers/STM32L4xx_HAL_Driver/Src/stm32l4xx_hal_cortex.o
LOAD ./Drivers/STM32L4xx_HAL_Driver/Src/stm32l4xx_hal_dma.o
LOAD ./Drivers/STM32L4xx_HAL_Driver/Src/stm32l4xx_hal_dma_ex.o
LOAD ./Drivers/STM32L4xx_HAL_Driver/Src/stm32l4xx_hal_exti.o
LOAD ./Drivers/STM32L4xx_HAL_Driver/Src/stm32l4xx_hal_flash.o
LOAD ./Drivers/STM32L4xx_HAL_Driver/Src/stm32l4xx_hal_flash_ex.o
LOAD ./Drivers/STM32L4xx_HAL_Driver/Src/stm32l4xx_hal_flash_ramfunc.o
LOAD ./Drivers/STM32L4xx_HAL_Driver/Src/stm32l4xx_hal_gpio.o
LOAD ./Drivers/STM32L4xx_HAL_Driver/Src/stm32l4xx_hal_i2c.o
LOAD ./Drivers/STM32L4xx_HAL_Driver/Src/stm32l4xx_hal_i2c_ex.o
LOAD ./Drivers/STM32L4xx_HAL_Driver/Src/stm32l4xx_hal_pwr.o
LOAD ./Drivers/STM32L4xx_HAL_Driver/Src/stm32l4xx_hal_pwr_ex.o
LOAD ./Drivers/STM32L4xx_HAL_Driver/Src/stm32l4xx_hal_rcc.o
LOAD ./Drivers/STM32L4xx_HAL_Driver/Src/stm32l4xx_hal_rcc_ex.o
LOAD ./Drivers/STM32L4xx_HAL_Driver/Src/stm32l4xx_hal_spi.o
LOAD ./Drivers/STM32L4xx_HAL_Driver/Src/stm32l4xx_hal_spi_ex.o
LOAD ./Drivers/STM32L4xx_HAL_Driver/Src/stm32l4xx_hal_tim.o
LOAD ./Drivers/STM32L4xx_HAL_Driver/Src/stm32l4xx_hal_tim_ex.o
LOAD ./Drivers/STM32L4xx_HAL_Driver/Src/stm32l4xx_hal_uart.o
LOAD ./Drivers/STM32L4xx_HAL_Driver/Src/stm32l4xx_hal_uart_ex.o
LOAD ./User/Config/DEV_Config.o
LOAD ./User/Fonts/font12.o
LOAD ./User/Fonts/font16.o
LOAD ./User/Fonts/font20.o
LOAD ./User/Fonts/font24.o
LOAD ./User/Fonts/font8.o
LOAD ./User/LCD/LCD_Driver.o
LOAD ./User/LCD/LCD_GUI.o
START GROUP
LOAD E:/cubeIDE/STM32CubeIDE_2.1.0/STM32CubeIDE/plugins/com.st.stm32cube.ide.mcu.externaltools.gnu-tools-for-stm32.14.3.rel1.win32_1.0.100.202602081740/tools/bin/../lib/gcc/arm-none-eabi/14.3.1/../../../../arm-none-eabi/lib/thumb/v7e-m+fp/hard\libc_nano.a
LOAD E:/cubeIDE/STM32CubeIDE_2.1.0/STM32CubeIDE/plugins/com.st.stm32cube.ide.mcu.externaltools.gnu-tools-for-stm32.14.3.rel1.win32_1.0.100.202602081740/tools/bin/../lib/gcc/arm-none-eabi/14.3.1/../../../../arm-none-eabi/lib/thumb/v7e-m+fp/hard\libm.a
END GROUP
START GROUP
LOAD E:/cubeIDE/STM32CubeIDE_2.1.0/STM32CubeIDE/plugins/com.st.stm32cube.ide.mcu.externaltools.gnu-tools-for-stm32.14.3.rel1.win32_1.0.100.202602081740/tools/bin/../lib/gcc/arm-none-eabi/14.3.1/thumb/v7e-m+fp/hard\libgcc.a
LOAD E:/cubeIDE/STM32CubeIDE_2.1.0/STM32CubeIDE/plugins/com.st.stm32cube.ide.mcu.externaltools.gnu-tools-for-stm32.14.3.rel1.win32_1.0.100.202602081740/tools/bin/../lib/gcc/arm-none-eabi/14.3.1/../../../../arm-none-eabi/lib/thumb/v7e-m+fp/hard\libc_nano.a
END GROUP
START GROUP
LOAD E:/cubeIDE/STM32CubeIDE_2.1.0/STM32CubeIDE/plugins/com.st.stm32cube.ide.mcu.externaltools.gnu-tools-for-stm32.14.3.rel1.win32_1.0.100.202602081740/tools/bin/../lib/gcc/arm-none-eabi/14.3.1/thumb/v7e-m+fp/hard\libgcc.a
LOAD E:/cubeIDE/STM32CubeIDE_2.1.0/STM32CubeIDE/plugins/com.st.stm32cube.ide.mcu.externaltools.gnu-tools-for-stm32.14.3.rel1.win32_1.0.100.202602081740/tools/bin/../lib/gcc/arm-none-eabi/14.3.1/../../../../arm-none-eabi/lib/thumb/v7e-m+fp/hard\libc_nano.a
LOAD E:/cubeIDE/STM32CubeIDE_2.1.0/STM32CubeIDE/plugins/com.st.stm32cube.ide.mcu.externaltools.gnu-tools-for-stm32.14.3.rel1.win32_1.0.100.202602081740/tools/bin/../lib/gcc/arm-none-eabi/14.3.1/../../../../arm-none-eabi/lib/thumb/v7e-m+fp/hard\libnosys.a
END GROUP
START GROUP
LOAD E:/cubeIDE/STM32CubeIDE_2.1.0/STM32CubeIDE/plugins/com.st.stm32cube.ide.mcu.externaltools.gnu-tools-for-stm32.14.3.rel1.win32_1.0.100.202602081740/tools/bin/../lib/gcc/arm-none-eabi/14.3.1/thumb/v7e-m+fp/hard\libgcc.a
LOAD E:/cubeIDE/STM32CubeIDE_2.1.0/STM32CubeIDE/plugins/com.st.stm32cube.ide.mcu.externaltools.gnu-tools-for-stm32.14.3.rel1.win32_1.0.100.202602081740/tools/bin/../lib/gcc/arm-none-eabi/14.3.1/../../../../arm-none-eabi/lib/thumb/v7e-m+fp/hard\libc_nano.a
LOAD E:/cubeIDE/STM32CubeIDE_2.1.0/STM32CubeIDE/plugins/com.st.stm32cube.ide.mcu.externaltools.gnu-tools-for-stm32.14.3.rel1.win32_1.0.100.202602081740/tools/bin/../lib/gcc/arm-none-eabi/14.3.1/../../../../arm-none-eabi/lib/thumb/v7e-m+fp/hard\libnosys.a
END GROUP
LOAD E:/cubeIDE/STM32CubeIDE_2.1.0/STM32CubeIDE/plugins/com.st.stm32cube.ide.mcu.externaltools.gnu-tools-for-stm32.14.3.rel1.win32_1.0.100.202602081740/tools/bin/../lib/gcc/arm-none-eabi/14.3.1/thumb/v7e-m+fp/hard/crtend.o
LOAD E:/cubeIDE/STM32CubeIDE_2.1.0/STM32CubeIDE/plugins/com.st.stm32cube.ide.mcu.externaltools.gnu-tools-for-stm32.14.3.rel1.win32_1.0.100.202602081740/tools/bin/../lib/gcc/arm-none-eabi/14.3.1/thumb/v7e-m+fp/hard/crtn.o
                0x20018000                        _estack = (ORIGIN (RAM) + LENGTH (RAM))
                0x00000200                        _Min_Heap_Size = 0x200
                0x00000400                        _Min_Stack_Size = 0x400

.isr_vector     0x08000000      0x188
                0x08000000                        . = ALIGN (0x4)
 *(.isr_vector)
 .isr_vector    0x08000000      0x188 ./Core/Startup/startup_stm32l476rgtx.o
                0x08000000                g_pfnVectors
                0x08000188                        . = ALIGN (0x4)

.text           0x08000188     0x67dc
                0x08000188                        . = ALIGN (0x4)
 *(.text)
 .text          0x08000188       0x40 E:/cubeIDE/STM32CubeIDE_2.1.0/STM32CubeIDE/plugins/com.st.stm32cube.ide.mcu.externaltools.gnu-tools-for-stm32.14.3.rel1.win32_1.0.100.202602081740/tools/bin/../lib/gcc/arm-none-eabi/14.3.1/thumb/v7e-m+fp/hard/crtbegin.o
 .text          0x080001c8      0x254 E:/cubeIDE/STM32CubeIDE_2.1.0/STM32CubeIDE/plugins/com.st.stm32cube.ide.mcu.externaltools.gnu-tools-for-stm32.14.3.rel1.win32_1.0.100.202602081740/tools/bin/../lib/gcc/arm-none-eabi/14.3.1/thumb/v7e-m+fp/hard\libgcc.a(_arm_muldf3.o)
                0x080001c8                __muldf3
                0x080001c8                __aeabi_dmul
 .text          0x0800041c      0x378 E:/cubeIDE/STM32CubeIDE_2.1.0/STM32CubeIDE/plugins/com.st.stm32cube.ide.mcu.externaltools.gnu-tools-for-stm32.14.3.rel1.win32_1.0.100.202602081740/tools/bin/../lib/gcc/arm-none-eabi/14.3.1/thumb/v7e-m+fp/hard\libgcc.a(_arm_addsubdf3.o)
                0x0800041c                __aeabi_drsub
                0x08000424                __aeabi_dsub
                0x08000424                __subdf3
                0x08000428                __aeabi_dadd
                0x08000428                __adddf3
                0x080006a0                __floatunsidf
                0x080006a0                __aeabi_ui2d
                0x080006c0                __floatsidf
                0x080006c0                __aeabi_i2d
                0x080006e4                __aeabi_f2d
                0x080006e4                __extendsfdf2
                0x08000728                __floatundidf
                0x08000728                __aeabi_ul2d
                0x08000738                __floatdidf
                0x08000738                __aeabi_l2d
 .text          0x08000794       0x40 E:/cubeIDE/STM32CubeIDE_2.1.0/STM32CubeIDE/plugins/com.st.stm32cube.ide.mcu.externaltools.gnu-tools-for-stm32.14.3.rel1.win32_1.0.100.202602081740/tools/bin/../lib/gcc/arm-none-eabi/14.3.1/thumb/v7e-m+fp/hard\libgcc.a(_arm_fixunsdfsi.o)
                0x08000794                __aeabi_d2uiz
                0x08000794                __fixunsdfsi
 .text          0x080007d4       0x30 E:/cubeIDE/STM32CubeIDE_2.1.0/STM32CubeIDE/plugins/com.st.stm32cube.ide.mcu.externaltools.gnu-tools-for-stm32.14.3.rel1.win32_1.0.100.202602081740/tools/bin/../lib/gcc/arm-none-eabi/14.3.1/thumb/v7e-m+fp/hard\libgcc.a(_aeabi_uldivmod.o)
                0x080007d4                __aeabi_uldivmod
 .text          0x08000804      0x2f8 E:/cubeIDE/STM32CubeIDE_2.1.0/STM32CubeIDE/plugins/com.st.stm32cube.ide.mcu.externaltools.gnu-tools-for-stm32.14.3.rel1.win32_1.0.100.202602081740/tools/bin/../lib/gcc/arm-none-eabi/14.3.1/thumb/v7e-m+fp/hard\libgcc.a(_udivmoddi4.o)
                0x08000804                __udivmoddi4
 .text          0x08000afc        0x4 E:/cubeIDE/STM32CubeIDE_2.1.0/STM32CubeIDE/plugins/com.st.stm32cube.ide.mcu.externaltools.gnu-tools-for-stm32.14.3.rel1.win32_1.0.100.202602081740/tools/bin/../lib/gcc/arm-none-eabi/14.3.1/thumb/v7e-m+fp/hard\libgcc.a(_dvmd_tls.o)
                0x08000afc                __aeabi_idiv0
                0x08000afc                __aeabi_ldiv0
 *(.text*)
 .text.MX_GPIO_Init
                0x08000b00      0x124 ./Core/Src/gpio.o
                0x08000b00                MX_GPIO_Init
 .text.__NVIC_SetPriority
                0x08000c24       0x54 ./Core/Src/main.o
 .text.SysTick_Config
                0x08000c78       0x44 ./Core/Src/main.o
 .text.main     0x08000cbc      0x130 ./Core/Src/main.o
                0x08000cbc                main
 .text.SystemClock_Config
                0x08000dec       0xa2 ./Core/Src/main.o
                0x08000dec                SystemClock_Config
 .text.Error_Handler
                0x08000e8e        0xc ./Core/Src/main.o
                0x08000e8e                Error_Handler
 *fill*         0x08000e9a        0x2 
 .text.MX_SPI1_Init
                0x08000e9c       0x7c ./Core/Src/spi.o
                0x08000e9c                MX_SPI1_Init
 .text.HAL_SPI_MspInit
                0x08000f18       0x84 ./Core/Src/spi.o
                0x08000f18                HAL_SPI_MspInit
 .text.HAL_MspInit
                0x08000f9c       0x48 ./Core/Src/stm32l4xx_hal_msp.o
                0x08000f9c                HAL_MspInit
 .text.NMI_Handler
                0x08000fe4        0x8 ./Core/Src/stm32l4xx_it.o
                0x08000fe4                NMI_Handler
 .text.HardFault_Handler
                0x08000fec        0x8 ./Core/Src/stm32l4xx_it.o
                0x08000fec                HardFault_Handler
 .text.MemManage_Handler
                0x08000ff4        0x8 ./Core/Src/stm32l4xx_it.o
                0x08000ff4                MemManage_Handler
 .text.BusFault_Handler
                0x08000ffc        0x8 ./Core/Src/stm32l4xx_it.o
                0x08000ffc                BusFault_Handler
 .text.UsageFault_Handler
                0x08001004        0x8 ./Core/Src/stm32l4xx_it.o
                0x08001004                UsageFault_Handler
 .text.SVC_Handler
                0x0800100c        0xe ./Core/Src/stm32l4xx_it.o
                0x0800100c                SVC_Handler
 .text.DebugMon_Handler
                0x0800101a        0xe ./Core/Src/stm32l4xx_it.o
                0x0800101a                DebugMon_Handler
 .text.PendSV_Handler
                0x08001028        0xe ./Core/Src/stm32l4xx_it.o
                0x08001028                PendSV_Handler
 *fill*         0x08001036        0x2 
 .text.SysTick_Handler
                0x08001038       0x1c ./Core/Src/stm32l4xx_it.o
                0x08001038                SysTick_Handler
 .text._read    0x08001054       0x3a ./Core/Src/syscalls.o
                0x08001054                _read
 .text._write   0x0800108e       0x38 ./Core/Src/syscalls.o
                0x0800108e                _write
 .text._close   0x080010c6       0x18 ./Core/Src/syscalls.o
                0x080010c6                _close
 .text._fstat   0x080010de       0x20 ./Core/Src/syscalls.o
                0x080010de                _fstat
 .text._isatty  0x080010fe       0x16 ./Core/Src/syscalls.o
                0x080010fe                _isatty
 .text._lseek   0x08001114       0x1a ./Core/Src/syscalls.o
                0x08001114                _lseek
 *fill*         0x0800112e        0x2 
 .text._sbrk    0x08001130       0x6c ./Core/Src/sysmem.o
                0x08001130                _sbrk
 .text.SystemInit
                0x0800119c       0x24 ./Core/Src/system_stm32l4xx.o
                0x0800119c                SystemInit
 .text.MX_TIM6_Init
                0x080011c0       0x6c ./Core/Src/tim.o
                0x080011c0                MX_TIM6_Init
 .text.HAL_TIM_Base_MspInit
                0x0800122c       0x40 ./Core/Src/tim.o
                0x0800122c                HAL_TIM_Base_MspInit
 .text.MX_USART2_UART_Init
                0x0800126c       0x60 ./Core/Src/usart.o
                0x0800126c                MX_USART2_UART_Init
 .text.HAL_UART_MspInit
                0x080012cc       0xb8 ./Core/Src/usart.o
                0x080012cc                HAL_UART_MspInit
 .text.Reset_Handler
                0x08001384       0x50 ./Core/Startup/startup_stm32l476rgtx.o
                0x08001384                Reset_Handler
 .text.Default_Handler
                0x080013d4        0x2 ./Core/Startup/startup_stm32l476rgtx.o
                0x080013d4                RTC_Alarm_IRQHandler
                0x080013d4                EXTI2_IRQHandler
                0x080013d4                TIM8_TRG_COM_IRQHandler
                0x080013d4                TIM8_CC_IRQHandler
                0x080013d4                TIM1_CC_IRQHandler
                0x080013d4                TSC_IRQHandler
                0x080013d4                TAMP_STAMP_IRQHandler
                0x080013d4                EXTI3_IRQHandler
                0x080013d4                LPTIM2_IRQHandler
                0x080013d4                DFSDM1_FLT1_IRQHandler
                0x080013d4                I2C3_ER_IRQHandler
                0x080013d4                DFSDM1_FLT2_IRQHandler
                0x080013d4                EXTI0_IRQHandler
                0x080013d4                I2C2_EV_IRQHandler
                0x080013d4                CAN1_RX0_IRQHandler
                0x080013d4                FPU_IRQHandler
                0x080013d4                TIM1_UP_TIM16_IRQHandler
                0x080013d4                ADC1_2_IRQHandler
                0x080013d4                SPI1_IRQHandler
                0x080013d4                TIM6_DAC_IRQHandler
                0x080013d4                TIM8_UP_IRQHandler
                0x080013d4                DMA2_Channel2_IRQHandler
                0x080013d4                DMA1_Channel4_IRQHandler
                0x080013d4                SAI2_IRQHandler
                0x080013d4                DFSDM1_FLT3_IRQHandler
                0x080013d4                USART3_IRQHandler
                0x080013d4                DMA1_Channel7_IRQHandler
                0x080013d4                CAN1_RX1_IRQHandler
                0x080013d4                LCD_IRQHandler
                0x080013d4                UART5_IRQHandler
                0x080013d4                ADC3_IRQHandler
                0x080013d4                TIM4_IRQHandler
                0x080013d4                DMA2_Channel1_IRQHandler
                0x080013d4                QUADSPI_IRQHandler
                0x080013d4                I2C1_EV_IRQHandler
                0x080013d4                DMA1_Channel6_IRQHandler
                0x080013d4                UART4_IRQHandler
                0x080013d4                DMA2_Channel4_IRQHandler
                0x080013d4                TIM3_IRQHandler
                0x080013d4                RCC_IRQHandler
                0x080013d4                DMA1_Channel1_IRQHandler
                0x080013d4                Default_Handler
                0x080013d4                DMA2_Channel7_IRQHandler
                0x080013d4                EXTI15_10_IRQHandler
                0x080013d4                TIM7_IRQHandler
                0x080013d4                SDMMC1_IRQHandler
                0x080013d4                TIM5_IRQHandler
                0x080013d4                I2C3_EV_IRQHandler
                0x080013d4                EXTI9_5_IRQHandler
                0x080013d4                RTC_WKUP_IRQHandler
                0x080013d4                PVD_PVM_IRQHandler
                0x080013d4                SPI2_IRQHandler
                0x080013d4                CAN1_TX_IRQHandler
                0x080013d4                DMA2_Channel5_IRQHandler
                0x080013d4                DMA1_Channel5_IRQHandler
                0x080013d4                EXTI4_IRQHandler
                0x080013d4                RNG_IRQHandler
                0x080013d4                TIM1_TRG_COM_TIM17_IRQHandler
                0x080013d4                DMA1_Channel3_IRQHandler
                0x080013d4                COMP_IRQHandler
                0x080013d4                WWDG_IRQHandler
                0x080013d4                LPUART1_IRQHandler
                0x080013d4                DMA2_Channel6_IRQHandler
                0x080013d4                TIM2_IRQHandler
                0x080013d4                EXTI1_IRQHandler
                0x080013d4                USART2_IRQHandler
                0x080013d4                DFSDM1_FLT0_IRQHandler
                0x080013d4                I2C2_ER_IRQHandler
                0x080013d4                DMA1_Channel2_IRQHandler
                0x080013d4                TIM8_BRK_IRQHandler
                0x080013d4                CAN1_SCE_IRQHandler
                0x080013d4                FLASH_IRQHandler
                0x080013d4                USART1_IRQHandler
                0x080013d4                OTG_FS_IRQHandler
                0x080013d4                SPI3_IRQHandler
                0x080013d4                I2C1_ER_IRQHandler
                0x080013d4                FMC_IRQHandler
                0x080013d4                SWPMI1_IRQHandler
                0x080013d4                LPTIM1_IRQHandler
                0x080013d4                SAI1_IRQHandler
                0x080013d4                DMA2_Channel3_IRQHandler
                0x080013d4                TIM1_BRK_TIM15_IRQHandler
 *fill*         0x080013d6        0x2 
 .text.HAL_Init
                0x080013d8       0x40 ./Drivers/STM32L4xx_HAL_Driver/Src/stm32l4xx_hal.o
                0x080013d8                HAL_Init
 .text.HAL_InitTick
                0x08001418       0x78 ./Drivers/STM32L4xx_HAL_Driver/Src/stm32l4xx_hal.o
                0x08001418                HAL_InitTick
 .text.HAL_IncTick
                0x08001490       0x28 ./Drivers/STM32L4xx_HAL_Driver/Src/stm32l4xx_hal.o
                0x08001490                HAL_IncTick
 .text.HAL_GetTick
                0x080014b8       0x18 ./Drivers/STM32L4xx_HAL_Driver/Src/stm32l4xx_hal.o
                0x080014b8                HAL_GetTick
 .text.HAL_Delay
                0x080014d0       0x48 ./Drivers/STM32L4xx_HAL_Driver/Src/stm32l4xx_hal.o
                0x080014d0                HAL_Delay
 .text.__NVIC_SetPriorityGrouping
                0x08001518       0x48 ./Drivers/STM32L4xx_HAL_Driver/Src/stm32l4xx_hal_cortex.o
 .text.__NVIC_GetPriorityGrouping
                0x08001560       0x1c ./Drivers/STM32L4xx_HAL_Driver/Src/stm32l4xx_hal_cortex.o
 .text.__NVIC_SetPriority
                0x0800157c       0x54 ./Drivers/STM32L4xx_HAL_Driver/Src/stm32l4xx_hal_cortex.o
 .text.NVIC_EncodePriority
                0x080015d0       0x66 ./Drivers/STM32L4xx_HAL_Driver/Src/stm32l4xx_hal_cortex.o
 *fill*         0x08001636        0x2 
 .text.SysTick_Config
                0x08001638       0x44 ./Drivers/STM32L4xx_HAL_Driver/Src/stm32l4xx_hal_cortex.o
 .text.HAL_NVIC_SetPriorityGrouping
                0x0800167c       0x16 ./Drivers/STM32L4xx_HAL_Driver/Src/stm32l4xx_hal_cortex.o
                0x0800167c                HAL_NVIC_SetPriorityGrouping
 .text.HAL_NVIC_SetPriority
                0x08001692       0x38 ./Drivers/STM32L4xx_HAL_Driver/Src/stm32l4xx_hal_cortex.o
                0x08001692                HAL_NVIC_SetPriority
 .text.HAL_SYSTICK_Config
                0x080016ca       0x18 ./Drivers/STM32L4xx_HAL_Driver/Src/stm32l4xx_hal_cortex.o
                0x080016ca                HAL_SYSTICK_Config
 *fill*         0x080016e2        0x2 
 .text.HAL_GPIO_Init
                0x080016e4      0x354 ./Drivers/STM32L4xx_HAL_Driver/Src/stm32l4xx_hal_gpio.o
                0x080016e4                HAL_GPIO_Init
 .text.HAL_GPIO_WritePin
                0x08001a38       0x30 ./Drivers/STM32L4xx_HAL_Driver/Src/stm32l4xx_hal_gpio.o
                0x08001a38                HAL_GPIO_WritePin
 .text.HAL_PWREx_GetVoltageRange
                0x08001a68       0x1c ./Drivers/STM32L4xx_HAL_Driver/Src/stm32l4xx_hal_pwr_ex.o
                0x08001a68                HAL_PWREx_GetVoltageRange
 .text.HAL_PWREx_ControlVoltageScaling
                0x08001a84       0xac ./Drivers/STM32L4xx_HAL_Driver/Src/stm32l4xx_hal_pwr_ex.o
                0x08001a84                HAL_PWREx_ControlVoltageScaling
 .text.HAL_RCC_OscConfig
                0x08001b30      0x7b8 ./Drivers/STM32L4xx_HAL_Driver/Src/stm32l4xx_hal_rcc.o
                0x08001b30                HAL_RCC_OscConfig
 .text.HAL_RCC_ClockConfig
                0x080022e8      0x200 ./Drivers/STM32L4xx_HAL_Driver/Src/stm32l4xx_hal_rcc.o
                0x080022e8                HAL_RCC_ClockConfig
 .text.HAL_RCC_GetSysClockFreq
                0x080024e8      0x118 ./Drivers/STM32L4xx_HAL_Driver/Src/stm32l4xx_hal_rcc.o
                0x080024e8                HAL_RCC_GetSysClockFreq
 .text.HAL_RCC_GetHCLKFreq
                0x08002600       0x18 ./Drivers/STM32L4xx_HAL_Driver/Src/stm32l4xx_hal_rcc.o
                0x08002600                HAL_RCC_GetHCLKFreq
 .text.HAL_RCC_GetPCLK1Freq
                0x08002618       0x2c ./Drivers/STM32L4xx_HAL_Driver/Src/stm32l4xx_hal_rcc.o
                0x08002618                HAL_RCC_GetPCLK1Freq
 .text.HAL_RCC_GetPCLK2Freq
                0x08002644       0x2c ./Drivers/STM32L4xx_HAL_Driver/Src/stm32l4xx_hal_rcc.o
                0x08002644                HAL_RCC_GetPCLK2Freq
 .text.RCC_SetFlashLatencyFromMSIRange
                0x08002670       0xc0 ./Drivers/STM32L4xx_HAL_Driver/Src/stm32l4xx_hal_rcc.o
 .text.HAL_RCCEx_PeriphCLKConfig
                0x08002730      0x5d4 ./Drivers/STM32L4xx_HAL_Driver/Src/stm32l4xx_hal_rcc_ex.o
                0x08002730                HAL_RCCEx_PeriphCLKConfig
 .text.RCCEx_PLLSAI1_Config
                0x08002d04      0x1e8 ./Drivers/STM32L4xx_HAL_Driver/Src/stm32l4xx_hal_rcc_ex.o
 .text.RCCEx_PLLSAI2_Config
                0x08002eec      0x1bc ./Drivers/STM32L4xx_HAL_Driver/Src/stm32l4xx_hal_rcc_ex.o
 .text.HAL_SPI_Init
                0x080030a8      0x146 ./Drivers/STM32L4xx_HAL_Driver/Src/stm32l4xx_hal_spi.o
                0x080030a8                HAL_SPI_Init
 .text.HAL_TIM_Base_Init
                0x080031ee       0xae ./Drivers/STM32L4xx_HAL_Driver/Src/stm32l4xx_hal_tim.o
                0x080031ee                HAL_TIM_Base_Init
 .text.HAL_TIM_PWM_Start
                0x0800329c      0x20c ./Drivers/STM32L4xx_HAL_Driver/Src/stm32l4xx_hal_tim.o
                0x0800329c                HAL_TIM_PWM_Start
 .text.HAL_TIM_PWM_ConfigChannel
                0x080034a8      0x228 ./Drivers/STM32L4xx_HAL_Driver/Src/stm32l4xx_hal_tim.o
                0x080034a8                HAL_TIM_PWM_ConfigChannel
 .text.TIM_Base_SetConfig
                0x080036d0      0x140 ./Drivers/STM32L4xx_HAL_Driver/Src/stm32l4xx_hal_tim.o
                0x080036d0                TIM_Base_SetConfig
 .text.TIM_OC1_SetConfig
                0x08003810      0x124 ./Drivers/STM32L4xx_HAL_Driver/Src/stm32l4xx_hal_tim.o
 .text.TIM_OC2_SetConfig
                0x08003934      0x118 ./Drivers/STM32L4xx_HAL_Driver/Src/stm32l4xx_hal_tim.o
                0x08003934                TIM_OC2_SetConfig
 .text.TIM_OC3_SetConfig
                0x08003a4c      0x114 ./Drivers/STM32L4xx_HAL_Driver/Src/stm32l4xx_hal_tim.o
 .text.TIM_OC4_SetConfig
                0x08003b60       0xd4 ./Drivers/STM32L4xx_HAL_Driver/Src/stm32l4xx_hal_tim.o
 .text.TIM_OC5_SetConfig
                0x08003c34       0xc8 ./Drivers/STM32L4xx_HAL_Driver/Src/stm32l4xx_hal_tim.o
 .text.TIM_OC6_SetConfig
                0x08003cfc       0xcc ./Drivers/STM32L4xx_HAL_Driver/Src/stm32l4xx_hal_tim.o
 .text.TIM_CCxChannelCmd
                0x08003dc8       0x4a ./Drivers/STM32L4xx_HAL_Driver/Src/stm32l4xx_hal_tim.o
                0x08003dc8                TIM_CCxChannelCmd
 *fill*         0x08003e12        0x2 
 .text.HAL_TIMEx_MasterConfigSynchronization
                0x08003e14      0x110 ./Drivers/STM32L4xx_HAL_Driver/Src/stm32l4xx_hal_tim_ex.o
                0x08003e14                HAL_TIMEx_MasterConfigSynchronization
 .text.HAL_UART_Init
                0x08003f24       0x9c ./Drivers/STM32L4xx_HAL_Driver/Src/stm32l4xx_hal_uart.o
                0x08003f24                HAL_UART_Init
 .text.UART_SetConfig
                0x08003fc0      0x570 ./Drivers/STM32L4xx_HAL_Driver/Src/stm32l4xx_hal_uart.o
                0x08003fc0                UART_SetConfig
 .text.UART_AdvFeatureConfig
                0x08004530      0x144 ./Drivers/STM32L4xx_HAL_Driver/Src/stm32l4xx_hal_uart.o
                0x08004530                UART_AdvFeatureConfig
 .text.UART_CheckIdleState
                0x08004674      0x150 ./Drivers/STM32L4xx_HAL_Driver/Src/stm32l4xx_hal_uart.o
                0x08004674                UART_CheckIdleState
 .text.UART_WaitOnFlagUntilTimeout
                0x080047c4       0xda ./Drivers/STM32L4xx_HAL_Driver/Src/stm32l4xx_hal_uart.o
                0x080047c4                UART_WaitOnFlagUntilTimeout
 .text.UART_EndRxTransfer
                0x0800489e       0xc8 ./Drivers/STM32L4xx_HAL_Driver/Src/stm32l4xx_hal_uart.o
 *fill*         0x08004966        0x2 
 .text.System_Init
                0x08004968       0x14 ./User/Config/DEV_Config.o
                0x08004968                System_Init
 .text.PWM_SetValue
                0x0800497c       0x3c ./User/Config/DEV_Config.o
                0x0800497c                PWM_SetValue
 .text.SPI4W_Write_Byte
                0x080049b8       0x74 ./User/Config/DEV_Config.o
                0x080049b8                SPI4W_Write_Byte
 .text.Driver_Delay_ms
                0x08004a2c       0x16 ./User/Config/DEV_Config.o
                0x08004a2c                Driver_Delay_ms
 .text.LCD_Reset
                0x08004a42       0x4a ./User/LCD/LCD_Driver.o
 .text.LCD_SetBackLight
                0x08004a8c       0x1a ./User/LCD/LCD_Driver.o
 *fill*         0x08004aa6        0x2 
 .text.LCD_WriteReg
                0x08004aa8       0x40 ./User/LCD/LCD_Driver.o
                0x08004aa8                LCD_WriteReg
 .text.LCD_WriteData
                0x08004ae8       0x4c ./User/LCD/LCD_Driver.o
                0x08004ae8                LCD_WriteData
 .text.LCD_Write_AllData
                0x08004b34       0x68 ./User/LCD/LCD_Driver.o
 .text.LCD_InitReg
                0x08004b9c      0x212 ./User/LCD/LCD_Driver.o
 *fill*         0x08004dae        0x2 
 .text.LCD_SetGramScanWay
                0x08004db0      0x104 ./User/LCD/LCD_Driver.o
                0x08004db0                LCD_SetGramScanWay
 .text.LCD_Init
                0x08004eb4       0x56 ./User/LCD/LCD_Driver.o
                0x08004eb4                LCD_Init
 .text.LCD_SetWindow
                0x08004f0a       0xa0 ./User/LCD/LCD_Driver.o
                0x08004f0a                LCD_SetWindow
 .text.LCD_SetCursor
                0x08004faa       0x24 ./User/LCD/LCD_Driver.o
                0x08004faa                LCD_SetCursor
 .text.LCD_SetColor
                0x08004fce       0x2c ./User/LCD/LCD_Driver.o
                0x08004fce                LCD_SetColor
 *fill*         0x08004ffa        0x2 
 .text.LCD_SetPointlColor
                0x08004ffc       0x4c ./User/LCD/LCD_Driver.o
                0x08004ffc                LCD_SetPointlColor
 .text.LCD_SetArealColor
                0x08005048       0x5a ./User/LCD/LCD_Driver.o
                0x08005048                LCD_SetArealColor
 *fill*         0x080050a2        0x2 
 .text.LCD_Clear
                0x080050a4       0x2c ./User/LCD/LCD_Driver.o
                0x080050a4                LCD_Clear
 .text.GUI_Swop
                0x080050d0       0x28 ./User/LCD/LCD_GUI.o
                0x080050d0                GUI_Swop
 .text.GUI_Clear
                0x080050f8       0x1a ./User/LCD/LCD_GUI.o
                0x080050f8                GUI_Clear
 *fill*         0x08005112        0x2 
 .text.GUI_DrawPoint
                0x08005114       0xf0 ./User/LCD/LCD_GUI.o
                0x08005114                GUI_DrawPoint
 .text.GUI_DrawLine
                0x08005204      0x18c ./User/LCD/LCD_GUI.o
                0x08005204                GUI_DrawLine
 .text.GUI_DrawRectangle
                0x08005390      0x108 ./User/LCD/LCD_GUI.o
                0x08005390                GUI_DrawRectangle
 .text.GUI_DrawCircle
                0x08005498      0x314 ./User/LCD/LCD_GUI.o
                0x08005498                GUI_DrawCircle
 .text.GUI_DisChar
                0x080057ac      0x15c ./User/LCD/LCD_GUI.o
                0x080057ac                GUI_DisChar
 .text.GUI_DisString_EN
                0x08005908       0xa4 ./User/LCD/LCD_GUI.o
                0x08005908                GUI_DisString_EN
 .text.GUI_DisNum
                0x080059ac      0x194 ./User/LCD/LCD_GUI.o
                0x080059ac                GUI_DisNum
 .text.GUI_Show
                0x08005b40      0x4c0 ./User/LCD/LCD_GUI.o
                0x08005b40                GUI_Show
 .text.std      0x08006000       0x6c E:/cubeIDE/STM32CubeIDE_2.1.0/STM32CubeIDE/plugins/com.st.stm32cube.ide.mcu.externaltools.gnu-tools-for-stm32.14.3.rel1.win32_1.0.100.202602081740/tools/bin/../lib/gcc/arm-none-eabi/14.3.1/../../../../arm-none-eabi/lib/thumb/v7e-m+fp/hard\libc_nano.a(libc_a-findfp.o)
 .text.stdio_exit_handler
                0x0800606c       0x18 E:/cubeIDE/STM32CubeIDE_2.1.0/STM32CubeIDE/plugins/com.st.stm32cube.ide.mcu.externaltools.gnu-tools-for-stm32.14.3.rel1.win32_1.0.100.202602081740/tools/bin/../lib/gcc/arm-none-eabi/14.3.1/../../../../arm-none-eabi/lib/thumb/v7e-m+fp/hard\libc_nano.a(libc_a-findfp.o)
 .text.cleanup_stdio
                0x08006084       0x40 E:/cubeIDE/STM32CubeIDE_2.1.0/STM32CubeIDE/plugins/com.st.stm32cube.ide.mcu.externaltools.gnu-tools-for-stm32.14.3.rel1.win32_1.0.100.202602081740/tools/bin/../lib/gcc/arm-none-eabi/14.3.1/../../../../arm-none-eabi/lib/thumb/v7e-m+fp/hard\libc_nano.a(libc_a-findfp.o)
 .text.global_stdio_init.part.0
                0x080060c4       0x40 E:/cubeIDE/STM32CubeIDE_2.1.0/STM32CubeIDE/plugins/com.st.stm32cube.ide.mcu.externaltools.gnu-tools-for-stm32.14.3.rel1.win32_1.0.100.202602081740/tools/bin/../lib/gcc/arm-none-eabi/14.3.1/../../../../arm-none-eabi/lib/thumb/v7e-m+fp/hard\libc_nano.a(libc_a-findfp.o)
 .text.__sfp_lock_acquire
                0x08006104        0xc E:/cubeIDE/STM32CubeIDE_2.1.0/STM32CubeIDE/plugins/com.st.stm32cube.ide.mcu.externaltools.gnu-tools-for-stm32.14.3.rel1.win32_1.0.100.202602081740/tools/bin/../lib/gcc/arm-none-eabi/14.3.1/../../../../arm-none-eabi/lib/thumb/v7e-m+fp/hard\libc_nano.a(libc_a-findfp.o)
                0x08006104                __sfp_lock_acquire
 .text.__sfp_lock_release
                0x08006110        0xc E:/cubeIDE/STM32CubeIDE_2.1.0/STM32CubeIDE/plugins/com.st.stm32cube.ide.mcu.externaltools.gnu-tools-for-stm32.14.3.rel1.win32_1.0.100.202602081740/tools/bin/../lib/gcc/arm-none-eabi/14.3.1/../../../../arm-none-eabi/lib/thumb/v7e-m+fp/hard\libc_nano.a(libc_a-findfp.o)
                0x08006110                __sfp_lock_release
 .text.__sinit  0x0800611c       0x30 E:/cubeIDE/STM32CubeIDE_2.1.0/STM32CubeIDE/plugins/com.st.stm32cube.ide.mcu.externaltools.gnu-tools-for-stm32.14.3.rel1.win32_1.0.100.202602081740/tools/bin/../lib/gcc/arm-none-eabi/14.3.1/../../../../arm-none-eabi/lib/thumb/v7e-m+fp/hard\libc_nano.a(libc_a-findfp.o)
                0x0800611c                __sinit
 .text._fwalk_sglue
                0x0800614c       0x3c E:/cubeIDE/STM32CubeIDE_2.1.0/STM32CubeIDE/plugins/com.st.stm32cube.ide.mcu.externaltools.gnu-tools-for-stm32.14.3.rel1.win32_1.0.100.202602081740/tools/bin/../lib/gcc/arm-none-eabi/14.3.1/../../../../arm-none-eabi/lib/thumb/v7e-m+fp/hard\libc_nano.a(libc_a-fwalk.o)
                0x0800614c                _fwalk_sglue
 .text._puts_r  0x08006188       0xaa E:/cubeIDE/STM32CubeIDE_2.1.0/STM32CubeIDE/plugins/com.st.stm32cube.ide.mcu.externaltools.gnu-tools-for-stm32.14.3.rel1.win32_1.0.100.202602081740/tools/bin/../lib/gcc/arm-none-eabi/14.3.1/../../../../arm-none-eabi/lib/thumb/v7e-m+fp/hard\libc_nano.a(libc_a-puts.o)
                0x08006188                _puts_r
 *fill*         0x08006232        0x2 
 .text.puts     0x08006234       0x10 E:/cubeIDE/STM32CubeIDE_2.1.0/STM32CubeIDE/plugins/com.st.stm32cube.ide.mcu.externaltools.gnu-tools-for-stm32.14.3.rel1.win32_1.0.100.202602081740/tools/bin/../lib/gcc/arm-none-eabi/14.3.1/../../../../arm-none-eabi/lib/thumb/v7e-m+fp/hard\libc_nano.a(libc_a-puts.o)
                0x08006234                puts
 .text.__sread  0x08006244       0x22 E:/cubeIDE/STM32CubeIDE_2.1.0/STM32CubeIDE/plugins/com.st.stm32cube.ide.mcu.externaltools.gnu-tools-for-stm32.14.3.rel1.win32_1.0.100.202602081740/tools/bin/../lib/gcc/arm-none-eabi/14.3.1/../../../../arm-none-eabi/lib/thumb/v7e-m+fp/hard\libc_nano.a(libc_a-stdio.o)
                0x08006244                __sread
 .text.__swrite
                0x08006266       0x38 E:/cubeIDE/STM32CubeIDE_2.1.0/STM32CubeIDE/plugins/com.st.stm32cube.ide.mcu.externaltools.gnu-tools-for-stm32.14.3.rel1.win32_1.0.100.202602081740/tools/bin/../lib/gcc/arm-none-eabi/14.3.1/../../../../arm-none-eabi/lib/thumb/v7e-m+fp/hard\libc_nano.a(libc_a-stdio.o)
                0x08006266                __swrite
 .text.__sseek  0x0800629e       0x26 E:/cubeIDE/STM32CubeIDE_2.1.0/STM32CubeIDE/plugins/com.st.stm32cube.ide.mcu.externaltools.gnu-tools-for-stm32.14.3.rel1.win32_1.0.100.202602081740/tools/bin/../lib/gcc/arm-none-eabi/14.3.1/../../../../arm-none-eabi/lib/thumb/v7e-m+fp/hard\libc_nano.a(libc_a-stdio.o)
                0x0800629e                __sseek
 .text.__sclose
                0x080062c4        0x8 E:/cubeIDE/STM32CubeIDE_2.1.0/STM32CubeIDE/plugins/com.st.stm32cube.ide.mcu.externaltools.gnu-tools-for-stm32.14.3.rel1.win32_1.0.100.202602081740/tools/bin/../lib/gcc/arm-none-eabi/14.3.1/../../../../arm-none-eabi/lib/thumb/v7e-m+fp/hard\libc_nano.a(libc_a-stdio.o)
                0x080062c4                __sclose
 .text.__swbuf_r
                0x080062cc       0x7c E:/cubeIDE/STM32CubeIDE_2.1.0/STM32CubeIDE/plugins/com.st.stm32cube.ide.mcu.externaltools.gnu-tools-for-stm32.14.3.rel1.win32_1.0.100.202602081740/tools/bin/../lib/gcc/arm-none-eabi/14.3.1/../../../../arm-none-eabi/lib/thumb/v7e-m+fp/hard\libc_nano.a(libc_a-wbuf.o)
                0x080062cc                __swbuf_r
 .text.__swsetup_r
                0x08006348       0xa8 E:/cubeIDE/STM32CubeIDE_2.1.0/STM32CubeIDE/plugins/com.st.stm32cube.ide.mcu.externaltools.gnu-tools-for-stm32.14.3.rel1.win32_1.0.100.202602081740/tools/bin/../lib/gcc/arm-none-eabi/14.3.1/../../../../arm-none-eabi/lib/thumb/v7e-m+fp/hard\libc_nano.a(libc_a-wsetup.o)
                0x08006348                __swsetup_r
 .text.memset   0x080063f0       0x10 E:/cubeIDE/STM32CubeIDE_2.1.0/STM32CubeIDE/plugins/com.st.stm32cube.ide.mcu.externaltools.gnu-tools-for-stm32.14.3.rel1.win32_1.0.100.202602081740/tools/bin/../lib/gcc/arm-none-eabi/14.3.1/../../../../arm-none-eabi/lib/thumb/v7e-m+fp/hard\libc_nano.a(libc_a-memset.o)
                0x080063f0                memset
 .text._close_r
                0x08006400       0x20 E:/cubeIDE/STM32CubeIDE_2.1.0/STM32CubeIDE/plugins/com.st.stm32cube.ide.mcu.externaltools.gnu-tools-for-stm32.14.3.rel1.win32_1.0.100.202602081740/tools/bin/../lib/gcc/arm-none-eabi/14.3.1/../../../../arm-none-eabi/lib/thumb/v7e-m+fp/hard\libc_nano.a(libc_a-closer.o)
                0x08006400                _close_r
 .text._lseek_r
                0x08006420       0x24 E:/cubeIDE/STM32CubeIDE_2.1.0/STM32CubeIDE/plugins/com.st.stm32cube.ide.mcu.externaltools.gnu-tools-for-stm32.14.3.rel1.win32_1.0.100.202602081740/tools/bin/../lib/gcc/arm-none-eabi/14.3.1/../../../../arm-none-eabi/lib/thumb/v7e-m+fp/hard\libc_nano.a(libc_a-lseekr.o)
                0x08006420                _lseek_r
 .text._read_r  0x08006444       0x24 E:/cubeIDE/STM32CubeIDE_2.1.0/STM32CubeIDE/plugins/com.st.stm32cube.ide.mcu.externaltools.gnu-tools-for-stm32.14.3.rel1.win32_1.0.100.202602081740/tools/bin/../lib/gcc/arm-none-eabi/14.3.1/../../../../arm-none-eabi/lib/thumb/v7e-m+fp/hard\libc_nano.a(libc_a-readr.o)
                0x08006444                _read_r
 .text._write_r
                0x08006468       0x24 E:/cubeIDE/STM32CubeIDE_2.1.0/STM32CubeIDE/plugins/com.st.stm32cube.ide.mcu.externaltools.gnu-tools-for-stm32.14.3.rel1.win32_1.0.100.202602081740/tools/bin/../lib/gcc/arm-none-eabi/14.3.1/../../../../arm-none-eabi/lib/thumb/v7e-m+fp/hard\libc_nano.a(libc_a-writer.o)
                0x08006468                _write_r
 .text.__errno  0x0800648c        0xc E:/cubeIDE/STM32CubeIDE_2.1.0/STM32CubeIDE/plugins/com.st.stm32cube.ide.mcu.externaltools.gnu-tools-for-stm32.14.3.rel1.win32_1.0.100.202602081740/tools/bin/../lib/gcc/arm-none-eabi/14.3.1/../../../../arm-none-eabi/lib/thumb/v7e-m+fp/hard\libc_nano.a(libc_a-errno.o)
                0x0800648c                __errno
 .text.__libc_init_array
                0x08006498       0x48 E:/cubeIDE/STM32CubeIDE_2.1.0/STM32CubeIDE/plugins/com.st.stm32cube.ide.mcu.externaltools.gnu-tools-for-stm32.14.3.rel1.win32_1.0.100.202602081740/tools/bin/../lib/gcc/arm-none-eabi/14.3.1/../../../../arm-none-eabi/lib/thumb/v7e-m+fp/hard\libc_nano.a(libc_a-init.o)
                0x08006498                __libc_init_array
 .text.__retarget_lock_init_recursive
                0x080064e0        0x2 E:/cubeIDE/STM32CubeIDE_2.1.0/STM32CubeIDE/plugins/com.st.stm32cube.ide.mcu.externaltools.gnu-tools-for-stm32.14.3.rel1.win32_1.0.100.202602081740/tools/bin/../lib/gcc/arm-none-eabi/14.3.1/../../../../arm-none-eabi/lib/thumb/v7e-m+fp/hard\libc_nano.a(libc_a-lock.o)
                0x080064e0                __retarget_lock_init_recursive
 .text.__retarget_lock_acquire_recursive
                0x080064e2        0x2 E:/cubeIDE/STM32CubeIDE_2.1.0/STM32CubeIDE/plugins/com.st.stm32cube.ide.mcu.externaltools.gnu-tools-for-stm32.14.3.rel1.win32_1.0.100.202602081740/tools/bin/../lib/gcc/arm-none-eabi/14.3.1/../../../../arm-none-eabi/lib/thumb/v7e-m+fp/hard\libc_nano.a(libc_a-lock.o)
                0x080064e2                __retarget_lock_acquire_recursive
 .text.__retarget_lock_release_recursive
                0x080064e4        0x2 E:/cubeIDE/STM32CubeIDE_2.1.0/STM32CubeIDE/plugins/com.st.stm32cube.ide.mcu.externaltools.gnu-tools-for-stm32.14.3.rel1.win32_1.0.100.202602081740/tools/bin/../lib/gcc/arm-none-eabi/14.3.1/../../../../arm-none-eabi/lib/thumb/v7e-m+fp/hard\libc_nano.a(libc_a-lock.o)
                0x080064e4                __retarget_lock_release_recursive
 *fill*         0x080064e6        0x2 
 .text._free_r  0x080064e8       0x94 E:/cubeIDE/STM32CubeIDE_2.1.0/STM32CubeIDE/plugins/com.st.stm32cube.ide.mcu.externaltools.gnu-tools-for-stm32.14.3.rel1.win32_1.0.100.202602081740/tools/bin/../lib/gcc/arm-none-eabi/14.3.1/../../../../arm-none-eabi/lib/thumb/v7e-m+fp/hard\libc_nano.a(libc_a-freer.o)
                0x080064e8                _free_r
 .text.sbrk_aligned
                0x0800657c       0x44 E:/cubeIDE/STM32CubeIDE_2.1.0/STM32CubeIDE/plugins/com.st.stm32cube.ide.mcu.externaltools.gnu-tools-for-stm32.14.3.rel1.win32_1.0.100.202602081740/tools/bin/../lib/gcc/arm-none-eabi/14.3.1/../../../../arm-none-eabi/lib/thumb/v7e-m+fp/hard\libc_nano.a(libc_a-mallocr.o)
 .text._malloc_r
                0x080065c0      0x100 E:/cubeIDE/STM32CubeIDE_2.1.0/STM32CubeIDE/plugins/com.st.stm32cube.ide.mcu.externaltools.gnu-tools-for-stm32.14.3.rel1.win32_1.0.100.202602081740/tools/bin/../lib/gcc/arm-none-eabi/14.3.1/../../../../arm-none-eabi/lib/thumb/v7e-m+fp/hard\libc_nano.a(libc_a-mallocr.o)
                0x080065c0                _malloc_r
 .text.__malloc_lock
                0x080066c0        0xc E:/cubeIDE/STM32CubeIDE_2.1.0/STM32CubeIDE/plugins/com.st.stm32cube.ide.mcu.externaltools.gnu-tools-for-stm32.14.3.rel1.win32_1.0.100.202602081740/tools/bin/../lib/gcc/arm-none-eabi/14.3.1/../../../../arm-none-eabi/lib/thumb/v7e-m+fp/hard\libc_nano.a(libc_a-mlock.o)
                0x080066c0                __malloc_lock
 .text.__malloc_unlock
                0x080066cc        0xc E:/cubeIDE/STM32CubeIDE_2.1.0/STM32CubeIDE/plugins/com.st.stm32cube.ide.mcu.externaltools.gnu-tools-for-stm32.14.3.rel1.win32_1.0.100.202602081740/tools/bin/../lib/gcc/arm-none-eabi/14.3.1/../../../../arm-none-eabi/lib/thumb/v7e-m+fp/hard\libc_nano.a(libc_a-mlock.o)
                0x080066cc                __malloc_unlock
 .text.__sflush_r
                0x080066d8      0x104 E:/cubeIDE/STM32CubeIDE_2.1.0/STM32CubeIDE/plugins/com.st.stm32cube.ide.mcu.externaltools.gnu-tools-for-stm32.14.3.rel1.win32_1.0.100.202602081740/tools/bin/../lib/gcc/arm-none-eabi/14.3.1/../../../../arm-none-eabi/lib/thumb/v7e-m+fp/hard\libc_nano.a(libc_a-fflush.o)
                0x080066d8                __sflush_r
 .text._fflush_r
                0x080067dc       0x50 E:/cubeIDE/STM32CubeIDE_2.1.0/STM32CubeIDE/plugins/com.st.stm32cube.ide.mcu.externaltools.gnu-tools-for-stm32.14.3.rel1.win32_1.0.100.202602081740/tools/bin/../lib/gcc/arm-none-eabi/14.3.1/../../../../arm-none-eabi/lib/thumb/v7e-m+fp/hard\libc_nano.a(libc_a-fflush.o)
                0x080067dc                _fflush_r
 .text.__swhatbuf_r
                0x0800682c       0x48 E:/cubeIDE/STM32CubeIDE_2.1.0/STM32CubeIDE/plugins/com.st.stm32cube.ide.mcu.externaltools.gnu-tools-for-stm32.14.3.rel1.win32_1.0.100.202602081740/tools/bin/../lib/gcc/arm-none-eabi/14.3.1/../../../../arm-none-eabi/lib/thumb/v7e-m+fp/hard\libc_nano.a(libc_a-makebuf.o)
                0x0800682c                __swhatbuf_r
 .text.__smakebuf_r
                0x08006874       0x72 E:/cubeIDE/STM32CubeIDE_2.1.0/STM32CubeIDE/plugins/com.st.stm32cube.ide.mcu.externaltools.gnu-tools-for-stm32.14.3.rel1.win32_1.0.100.202602081740/tools/bin/../lib/gcc/arm-none-eabi/14.3.1/../../../../arm-none-eabi/lib/thumb/v7e-m+fp/hard\libc_nano.a(libc_a-makebuf.o)
                0x08006874                __smakebuf_r
 *fill*         0x080068e6        0x2 
 .text._fstat_r
                0x080068e8       0x24 E:/cubeIDE/STM32CubeIDE_2.1.0/STM32CubeIDE/plugins/com.st.stm32cube.ide.mcu.externaltools.gnu-tools-for-stm32.14.3.rel1.win32_1.0.100.202602081740/tools/bin/../lib/gcc/arm-none-eabi/14.3.1/../../../../arm-none-eabi/lib/thumb/v7e-m+fp/hard\libc_nano.a(libc_a-fstatr.o)
                0x080068e8                _fstat_r
 .text._isatty_r
                0x0800690c       0x20 E:/cubeIDE/STM32CubeIDE_2.1.0/STM32CubeIDE/plugins/com.st.stm32cube.ide.mcu.externaltools.gnu-tools-for-stm32.14.3.rel1.win32_1.0.100.202602081740/tools/bin/../lib/gcc/arm-none-eabi/14.3.1/../../../../arm-none-eabi/lib/thumb/v7e-m+fp/hard\libc_nano.a(libc_a-isattyr.o)
                0x0800690c                _isatty_r
 .text._sbrk_r  0x0800692c       0x20 E:/cubeIDE/STM32CubeIDE_2.1.0/STM32CubeIDE/plugins/com.st.stm32cube.ide.mcu.externaltools.gnu-tools-for-stm32.14.3.rel1.win32_1.0.100.202602081740/tools/bin/../lib/gcc/arm-none-eabi/14.3.1/../../../../arm-none-eabi/lib/thumb/v7e-m+fp/hard\libc_nano.a(libc_a-sbrkr.o)
                0x0800692c                _sbrk_r
 *(.glue_7)
 .glue_7        0x0800694c        0x0 linker stubs
 *(.glue_7t)
 .glue_7t       0x0800694c        0x0 linker stubs
 *(.eh_frame)
 .eh_frame      0x0800694c        0x0 E:/cubeIDE/STM32CubeIDE_2.1.0/STM32CubeIDE/plugins/com.st.stm32cube.ide.mcu.externaltools.gnu-tools-for-stm32.14.3.rel1.win32_1.0.100.202602081740/tools/bin/../lib/gcc/arm-none-eabi/14.3.1/thumb/v7e-m+fp/hard/crtbegin.o
 *(.init)
 .init          0x0800694c        0x4 E:/cubeIDE/STM32CubeIDE_2.1.0/STM32CubeIDE/plugins/com.st.stm32cube.ide.mcu.externaltools.gnu-tools-for-stm32.14.3.rel1.win32_1.0.100.202602081740/tools/bin/../lib/gcc/arm-none-eabi/14.3.1/thumb/v7e-m+fp/hard/crti.o
                0x0800694c                _init
 .init          0x08006950        0x8 E:/cubeIDE/STM32CubeIDE_2.1.0/STM32CubeIDE/plugins/com.st.stm32cube.ide.mcu.externaltools.gnu-tools-for-stm32.14.3.rel1.win32_1.0.100.202602081740/tools/bin/../lib/gcc/arm-none-eabi/14.3.1/thumb/v7e-m+fp/hard/crtn.o
 *(.fini)
 .fini          0x08006958        0x4 E:/cubeIDE/STM32CubeIDE_2.1.0/STM32CubeIDE/plugins/com.st.stm32cube.ide.mcu.externaltools.gnu-tools-for-stm32.14.3.rel1.win32_1.0.100.202602081740/tools/bin/../lib/gcc/arm-none-eabi/14.3.1/thumb/v7e-m+fp/hard/crti.o
                0x08006958                _fini
 .fini          0x0800695c        0x8 E:/cubeIDE/STM32CubeIDE_2.1.0/STM32CubeIDE/plugins/com.st.stm32cube.ide.mcu.externaltools.gnu-tools-for-stm32.14.3.rel1.win32_1.0.100.202602081740/tools/bin/../lib/gcc/arm-none-eabi/14.3.1/thumb/v7e-m+fp/hard/crtn.o
                0x08006964                        . = ALIGN (0x4)
                0x08006964                        _etext = .

.vfp11_veneer   0x08006964        0x0
 .vfp11_veneer  0x08006964        0x0 linker stubs

.v4_bx          0x08006964        0x0
 .v4_bx         0x08006964        0x0 linker stubs

.iplt           0x08006964        0x0
 .iplt          0x08006964        0x0 E:/cubeIDE/STM32CubeIDE_2.1.0/STM32CubeIDE/plugins/com.st.stm32cube.ide.mcu.externaltools.gnu-tools-for-stm32.14.3.rel1.win32_1.0.100.202602081740/tools/bin/../lib/gcc/arm-none-eabi/14.3.1/thumb/v7e-m+fp/hard/crtbegin.o

.rodata         0x08006964     0x35fc
                0x08006964                        . = ALIGN (0x4)
 *(.rodata)
 .rodata        0x08006964        0xf ./User/Config/DEV_Config.o
 *fill*         0x08006973        0x1 
 .rodata        0x08006974       0x33 ./User/LCD/LCD_GUI.o
 *(.rodata*)
 *fill*         0x080069a7        0x1 
 .rodata.AHBPrescTable
                0x080069a8       0x10 ./Core/Src/system_stm32l4xx.o
                0x080069a8                AHBPrescTable
 .rodata.APBPrescTable
                0x080069b8        0x8 ./Core/Src/system_stm32l4xx.o
                0x080069b8                APBPrescTable
 .rodata.MSIRangeTable
                0x080069c0       0x30 ./Core/Src/system_stm32l4xx.o
                0x080069c0                MSIRangeTable
 .rodata.Font16_Table
                0x080069f0      0xbe0 ./User/Fonts/font16.o
                0x080069f0                Font16_Table
 .rodata.Font20_Table
                0x080075d0      0xed8 ./User/Fonts/font20.o
                0x080075d0                Font20_Table
 .rodata.Font24_Table
                0x080084a8     0x1ab8 ./User/Fonts/font24.o
                0x080084a8                Font24_Table
                0x08009f60                        . = ALIGN (0x4)

.ARM.extab      0x08009f60        0x0
                0x08009f60                        . = ALIGN (0x4)
 *(.ARM.extab* .gnu.linkonce.armextab.*)
                0x08009f60                        . = ALIGN (0x4)

.ARM            0x08009f60        0x8
                0x08009f60                        . = ALIGN (0x4)
                0x08009f60                        __exidx_start = .
 *(.ARM.exidx*)
 .ARM.exidx     0x08009f60        0x8 E:/cubeIDE/STM32CubeIDE_2.1.0/STM32CubeIDE/plugins/com.st.stm32cube.ide.mcu.externaltools.gnu-tools-for-stm32.14.3.rel1.win32_1.0.100.202602081740/tools/bin/../lib/gcc/arm-none-eabi/14.3.1/thumb/v7e-m+fp/hard\libgcc.a(_udivmoddi4.o)
                0x08009f68                        __exidx_end = .
                0x08009f68                        . = ALIGN (0x4)

.preinit_array  0x08009f68        0x0
                0x08009f68                        . = ALIGN (0x4)
                0x08009f68                        PROVIDE (__preinit_array_start = .)
 *(.preinit_array*)
                0x08009f68                        PROVIDE (__preinit_array_end = .)
                0x08009f68                        . = ALIGN (0x4)

.init_array     0x08009f68        0x4
                0x08009f68                        . = ALIGN (0x4)
                0x08009f68                        PROVIDE (__init_array_start = .)
 *(SORT_BY_NAME(.init_array.*))
 *(.init_array*)
 .init_array    0x08009f68        0x4 E:/cubeIDE/STM32CubeIDE_2.1.0/STM32CubeIDE/plugins/com.st.stm32cube.ide.mcu.externaltools.gnu-tools-for-stm32.14.3.rel1.win32_1.0.100.202602081740/tools/bin/../lib/gcc/arm-none-eabi/14.3.1/thumb/v7e-m+fp/hard/crtbegin.o
                0x08009f6c                        PROVIDE (__init_array_end = .)
                0x08009f6c                        . = ALIGN (0x4)

.fini_array     0x08009f6c        0x4
                0x08009f6c                        . = ALIGN (0x4)
                [!provide]                        PROVIDE (__fini_array_start = .)
 *(SORT_BY_NAME(.fini_array.*))
 *(.fini_array*)
 .fini_array    0x08009f6c        0x4 E:/cubeIDE/STM32CubeIDE_2.1.0/STM32CubeIDE/plugins/com.st.stm32cube.ide.mcu.externaltools.gnu-tools-for-stm32.14.3.rel1.win32_1.0.100.202602081740/tools/bin/../lib/gcc/arm-none-eabi/14.3.1/thumb/v7e-m+fp/hard/crtbegin.o
                [!provide]                        PROVIDE (__fini_array_end = .)
                0x08009f70                        . = ALIGN (0x4)
                0x08009f70                        _sidata = LOADADDR (.data)

.rel.dyn        0x08009f70        0x0
 .rel.iplt      0x08009f70        0x0 E:/cubeIDE/STM32CubeIDE_2.1.0/STM32CubeIDE/plugins/com.st.stm32cube.ide.mcu.externaltools.gnu-tools-for-stm32.14.3.rel1.win32_1.0.100.202602081740/tools/bin/../lib/gcc/arm-none-eabi/14.3.1/thumb/v7e-m+fp/hard/crtbegin.o

.data           0x20000000       0xd0 load address 0x08009f70
                0x20000000                        . = ALIGN (0x4)
                0x20000000                        _sdata = .
 *(.data)
 *(.data*)
 .data.wifi_connectrion_str
                0x20000000       0x11 ./Core/Src/main.o
                0x20000000                wifi_connectrion_str
 *fill*         0x20000011        0x3 
 .data.temperature_str
                0x20000014        0xd ./Core/Src/main.o
                0x20000014                temperature_str
 *fill*         0x20000021        0x3 
 .data.humidity_str
                0x20000024        0xa ./Core/Src/main.o
                0x20000024                humidity_str
 *fill*         0x2000002e        0x2 
 .data.light_sensor_str
                0x20000030       0x11 ./Core/Src/main.o
                0x20000030                light_sensor_str
 *fill*         0x20000041        0x3 
 .data.pressure_str
                0x20000044        0xa ./Core/Src/main.o
                0x20000044                pressure_str
 *fill*         0x2000004e        0x2 
 .data.SystemCoreClock
                0x20000050        0x4 ./Core/Src/system_stm32l4xx.o
                0x20000050                SystemCoreClock
 .data.uwTickPrio
                0x20000054        0x4 ./Drivers/STM32L4xx_HAL_Driver/Src/stm32l4xx_hal.o
                0x20000054                uwTickPrio
 .data.uwTickFreq
                0x20000058        0x1 ./Drivers/STM32L4xx_HAL_Driver/Src/stm32l4xx_hal.o
                0x20000058                uwTickFreq
 *fill*         0x20000059        0x3 
 .data.Font16   0x2000005c        0x8 ./User/Fonts/font16.o
                0x2000005c                Font16
 .data.Font20   0x20000064        0x8 ./User/Fonts/font20.o
                0x20000064                Font20
 .data.Font24   0x2000006c        0x8 ./User/Fonts/font24.o
                0x2000006c                Font24
 .data.__sglue  0x20000074        0xc E:/cubeIDE/STM32CubeIDE_2.1.0/STM32CubeIDE/plugins/com.st.stm32cube.ide.mcu.externaltools.gnu-tools-for-stm32.14.3.rel1.win32_1.0.100.202602081740/tools/bin/../lib/gcc/arm-none-eabi/14.3.1/../../../../arm-none-eabi/lib/thumb/v7e-m+fp/hard\libc_nano.a(libc_a-findfp.o)
                0x20000074                __sglue
 .data._impure_ptr
                0x20000080        0x4 E:/cubeIDE/STM32CubeIDE_2.1.0/STM32CubeIDE/plugins/com.st.stm32cube.ide.mcu.externaltools.gnu-tools-for-stm32.14.3.rel1.win32_1.0.100.202602081740/tools/bin/../lib/gcc/arm-none-eabi/14.3.1/../../../../arm-none-eabi/lib/thumb/v7e-m+fp/hard\libc_nano.a(libc_a-impure.o)
                0x20000080                _impure_ptr
 .data._impure_data
                0x20000084       0x4c E:/cubeIDE/STM32CubeIDE_2.1.0/STM32CubeIDE/plugins/com.st.stm32cube.ide.mcu.externaltools.gnu-tools-for-stm32.14.3.rel1.win32_1.0.100.202602081740/tools/bin/../lib/gcc/arm-none-eabi/14.3.1/../../../../arm-none-eabi/lib/thumb/v7e-m+fp/hard\libc_nano.a(libc_a-impure.o)
                0x20000084                _impure_data
 *(.RamFunc)
 *(.RamFunc*)
                0x200000d0                        . = ALIGN (0x4)
                0x200000d0                        _edata = .

.igot.plt       0x200000d0        0x0 load address 0x0800a040
 .igot.plt      0x200000d0        0x0 E:/cubeIDE/STM32CubeIDE_2.1.0/STM32CubeIDE/plugins/com.st.stm32cube.ide.mcu.externaltools.gnu-tools-for-stm32.14.3.rel1.win32_1.0.100.202602081740/tools/bin/../lib/gcc/arm-none-eabi/14.3.1/thumb/v7e-m+fp/hard/crtbegin.o
                0x200000d0                        . = ALIGN (0x4)

.bss            0x200000d0      0x2bc load address 0x0800a040
                0x200000d0                        _sbss = .
                0x200000d0                        __bss_start__ = _sbss
 *(.bss)
 .bss           0x200000d0       0x1c E:/cubeIDE/STM32CubeIDE_2.1.0/STM32CubeIDE/plugins/com.st.stm32cube.ide.mcu.externaltools.gnu-tools-for-stm32.14.3.rel1.win32_1.0.100.202602081740/tools/bin/../lib/gcc/arm-none-eabi/14.3.1/thumb/v7e-m+fp/hard/crtbegin.o
 *(.bss*)
 .bss.ticks     0x200000ec        0x4 ./Core/Src/main.o
                0x200000ec                ticks
 .bss.y_pos     0x200000f0        0x2 ./Core/Src/main.o
                0x200000f0                y_pos
 *fill*         0x200000f2        0x2 
 .bss.hspi1     0x200000f4       0x64 ./Core/Src/spi.o
                0x200000f4                hspi1
 .bss.__sbrk_heap_end
                0x20000158        0x4 ./Core/Src/sysmem.o
 .bss.htim6     0x2000015c       0x4c ./Core/Src/tim.o
                0x2000015c                htim6
 .bss.huart2    0x200001a8       0x88 ./Core/Src/usart.o
                0x200001a8                huart2
 .bss.uwTick    0x20000230        0x4 ./Drivers/STM32L4xx_HAL_Driver/Src/stm32l4xx_hal.o
                0x20000230                uwTick
 .bss.sLCD_DIS  0x20000234        0xa ./User/LCD/LCD_Driver.o
                0x20000234                sLCD_DIS
 *fill*         0x2000023e        0x2 
 .bss.__sf      0x20000240      0x138 E:/cubeIDE/STM32CubeIDE_2.1.0/STM32CubeIDE/plugins/com.st.stm32cube.ide.mcu.externaltools.gnu-tools-for-stm32.14.3.rel1.win32_1.0.100.202602081740/tools/bin/../lib/gcc/arm-none-eabi/14.3.1/../../../../arm-none-eabi/lib/thumb/v7e-m+fp/hard\libc_nano.a(libc_a-findfp.o)
                0x20000240                __sf
 .bss.__stdio_exit_handler
                0x20000378        0x4 E:/cubeIDE/STM32CubeIDE_2.1.0/STM32CubeIDE/plugins/com.st.stm32cube.ide.mcu.externaltools.gnu-tools-for-stm32.14.3.rel1.win32_1.0.100.202602081740/tools/bin/../lib/gcc/arm-none-eabi/14.3.1/../../../../arm-none-eabi/lib/thumb/v7e-m+fp/hard\libc_nano.a(libc_a-findfp.o)
                0x20000378                __stdio_exit_handler
 .bss.errno     0x2000037c        0x4 E:/cubeIDE/STM32CubeIDE_2.1.0/STM32CubeIDE/plugins/com.st.stm32cube.ide.mcu.externaltools.gnu-tools-for-stm32.14.3.rel1.win32_1.0.100.202602081740/tools/bin/../lib/gcc/arm-none-eabi/14.3.1/../../../../arm-none-eabi/lib/thumb/v7e-m+fp/hard\libc_nano.a(libc_a-reent.o)
                0x2000037c                errno
 .bss.__lock___malloc_recursive_mutex
                0x20000380        0x1 E:/cubeIDE/STM32CubeIDE_2.1.0/STM32CubeIDE/plugins/com.st.stm32cube.ide.mcu.externaltools.gnu-tools-for-stm32.14.3.rel1.win32_1.0.100.202602081740/tools/bin/../lib/gcc/arm-none-eabi/14.3.1/../../../../arm-none-eabi/lib/thumb/v7e-m+fp/hard\libc_nano.a(libc_a-lock.o)
                0x20000380                __lock___malloc_recursive_mutex
 .bss.__lock___sfp_recursive_mutex
                0x20000381        0x1 E:/cubeIDE/STM32CubeIDE_2.1.0/STM32CubeIDE/plugins/com.st.stm32cube.ide.mcu.externaltools.gnu-tools-for-stm32.14.3.rel1.win32_1.0.100.202602081740/tools/bin/../lib/gcc/arm-none-eabi/14.3.1/../../../../arm-none-eabi/lib/thumb/v7e-m+fp/hard\libc_nano.a(libc_a-lock.o)
                0x20000381                __lock___sfp_recursive_mutex
 *fill*         0x20000382        0x2 
 .bss.__malloc_sbrk_start
                0x20000384        0x4 E:/cubeIDE/STM32CubeIDE_2.1.0/STM32CubeIDE/plugins/com.st.stm32cube.ide.mcu.externaltools.gnu-tools-for-stm32.14.3.rel1.win32_1.0.100.202602081740/tools/bin/../lib/gcc/arm-none-eabi/14.3.1/../../../../arm-none-eabi/lib/thumb/v7e-m+fp/hard\libc_nano.a(libc_a-mallocr.o)
                0x20000384                __malloc_sbrk_start
 .bss.__malloc_free_list
                0x20000388        0x4 E:/cubeIDE/STM32CubeIDE_2.1.0/STM32CubeIDE/plugins/com.st.stm32cube.ide.mcu.externaltools.gnu-tools-for-stm32.14.3.rel1.win32_1.0.100.202602081740/tools/bin/../lib/gcc/arm-none-eabi/14.3.1/../../../../arm-none-eabi/lib/thumb/v7e-m+fp/hard\libc_nano.a(libc_a-mallocr.o)
                0x20000388                __malloc_free_list
 *(COMMON)
                0x2000038c                        . = ALIGN (0x4)
                0x2000038c                        _ebss = .
                0x2000038c                        __bss_end__ = _ebss

._user_heap_stack
                0x2000038c      0x604 load address 0x0800a040
                0x20000390                        . = ALIGN (0x8)
 *fill*         0x2000038c        0x4 
                [!provide]                        PROVIDE (end = .)
                0x20000390                        PROVIDE (_end = .)
                0x20000590                        . = (. + _Min_Heap_Size)
 *fill*         0x20000390      0x200 
                0x20000990                        . = (. + _Min_Stack_Size)
 *fill*         0x20000590      0x400 
                0x20000990                        . = ALIGN (0x8)

/DISCARD/
 libc.a(*)
 libm.a(*)
 libgcc.a(*)

.ARM.attributes
                0x00000000       0x30
 *(.ARM.attributes)
 .ARM.attributes
                0x00000000       0x22 E:/cubeIDE/STM32CubeIDE_2.1.0/STM32CubeIDE/plugins/com.st.stm32cube.ide.mcu.externaltools.gnu-tools-for-stm32.14.3.rel1.win32_1.0.100.202602081740/tools/bin/../lib/gcc/arm-none-eabi/14.3.1/thumb/v7e-m+fp/hard/crti.o
 .ARM.attributes
                0x00000022       0x34 E:/cubeIDE/STM32CubeIDE_2.1.0/STM32CubeIDE/plugins/com.st.stm32cube.ide.mcu.externaltools.gnu-tools-for-stm32.14.3.rel1.win32_1.0.100.202602081740/tools/bin/../lib/gcc/arm-none-eabi/14.3.1/thumb/v7e-m+fp/hard/crtbegin.o
 .ARM.attributes
                0x00000056       0x34 ./Core/Src/gpio.o
 .ARM.attributes
                0x0000008a       0x34 ./Core/Src/main.o
 .ARM.attributes
                0x000000be       0x34 ./Core/Src/spi.o
 .ARM.attributes
                0x000000f2       0x34 ./Core/Src/stm32l4xx_hal_msp.o
 .ARM.attributes
                0x00000126       0x34 ./Core/Src/stm32l4xx_it.o
 .ARM.attributes
                0x0000015a       0x34 ./Core/Src/syscalls.o
 .ARM.attributes
                0x0000018e       0x34 ./Core/Src/sysmem.o
 .ARM.attributes
                0x000001c2       0x34 ./Core/Src/system_stm32l4xx.o
 .ARM.attributes
                0x000001f6       0x34 ./Core/Src/tim.o
 .ARM.attributes
                0x0000022a       0x34 ./Core/Src/usart.o
 .ARM.attributes
                0x0000025e       0x21 ./Core/Startup/startup_stm32l476rgtx.o
 .ARM.attributes
                0x0000027f       0x34 ./Drivers/STM32L4xx_HAL_Driver/Src/stm32l4xx_hal.o
 .ARM.attributes
                0x000002b3       0x34 ./Drivers/STM32L4xx_HAL_Driver/Src/stm32l4xx_hal_cortex.o
 .ARM.attributes
                0x000002e7       0x34 ./Drivers/STM32L4xx_HAL_Driver/Src/stm32l4xx_hal_gpio.o
 .ARM.attributes
                0x0000031b       0x34 ./Drivers/STM32L4xx_HAL_Driver/Src/stm32l4xx_hal_pwr_ex.o
 .ARM.attributes
                0x0000034f       0x34 ./Drivers/STM32L4xx_HAL_Driver/Src/stm32l4xx_hal_rcc.o
 .ARM.attributes
                0x00000383       0x34 ./Drivers/STM32L4xx_HAL_Driver/Src/stm32l4xx_hal_rcc_ex.o
 .ARM.attributes
                0x000003b7       0x34 ./Drivers/STM32L4xx_HAL_Driver/Src/stm32l4xx_hal_spi.o
 .ARM.attributes
                0x000003eb       0x34 ./Drivers/STM32L4xx_HAL_Driver/Src/stm32l4xx_hal_tim.o
 .ARM.attributes
                0x0000041f       0x34 ./Drivers/STM32L4xx_HAL_Driver/Src/stm32l4xx_hal_tim_ex.o
 .ARM.attributes
                0x00000453       0x34 ./Drivers/STM32L4xx_HAL_Driver/Src/stm32l4xx_hal_uart.o
 .ARM.attributes
                0x00000487       0x34 ./User/Config/DEV_Config.o
 .ARM.attributes
                0x000004bb       0x34 ./User/Fonts/font16.o
 .ARM.attributes
                0x000004ef       0x34 ./User/Fonts/font20.o
 .ARM.attributes
                0x00000523       0x34 ./User/Fonts/font24.o
 .ARM.attributes
                0x00000557       0x34 ./User/LCD/LCD_Driver.o
 .ARM.attributes
                0x0000058b       0x34 ./User/LCD/LCD_GUI.o
 .ARM.attributes
                0x000005bf       0x34 E:/cubeIDE/STM32CubeIDE_2.1.0/STM32CubeIDE/plugins/com.st.stm32cube.ide.mcu.externaltools.gnu-tools-for-stm32.14.3.rel1.win32_1.0.100.202602081740/tools/bin/../lib/gcc/arm-none-eabi/14.3.1/../../../../arm-none-eabi/lib/thumb/v7e-m+fp/hard\libc_nano.a(libc_a-findfp.o)
 .ARM.attributes
                0x000005f3       0x34 E:/cubeIDE/STM32CubeIDE_2.1.0/STM32CubeIDE/plugins/com.st.stm32cube.ide.mcu.externaltools.gnu-tools-for-stm32.14.3.rel1.win32_1.0.100.202602081740/tools/bin/../lib/gcc/arm-none-eabi/14.3.1/../../../../arm-none-eabi/lib/thumb/v7e-m+fp/hard\libc_nano.a(libc_a-fwalk.o)
 .ARM.attributes
                0x00000627       0x34 E:/cubeIDE/STM32CubeIDE_2.1.0/STM32CubeIDE/plugins/com.st.stm32cube.ide.mcu.externaltools.gnu-tools-for-stm32.14.3.rel1.win32_1.0.100.202602081740/tools/bin/../lib/gcc/arm-none-eabi/14.3.1/../../../../arm-none-eabi/lib/thumb/v7e-m+fp/hard\libc_nano.a(libc_a-puts.o)
 .ARM.attributes
                0x0000065b       0x34 E:/cubeIDE/STM32CubeIDE_2.1.0/STM32CubeIDE/plugins/com.st.stm32cube.ide.mcu.externaltools.gnu-tools-for-stm32.14.3.rel1.win32_1.0.100.202602081740/tools/bin/../lib/gcc/arm-none-eabi/14.3.1/../../../../arm-none-eabi/lib/thumb/v7e-m+fp/hard\libc_nano.a(libc_a-stdio.o)
 .ARM.attributes
                0x0000068f       0x34 E:/cubeIDE/STM32CubeIDE_2.1.0/STM32CubeIDE/plugins/com.st.stm32cube.ide.mcu.externaltools.gnu-tools-for-stm32.14.3.rel1.win32_1.0.100.202602081740/tools/bin/../lib/gcc/arm-none-eabi/14.3.1/../../../../arm-none-eabi/lib/thumb/v7e-m+fp/hard\libc_nano.a(libc_a-wbuf.o)
 .ARM.attributes
                0x000006c3       0x34 E:/cubeIDE/STM32CubeIDE_2.1.0/STM32CubeIDE/plugins/com.st.stm32cube.ide.mcu.externaltools.gnu-tools-for-stm32.14.3.rel1.win32_1.0.100.202602081740/tools/bin/../lib/gcc/arm-none-eabi/14.3.1/../../../../arm-none-eabi/lib/thumb/v7e-m+fp/hard\libc_nano.a(libc_a-wsetup.o)
 .ARM.attributes
                0x000006f7       0x34 E:/cubeIDE/STM32CubeIDE_2.1.0/STM32CubeIDE/plugins/com.st.stm32cube.ide.mcu.externaltools.gnu-tools-for-stm32.14.3.rel1.win32_1.0.100.202602081740/tools/bin/../lib/gcc/arm-none-eabi/14.3.1/../../../../arm-none-eabi/lib/thumb/v7e-m+fp/hard\libc_nano.a(libc_a-memset.o)
 .ARM.attributes
                0x0000072b       0x34 E:/cubeIDE/STM32CubeIDE_2.1.0/STM32CubeIDE/plugins/com.st.stm32cube.ide.mcu.externaltools.gnu-tools-for-stm32.14.3.rel1.win32_1.0.100.202602081740/tools/bin/../lib/gcc/arm-none-eabi/14.3.1/../../../../arm-none-eabi/lib/thumb/v7e-m+fp/hard\libc_nano.a(libc_a-closer.o)
 .ARM.attributes
                0x0000075f       0x34 E:/cubeIDE/STM32CubeIDE_2.1.0/STM32CubeIDE/plugins/com.st.stm32cube.ide.mcu.externaltools.gnu-tools-for-stm32.14.3.rel1.win32_1.0.100.202602081740/tools/bin/../lib/gcc/arm-none-eabi/14.3.1/../../../../arm-none-eabi/lib/thumb/v7e-m+fp/hard\libc_nano.a(libc_a-reent.o)
 .ARM.attributes
                0x00000793       0x34 E:/cubeIDE/STM32CubeIDE_2.1.0/STM32CubeIDE/plugins/com.st.stm32cube.ide.mcu.externaltools.gnu-tools-for-stm32.14.3.rel1.win32_1.0.100.202602081740/tools/bin/../lib/gcc/arm-none-eabi/14.3.1/../../../../arm-none-eabi/lib/thumb/v7e-m+fp/hard\libc_nano.a(libc_a-impure.o)
 .ARM.attributes
                0x000007c7       0x34 E:/cubeIDE/STM32CubeIDE_2.1.0/STM32CubeIDE/plugins/com.st.stm32cube.ide.mcu.externaltools.gnu-tools-for-stm32.14.3.rel1.win32_1.0.100.202602081740/tools/bin/../lib/gcc/arm-none-eabi/14.3.1/../../../../arm-none-eabi/lib/thumb/v7e-m+fp/hard\libc_nano.a(libc_a-lseekr.o)
 .ARM.attributes
                0x000007fb       0x34 E:/cubeIDE/STM32CubeIDE_2.1.0/STM32CubeIDE/plugins/com.st.stm32cube.ide.mcu.externaltools.gnu-tools-for-stm32.14.3.rel1.win32_1.0.100.202602081740/tools/bin/../lib/gcc/arm-none-eabi/14.3.1/../../../../arm-none-eabi/lib/thumb/v7e-m+fp/hard\libc_nano.a(libc_a-readr.o)
 .ARM.attributes
                0x0000082f       0x34 E:/cubeIDE/STM32CubeIDE_2.1.0/STM32CubeIDE/plugins/com.st.stm32cube.ide.mcu.externaltools.gnu-tools-for-stm32.14.3.rel1.win32_1.0.100.202602081740/tools/bin/../lib/gcc/arm-none-eabi/14.3.1/../../../../arm-none-eabi/lib/thumb/v7e-m+fp/hard\libc_nano.a(libc_a-writer.o)
 .ARM.attributes
                0x00000863       0x34 E:/cubeIDE/STM32CubeIDE_2.1.0/STM32CubeIDE/plugins/com.st.stm32cube.ide.mcu.externaltools.gnu-tools-for-stm32.14.3.rel1.win32_1.0.100.202602081740/tools/bin/../lib/gcc/arm-none-eabi/14.3.1/../../../../arm-none-eabi/lib/thumb/v7e-m+fp/hard\libc_nano.a(libc_a-errno.o)
 .ARM.attributes
                0x00000897       0x34 E:/cubeIDE/STM32CubeIDE_2.1.0/STM32CubeIDE/plugins/com.st.stm32cube.ide.mcu.externaltools.gnu-tools-for-stm32.14.3.rel1.win32_1.0.100.202602081740/tools/bin/../lib/gcc/arm-none-eabi/14.3.1/../../../../arm-none-eabi/lib/thumb/v7e-m+fp/hard\libc_nano.a(libc_a-init.o)
 .ARM.attributes
                0x000008cb       0x34 E:/cubeIDE/STM32CubeIDE_2.1.0/STM32CubeIDE/plugins/com.st.stm32cube.ide.mcu.externaltools.gnu-tools-for-stm32.14.3.rel1.win32_1.0.100.202602081740/tools/bin/../lib/gcc/arm-none-eabi/14.3.1/../../../../arm-none-eabi/lib/thumb/v7e-m+fp/hard\libc_nano.a(libc_a-lock.o)
 .ARM.attributes
                0x000008ff       0x34 E:/cubeIDE/STM32CubeIDE_2.1.0/STM32CubeIDE/plugins/com.st.stm32cube.ide.mcu.externaltools.gnu-tools-for-stm32.14.3.rel1.win32_1.0.100.202602081740/tools/bin/../lib/gcc/arm-none-eabi/14.3.1/../../../../arm-none-eabi/lib/thumb/v7e-m+fp/hard\libc_nano.a(libc_a-freer.o)
 .ARM.attributes
                0x00000933       0x34 E:/cubeIDE/STM32CubeIDE_2.1.0/STM32CubeIDE/plugins/com.st.stm32cube.ide.mcu.externaltools.gnu-tools-for-stm32.14.3.rel1.win32_1.0.100.202602081740/tools/bin/../lib/gcc/arm-none-eabi/14.3.1/../../../../arm-none-eabi/lib/thumb/v7e-m+fp/hard\libc_nano.a(libc_a-mallocr.o)
 .ARM.attributes
                0x00000967       0x34 E:/cubeIDE/STM32CubeIDE_2.1.0/STM32CubeIDE/plugins/com.st.stm32cube.ide.mcu.externaltools.gnu-tools-for-stm32.14.3.rel1.win32_1.0.100.202602081740/tools/bin/../lib/gcc/arm-none-eabi/14.3.1/../../../../arm-none-eabi/lib/thumb/v7e-m+fp/hard\libc_nano.a(libc_a-mlock.o)
 .ARM.attributes
                0x0000099b       0x34 E:/cubeIDE/STM32CubeIDE_2.1.0/STM32CubeIDE/plugins/com.st.stm32cube.ide.mcu.externaltools.gnu-tools-for-stm32.14.3.rel1.win32_1.0.100.202602081740/tools/bin/../lib/gcc/arm-none-eabi/14.3.1/../../../../arm-none-eabi/lib/thumb/v7e-m+fp/hard\libc_nano.a(libc_a-fflush.o)
 .ARM.attributes
                0x000009cf       0x34 E:/cubeIDE/STM32CubeIDE_2.1.0/STM32CubeIDE/plugins/com.st.stm32cube.ide.mcu.externaltools.gnu-tools-for-stm32.14.3.rel1.win32_1.0.100.202602081740/tools/bin/../lib/gcc/arm-none-eabi/14.3.1/../../../../arm-none-eabi/lib/thumb/v7e-m+fp/hard\libc_nano.a(libc_a-makebuf.o)
 .ARM.attributes
                0x00000a03       0x34 E:/cubeIDE/STM32CubeIDE_2.1.0/STM32CubeIDE/plugins/com.st.stm32cube.ide.mcu.externaltools.gnu-tools-for-stm32.14.3.rel1.win32_1.0.100.202602081740/tools/bin/../lib/gcc/arm-none-eabi/14.3.1/../../../../arm-none-eabi/lib/thumb/v7e-m+fp/hard\libc_nano.a(libc_a-fstatr.o)
 .ARM.attributes
                0x00000a37       0x34 E:/cubeIDE/STM32CubeIDE_2.1.0/STM32CubeIDE/plugins/com.st.stm32cube.ide.mcu.externaltools.gnu-tools-for-stm32.14.3.rel1.win32_1.0.100.202602081740/tools/bin/../lib/gcc/arm-none-eabi/14.3.1/../../../../arm-none-eabi/lib/thumb/v7e-m+fp/hard\libc_nano.a(libc_a-isattyr.o)
 .ARM.attributes
                0x00000a6b       0x34 E:/cubeIDE/STM32CubeIDE_2.1.0/STM32CubeIDE/plugins/com.st.stm32cube.ide.mcu.externaltools.gnu-tools-for-stm32.14.3.rel1.win32_1.0.100.202602081740/tools/bin/../lib/gcc/arm-none-eabi/14.3.1/../../../../arm-none-eabi/lib/thumb/v7e-m+fp/hard\libc_nano.a(libc_a-sbrkr.o)
 .ARM.attributes
                0x00000a9f       0x22 E:/cubeIDE/STM32CubeIDE_2.1.0/STM32CubeIDE/plugins/com.st.stm32cube.ide.mcu.externaltools.gnu-tools-for-stm32.14.3.rel1.win32_1.0.100.202602081740/tools/bin/../lib/gcc/arm-none-eabi/14.3.1/thumb/v7e-m+fp/hard\libgcc.a(_arm_muldf3.o)
 .ARM.attributes
                0x00000ac1       0x22 E:/cubeIDE/STM32CubeIDE_2.1.0/STM32CubeIDE/plugins/com.st.stm32cube.ide.mcu.externaltools.gnu-tools-for-stm32.14.3.rel1.win32_1.0.100.202602081740/tools/bin/../lib/gcc/arm-none-eabi/14.3.1/thumb/v7e-m+fp/hard\libgcc.a(_arm_addsubdf3.o)
 .ARM.attributes
                0x00000ae3       0x22 E:/cubeIDE/STM32CubeIDE_2.1.0/STM32CubeIDE/plugins/com.st.stm32cube.ide.mcu.externaltools.gnu-tools-for-stm32.14.3.rel1.win32_1.0.100.202602081740/tools/bin/../lib/gcc/arm-none-eabi/14.3.1/thumb/v7e-m+fp/hard\libgcc.a(_arm_fixunsdfsi.o)
 .ARM.attributes
                0x00000b05       0x22 E:/cubeIDE/STM32CubeIDE_2.1.0/STM32CubeIDE/plugins/com.st.stm32cube.ide.mcu.externaltools.gnu-tools-for-stm32.14.3.rel1.win32_1.0.100.202602081740/tools/bin/../lib/gcc/arm-none-eabi/14.3.1/thumb/v7e-m+fp/hard\libgcc.a(_aeabi_uldivmod.o)
 .ARM.attributes
                0x00000b27       0x34 E:/cubeIDE/STM32CubeIDE_2.1.0/STM32CubeIDE/plugins/com.st.stm32cube.ide.mcu.externaltools.gnu-tools-for-stm32.14.3.rel1.win32_1.0.100.202602081740/tools/bin/../lib/gcc/arm-none-eabi/14.3.1/thumb/v7e-m+fp/hard\libgcc.a(_udivmoddi4.o)
 .ARM.attributes
                0x00000b5b       0x22 E:/cubeIDE/STM32CubeIDE_2.1.0/STM32CubeIDE/plugins/com.st.stm32cube.ide.mcu.externaltools.gnu-tools-for-stm32.14.3.rel1.win32_1.0.100.202602081740/tools/bin/../lib/gcc/arm-none-eabi/14.3.1/thumb/v7e-m+fp/hard\libgcc.a(_dvmd_tls.o)
 .ARM.attributes
                0x00000b7d       0x22 E:/cubeIDE/STM32CubeIDE_2.1.0/STM32CubeIDE/plugins/com.st.stm32cube.ide.mcu.externaltools.gnu-tools-for-stm32.14.3.rel1.win32_1.0.100.202602081740/tools/bin/../lib/gcc/arm-none-eabi/14.3.1/thumb/v7e-m+fp/hard/crtn.o
OUTPUT(display_unit.elf elf32-littlearm)
LOAD linker stubs
LOAD E:/cubeIDE/STM32CubeIDE_2.1.0/STM32CubeIDE/plugins/com.st.stm32cube.ide.mcu.externaltools.gnu-tools-for-stm32.14.3.rel1.win32_1.0.100.202602081740/tools/bin/../lib/gcc/arm-none-eabi/14.3.1/../../../../arm-none-eabi/lib/thumb/v7e-m+fp/hard\libc.a
LOAD E:/cubeIDE/STM32CubeIDE_2.1.0/STM32CubeIDE/plugins/com.st.stm32cube.ide.mcu.externaltools.gnu-tools-for-stm32.14.3.rel1.win32_1.0.100.202602081740/tools/bin/../lib/gcc/arm-none-eabi/14.3.1/../../../../arm-none-eabi/lib/thumb/v7e-m+fp/hard\libm.a
LOAD E:/cubeIDE/STM32CubeIDE_2.1.0/STM32CubeIDE/plugins/com.st.stm32cube.ide.mcu.externaltools.gnu-tools-for-stm32.14.3.rel1.win32_1.0.100.202602081740/tools/bin/../lib/gcc/arm-none-eabi/14.3.1/thumb/v7e-m+fp/hard\libgcc.a

.debug_info     0x00000000    0x13dae
 .debug_info    0x00000000      0x4bc ./Core/Src/gpio.o
 .debug_info    0x000004bc      0xc50 ./Core/Src/main.o
 .debug_info    0x0000110c      0x9b2 ./Core/Src/spi.o
 .debug_info    0x00001abe      0x301 ./Core/Src/stm32l4xx_hal_msp.o
 .debug_info    0x00001dbf      0x180 ./Core/Src/stm32l4xx_it.o
 .debug_info    0x00001f3f      0x6a3 ./Core/Src/syscalls.o
 .debug_info    0x000025e2      0x168 ./Core/Src/sysmem.o
 .debug_info    0x0000274a      0x5e2 ./Core/Src/system_stm32l4xx.o
 .debug_info    0x00002d2c      0x9f5 ./Core/Src/tim.o
 .debug_info    0x00003721      0xd0d ./Core/Src/usart.o
 .debug_info    0x0000442e       0x30 ./Core/Startup/startup_stm32l476rgtx.o
 .debug_info    0x0000445e      0xc4d ./Drivers/STM32L4xx_HAL_Driver/Src/stm32l4xx_hal.o
 .debug_info    0x000050ab      0xdad ./Drivers/STM32L4xx_HAL_Driver/Src/stm32l4xx_hal_cortex.o
 .debug_info    0x00005e58      0x79f ./Drivers/STM32L4xx_HAL_Driver/Src/stm32l4xx_hal_gpio.o
 .debug_info    0x000065f7      0x9ca ./Drivers/STM32L4xx_HAL_Driver/Src/stm32l4xx_hal_pwr_ex.o
 .debug_info    0x00006fc1      0xc45 ./Drivers/STM32L4xx_HAL_Driver/Src/stm32l4xx_hal_rcc.o
 .debug_info    0x00007c06      0xe58 ./Drivers/STM32L4xx_HAL_Driver/Src/stm32l4xx_hal_rcc_ex.o
 .debug_info    0x00008a5e     0x1572 ./Drivers/STM32L4xx_HAL_Driver/Src/stm32l4xx_hal_spi.o
 .debug_info    0x00009fd0     0x2ade ./Drivers/STM32L4xx_HAL_Driver/Src/stm32l4xx_hal_tim.o
 .debug_info    0x0000caae     0x16e0 ./Drivers/STM32L4xx_HAL_Driver/Src/stm32l4xx_hal_tim_ex.o
 .debug_info    0x0000e18e     0x3b8e ./Drivers/STM32L4xx_HAL_Driver/Src/stm32l4xx_hal_uart.o
 .debug_info    0x00011d1c      0xb38 ./User/Config/DEV_Config.o
 .debug_info    0x00012854      0x125 ./User/Fonts/font16.o
 .debug_info    0x00012979      0x125 ./User/Fonts/font20.o
 .debug_info    0x00012a9e      0x125 ./User/Fonts/font24.o
 .debug_info    0x00012bc3      0x59c ./User/LCD/LCD_Driver.o
 .debug_info    0x0001315f      0xc4f ./User/LCD/LCD_GUI.o

.debug_abbrev   0x00000000     0x30db
 .debug_abbrev  0x00000000      0x158 ./Core/Src/gpio.o
 .debug_abbrev  0x00000158      0x2c7 ./Core/Src/main.o
 .debug_abbrev  0x0000041f      0x1f8 ./Core/Src/spi.o
 .debug_abbrev  0x00000617       0xdd ./Core/Src/stm32l4xx_hal_msp.o
 .debug_abbrev  0x000006f4       0xc6 ./Core/Src/stm32l4xx_it.o
 .debug_abbrev  0x000007ba      0x1b6 ./Core/Src/syscalls.o
 .debug_abbrev  0x00000970       0xbc ./Core/Src/sysmem.o
 .debug_abbrev  0x00000a2c      0x117 ./Core/Src/system_stm32l4xx.o
 .debug_abbrev  0x00000b43      0x1d7 ./Core/Src/tim.o
 .debug_abbrev  0x00000d1a      0x1f4 ./Core/Src/usart.o
 .debug_abbrev  0x00000f0e       0x24 ./Core/Startup/startup_stm32l476rgtx.o
 .debug_abbrev  0x00000f32      0x243 ./Drivers/STM32L4xx_HAL_Driver/Src/stm32l4xx_hal.o
 .debug_abbrev  0x00001175      0x31c ./Drivers/STM32L4xx_HAL_Driver/Src/stm32l4xx_hal_cortex.o
 .debug_abbrev  0x00001491      0x1d1 ./Drivers/STM32L4xx_HAL_Driver/Src/stm32l4xx_hal_gpio.o
 .debug_abbrev  0x00001662      0x1f9 ./Drivers/STM32L4xx_HAL_Driver/Src/stm32l4xx_hal_pwr_ex.o
 .debug_abbrev  0x0000185b      0x2dc ./Drivers/STM32L4xx_HAL_Driver/Src/stm32l4xx_hal_rcc.o
 .debug_abbrev  0x00001b37      0x2a5 ./Drivers/STM32L4xx_HAL_Driver/Src/stm32l4xx_hal_rcc_ex.o
 .debug_abbrev  0x00001ddc      0x282 ./Drivers/STM32L4xx_HAL_Driver/Src/stm32l4xx_hal_spi.o
 .debug_abbrev  0x0000205e      0x289 ./Drivers/STM32L4xx_HAL_Driver/Src/stm32l4xx_hal_tim.o
 .debug_abbrev  0x000022e7      0x284 ./Drivers/STM32L4xx_HAL_Driver/Src/stm32l4xx_hal_tim_ex.o
 .debug_abbrev  0x0000256b      0x2f3 ./Drivers/STM32L4xx_HAL_Driver/Src/stm32l4xx_hal_uart.o
 .debug_abbrev  0x0000285e      0x26a ./User/Config/DEV_Config.o
 .debug_abbrev  0x00002ac8       0xb1 ./User/Fonts/font16.o
 .debug_abbrev  0x00002b79       0xb1 ./User/Fonts/font20.o
 .debug_abbrev  0x00002c2a       0xb1 ./User/Fonts/font24.o
 .debug_abbrev  0x00002cdb      0x209 ./User/LCD/LCD_Driver.o
 .debug_abbrev  0x00002ee4      0x1f7 ./User/LCD/LCD_GUI.o

.debug_aranges  0x00000000     0x12f0
 .debug_aranges
                0x00000000       0x20 ./Core/Src/gpio.o
 .debug_aranges
                0x00000020       0x40 ./Core/Src/main.o
 .debug_aranges
                0x00000060       0x30 ./Core/Src/spi.o
 .debug_aranges
                0x00000090       0x20 ./Core/Src/stm32l4xx_hal_msp.o
 .debug_aranges
                0x000000b0       0x60 ./Core/Src/stm32l4xx_it.o
 .debug_aranges
                0x00000110       0xa8 ./Core/Src/syscalls.o
 .debug_aranges
                0x000001b8       0x20 ./Core/Src/sysmem.o
 .debug_aranges
                0x000001d8       0x28 ./Core/Src/system_stm32l4xx.o
 .debug_aranges
                0x00000200       0x30 ./Core/Src/tim.o
 .debug_aranges
                0x00000230       0x30 ./Core/Src/usart.o
 .debug_aranges
                0x00000260       0x28 ./Core/Startup/startup_stm32l476rgtx.o
 .debug_aranges
                0x00000288      0x130 ./Drivers/STM32L4xx_HAL_Driver/Src/stm32l4xx_hal.o
 .debug_aranges
                0x000003b8      0x128 ./Drivers/STM32L4xx_HAL_Driver/Src/stm32l4xx_hal_cortex.o
 .debug_aranges
                0x000004e0       0x58 ./Drivers/STM32L4xx_HAL_Driver/Src/stm32l4xx_hal_gpio.o
 .debug_aranges
                0x00000538      0x160 ./Drivers/STM32L4xx_HAL_Driver/Src/stm32l4xx_hal_pwr_ex.o
 .debug_aranges
                0x00000698       0x90 ./Drivers/STM32L4xx_HAL_Driver/Src/stm32l4xx_hal_rcc.o
 .debug_aranges
                0x00000728       0xc0 ./Drivers/STM32L4xx_HAL_Driver/Src/stm32l4xx_hal_rcc_ex.o
 .debug_aranges
                0x000007e8      0x1d8 ./Drivers/STM32L4xx_HAL_Driver/Src/stm32l4xx_hal_spi.o
 .debug_aranges
                0x000009c0      0x3e0 ./Drivers/STM32L4xx_HAL_Driver/Src/stm32l4xx_hal_tim.o
 .debug_aranges
                0x00000da0      0x180 ./Drivers/STM32L4xx_HAL_Driver/Src/stm32l4xx_hal_tim_ex.o
 .debug_aranges
                0x00000f20      0x228 ./Drivers/STM32L4xx_HAL_Driver/Src/stm32l4xx_hal_uart.o
 .debug_aranges
                0x00001148       0x50 ./User/Config/DEV_Config.o
 .debug_aranges
                0x00001198       0x18 ./User/Fonts/font16.o
 .debug_aranges
                0x000011b0       0x18 ./User/Fonts/font20.o
 .debug_aranges
                0x000011c8       0x18 ./User/Fonts/font24.o
 .debug_aranges
                0x000011e0       0x88 ./User/LCD/LCD_Driver.o
 .debug_aranges
                0x00001268       0x88 ./User/LCD/LCD_GUI.o

.debug_rnglists
                0x00000000      0xe77
 .debug_rnglists
                0x00000000       0x14 ./Core/Src/gpio.o
 .debug_rnglists
                0x00000014       0x2d ./Core/Src/main.o
 .debug_rnglists
                0x00000041       0x20 ./Core/Src/spi.o
 .debug_rnglists
                0x00000061       0x13 ./Core/Src/stm32l4xx_hal_msp.o
 .debug_rnglists
                0x00000074       0x43 ./Core/Src/stm32l4xx_it.o
 .debug_rnglists
                0x000000b7       0x79 ./Core/Src/syscalls.o
 .debug_rnglists
                0x00000130       0x13 ./Core/Src/sysmem.o
 .debug_rnglists
                0x00000143       0x1a ./Core/Src/system_stm32l4xx.o
 .debug_rnglists
                0x0000015d       0x1f ./Core/Src/tim.o
 .debug_rnglists
                0x0000017c       0x20 ./Core/Src/usart.o
 .debug_rnglists
                0x0000019c       0x19 ./Core/Startup/startup_stm32l476rgtx.o
 .debug_rnglists
                0x000001b5       0xdf ./Drivers/STM32L4xx_HAL_Driver/Src/stm32l4xx_hal.o
 .debug_rnglists
                0x00000294       0xda ./Drivers/STM32L4xx_HAL_Driver/Src/stm32l4xx_hal_cortex.o
 .debug_rnglists
                0x0000036e       0x3f ./Drivers/STM32L4xx_HAL_Driver/Src/stm32l4xx_hal_gpio.o
 .debug_rnglists
                0x000003ad      0x109 ./Drivers/STM32L4xx_HAL_Driver/Src/stm32l4xx_hal_pwr_ex.o
 .debug_rnglists
                0x000004b6       0x6d ./Drivers/STM32L4xx_HAL_Driver/Src/stm32l4xx_hal_rcc.o
 .debug_rnglists
                0x00000523       0x95 ./Drivers/STM32L4xx_HAL_Driver/Src/stm32l4xx_hal_rcc_ex.o
 .debug_rnglists
                0x000005b8      0x178 ./Drivers/STM32L4xx_HAL_Driver/Src/stm32l4xx_hal_spi.o
 .debug_rnglists
                0x00000730      0x32c ./Drivers/STM32L4xx_HAL_Driver/Src/stm32l4xx_hal_tim.o
 .debug_rnglists
                0x00000a5c      0x139 ./Drivers/STM32L4xx_HAL_Driver/Src/stm32l4xx_hal_tim_ex.o
 .debug_rnglists
                0x00000b95      0x1da ./Drivers/STM32L4xx_HAL_Driver/Src/stm32l4xx_hal_uart.o
 .debug_rnglists
                0x00000d6f       0x37 ./User/Config/DEV_Config.o
 .debug_rnglists
                0x00000da6       0x64 ./User/LCD/LCD_Driver.o
 .debug_rnglists
                0x00000e0a       0x6d ./User/LCD/LCD_GUI.o

.debug_macro    0x00000000    0x295c7
 .debug_macro   0x00000000      0x1fd ./Core/Src/gpio.o
 .debug_macro   0x000001fd      0xad8 ./Core/Src/gpio.o
 .debug_macro   0x00000cd5      0x1ad ./Core/Src/gpio.o
 .debug_macro   0x00000e82       0x2e ./Core/Src/gpio.o
 .debug_macro   0x00000eb0       0x28 ./Core/Src/gpio.o
 .debug_macro   0x00000ed8       0x22 ./Core/Src/gpio.o
 .debug_macro   0x00000efa       0x8e ./Core/Src/gpio.o
 .debug_macro   0x00000f88       0x51 ./Core/Src/gpio.o
 .debug_macro   0x00000fd9      0x103 ./Core/Src/gpio.o
 .debug_macro   0x000010dc       0x6a ./Core/Src/gpio.o
 .debug_macro   0x00001146      0x1df ./Core/Src/gpio.o
 .debug_macro   0x00001325       0x1c ./Core/Src/gpio.o
 .debug_macro   0x00001341       0x22 ./Core/Src/gpio.o
 .debug_macro   0x00001363       0xfb ./Core/Src/gpio.o
 .debug_macro   0x0000145e     0x1011 ./Core/Src/gpio.o
 .debug_macro   0x0000246f      0x11f ./Core/Src/gpio.o
 .debug_macro   0x0000258e    0x1a192 ./Core/Src/gpio.o
 .debug_macro   0x0001c720       0x6d ./Core/Src/gpio.o
 .debug_macro   0x0001c78d     0x38fb ./Core/Src/gpio.o
 .debug_macro   0x00020088      0x190 ./Core/Src/gpio.o
 .debug_macro   0x00020218       0x5c ./Core/Src/gpio.o
 .debug_macro   0x00020274     0x159e ./Core/Src/gpio.o
 .debug_macro   0x00021812      0x5a5 ./Core/Src/gpio.o
 .debug_macro   0x00021db7      0x1b9 ./Core/Src/gpio.o
 .debug_macro   0x00021f70      0x18b ./Core/Src/gpio.o
 .debug_macro   0x000220fb      0x2c4 ./Core/Src/gpio.o
 .debug_macro   0x000223bf      0x27a ./Core/Src/gpio.o
 .debug_macro   0x00022639      0x23d ./Core/Src/gpio.o
 .debug_macro   0x00022876      0x241 ./Core/Src/gpio.o
 .debug_macro   0x00022ab7      0x37c ./Core/Src/gpio.o
 .debug_macro   0x00022e33       0xd6 ./Core/Src/gpio.o
 .debug_macro   0x00022f09      0x122 ./Core/Src/gpio.o
 .debug_macro   0x0002302b      0x3ef ./Core/Src/gpio.o
 .debug_macro   0x0002341a      0x2fe ./Core/Src/gpio.o
 .debug_macro   0x00023718      0xa98 ./Core/Src/gpio.o
 .debug_macro   0x000241b0      0x1e6 ./Core/Src/gpio.o
 .debug_macro   0x00024396      0x5cf ./Core/Src/gpio.o
 .debug_macro   0x00024965       0x44 ./Core/Src/gpio.o
 .debug_macro   0x000249a9      0x330 ./Core/Src/gpio.o
 .debug_macro   0x00024cd9       0xa0 ./Core/Src/gpio.o
 .debug_macro   0x00024d79      0x325 ./Core/Src/main.o
 .debug_macro   0x0002509e       0x61 ./Core/Src/main.o
 .debug_macro   0x000250ff       0x2a ./Core/Src/main.o
 .debug_macro   0x00025129       0x43 ./Core/Src/main.o
 .debug_macro   0x0002516c       0x34 ./Core/Src/main.o
 .debug_macro   0x000251a0       0x16 ./Core/Src/main.o
 .debug_macro   0x000251b6       0x3c ./Core/Src/main.o
 .debug_macro   0x000251f2      0x364 ./Core/Src/main.o
 .debug_macro   0x00025556       0x10 ./Core/Src/main.o
 .debug_macro   0x00025566       0x16 ./Core/Src/main.o
 .debug_macro   0x0002557c       0x4a ./Core/Src/main.o
 .debug_macro   0x000255c6       0x34 ./Core/Src/main.o
 .debug_macro   0x000255fa       0x10 ./Core/Src/main.o
 .debug_macro   0x0002560a       0x58 ./Core/Src/main.o
 .debug_macro   0x00025662       0x8e ./Core/Src/main.o
 .debug_macro   0x000256f0       0x1c ./Core/Src/main.o
 .debug_macro   0x0002570c      0x17e ./Core/Src/main.o
 .debug_macro   0x0002588a       0x16 ./Core/Src/main.o
 .debug_macro   0x000258a0       0x16 ./Core/Src/main.o
 .debug_macro   0x000258b6      0x146 ./Core/Src/main.o
 .debug_macro   0x000259fc       0x8e ./Core/Src/main.o
 .debug_macro   0x00025a8a       0x46 ./Core/Src/main.o
 .debug_macro   0x00025ad0       0x1c ./Core/Src/main.o
 .debug_macro   0x00025aec       0x82 ./Core/Src/main.o
 .debug_macro   0x00025b6e      0x1fd ./Core/Src/spi.o
 .debug_macro   0x00025d6b      0x1f3 ./Core/Src/stm32l4xx_hal_msp.o
 .debug_macro   0x00025f5e      0x1fd ./Core/Src/stm32l4xx_it.o
 .debug_macro   0x0002615b      0x274 ./Core/Src/syscalls.o
 .debug_macro   0x000263cf       0x5b ./Core/Src/syscalls.o
 .debug_macro   0x0002642a       0x94 ./Core/Src/syscalls.o
 .debug_macro   0x000264be       0x57 ./Core/Src/syscalls.o
 .debug_macro   0x00026515       0x10 ./Core/Src/syscalls.o
 .debug_macro   0x00026525       0x10 ./Core/Src/syscalls.o
 .debug_macro   0x00026535       0x10 ./Core/Src/syscalls.o
 .debug_macro   0x00026545       0x10 ./Core/Src/syscalls.o
 .debug_macro   0x00026555       0x1c ./Core/Src/syscalls.o
 .debug_macro   0x00026571       0x52 ./Core/Src/syscalls.o
 .debug_macro   0x000265c3       0x22 ./Core/Src/syscalls.o
 .debug_macro   0x000265e5       0x10 ./Core/Src/syscalls.o
 .debug_macro   0x000265f5       0x52 ./Core/Src/syscalls.o
 .debug_macro   0x00026647       0xcf ./Core/Src/syscalls.o
 .debug_macro   0x00026716       0x1c ./Core/Src/syscalls.o
 .debug_macro   0x00026732       0x3d ./Core/Src/syscalls.o
 .debug_macro   0x0002676f       0x35 ./Core/Src/syscalls.o
 .debug_macro   0x000267a4      0x12c ./Core/Src/syscalls.o
 .debug_macro   0x000268d0       0x16 ./Core/Src/syscalls.o
 .debug_macro   0x000268e6       0x16 ./Core/Src/syscalls.o
 .debug_macro   0x000268fc       0x29 ./Core/Src/syscalls.o
 .debug_macro   0x00026925       0x10 ./Core/Src/syscalls.o
 .debug_macro   0x00026935      0x242 ./Core/Src/syscalls.o
 .debug_macro   0x00026b77       0x1c ./Core/Src/syscalls.o
 .debug_macro   0x00026b93       0x10 ./Core/Src/syscalls.o
 .debug_macro   0x00026ba3      0x18a ./Core/Src/syscalls.o
 .debug_macro   0x00026d2d       0x16 ./Core/Src/syscalls.o
 .debug_macro   0x00026d43       0xce ./Core/Src/syscalls.o
 .debug_macro   0x00026e11      0x112 ./Core/Src/sysmem.o
 .debug_macro   0x00026f23      0x23c ./Core/Src/sysmem.o
 .debug_macro   0x0002715f      0x1e4 ./Core/Src/system_stm32l4xx.o
 .debug_macro   0x00027343      0x1fd ./Core/Src/tim.o
 .debug_macro   0x00027540      0x1fd ./Core/Src/usart.o
 .debug_macro   0x0002773d      0x232 ./Drivers/STM32L4xx_HAL_Driver/Src/stm32l4xx_hal.o
 .debug_macro   0x0002796f      0x1e4 ./Drivers/STM32L4xx_HAL_Driver/Src/stm32l4xx_hal_cortex.o
 .debug_macro   0x00027b53      0x1eb ./Drivers/STM32L4xx_HAL_Driver/Src/stm32l4xx_hal_gpio.o
 .debug_macro   0x00027d3e      0x208 ./Drivers/STM32L4xx_HAL_Driver/Src/stm32l4xx_hal_pwr_ex.o
 .debug_macro   0x00027f46      0x226 ./Drivers/STM32L4xx_HAL_Driver/Src/stm32l4xx_hal_rcc.o
 .debug_macro   0x0002816c      0x21a ./Drivers/STM32L4xx_HAL_Driver/Src/stm32l4xx_hal_rcc_ex.o
 .debug_macro   0x00028386      0x1ec ./Drivers/STM32L4xx_HAL_Driver/Src/stm32l4xx_hal_spi.o
 .debug_macro   0x00028572      0x1e5 ./Drivers/STM32L4xx_HAL_Driver/Src/stm32l4xx_hal_tim.o
 .debug_macro   0x00028757      0x1e4 ./Drivers/STM32L4xx_HAL_Driver/Src/stm32l4xx_hal_tim_ex.o
 .debug_macro   0x0002893b      0x20f ./Drivers/STM32L4xx_HAL_Driver/Src/stm32l4xx_hal_uart.o
 .debug_macro   0x00028b4a      0x332 ./User/Config/DEV_Config.o
 .debug_macro   0x00028e7c       0xa6 ./User/Config/DEV_Config.o
 .debug_macro   0x00028f22       0x88 ./User/Config/DEV_Config.o
 .debug_macro   0x00028faa       0x1c ./User/Config/DEV_Config.o
 .debug_macro   0x00028fc6       0x16 ./User/Config/DEV_Config.o
 .debug_macro   0x00028fdc       0x20 ./User/Config/DEV_Config.o
 .debug_macro   0x00028ffc       0x6c ./User/Fonts/font16.o
 .debug_macro   0x00029068       0x6c ./User/Fonts/font20.o
 .debug_macro   0x000290d4       0x6c ./User/Fonts/font24.o
 .debug_macro   0x00029140      0x211 ./User/LCD/LCD_Driver.o
 .debug_macro   0x00029351      0x236 ./User/LCD/LCD_GUI.o
 .debug_macro   0x00029587       0x40 ./User/LCD/LCD_GUI.o

.debug_line     0x00000000    0x18879
 .debug_line    0x00000000      0x7dc ./Core/Src/gpio.o
 .debug_line    0x000007dc      0xbd4 ./Core/Src/main.o
 .debug_line    0x000013b0      0x823 ./Core/Src/spi.o
 .debug_line    0x00001bd3      0x7a6 ./Core/Src/stm32l4xx_hal_msp.o
 .debug_line    0x00002379      0x858 ./Core/Src/stm32l4xx_it.o
 .debug_line    0x00002bd1      0x8ca ./Core/Src/syscalls.o
 .debug_line    0x0000349b      0x5a6 ./Core/Src/sysmem.o
 .debug_line    0x00003a41      0x844 ./Core/Src/system_stm32l4xx.o
 .debug_line    0x00004285      0x806 ./Core/Src/tim.o
 .debug_line    0x00004a8b      0x830 ./Core/Src/usart.o
 .debug_line    0x000052bb       0x7a ./Core/Startup/startup_stm32l476rgtx.o
 .debug_line    0x00005335      0xbb0 ./Drivers/STM32L4xx_HAL_Driver/Src/stm32l4xx_hal.o
 .debug_line    0x00005ee5      0xd47 ./Drivers/STM32L4xx_HAL_Driver/Src/stm32l4xx_hal_cortex.o
 .debug_line    0x00006c2c      0xc00 ./Drivers/STM32L4xx_HAL_Driver/Src/stm32l4xx_hal_gpio.o
 .debug_line    0x0000782c      0xd8e ./Drivers/STM32L4xx_HAL_Driver/Src/stm32l4xx_hal_pwr_ex.o
 .debug_line    0x000085ba     0x1101 ./Drivers/STM32L4xx_HAL_Driver/Src/stm32l4xx_hal_rcc.o
 .debug_line    0x000096bb     0x15cf ./Drivers/STM32L4xx_HAL_Driver/Src/stm32l4xx_hal_rcc_ex.o
 .debug_line    0x0000ac8a     0x208c ./Drivers/STM32L4xx_HAL_Driver/Src/stm32l4xx_hal_spi.o
 .debug_line    0x0000cd16     0x3f16 ./Drivers/STM32L4xx_HAL_Driver/Src/stm32l4xx_hal_tim.o
 .debug_line    0x00010c2c     0x1be9 ./Drivers/STM32L4xx_HAL_Driver/Src/stm32l4xx_hal_tim_ex.o
 .debug_line    0x00012815     0x2ddf ./Drivers/STM32L4xx_HAL_Driver/Src/stm32l4xx_hal_uart.o
 .debug_line    0x000155f4      0xa6b ./User/Config/DEV_Config.o
 .debug_line    0x0001605f      0x419 ./User/Fonts/font16.o
 .debug_line    0x00016478      0x419 ./User/Fonts/font20.o
 .debug_line    0x00016891      0x419 ./User/Fonts/font24.o
 .debug_line    0x00016caa      0xac6 ./User/LCD/LCD_Driver.o
 .debug_line    0x00017770     0x1109 ./User/LCD/LCD_GUI.o

.debug_str      0x00000000    0xf8f65
 .debug_str     0x00000000    0xf8f65 ./Core/Src/gpio.o
                              0xedc95 (size before relaxing)
 .debug_str     0x000f8f65    0xf2392 ./Core/Src/main.o
 .debug_str     0x000f8f65    0xee0af ./Core/Src/spi.o
 .debug_str     0x000f8f65    0xedbc5 ./Core/Src/stm32l4xx_hal_msp.o
 .debug_str     0x000f8f65    0xedb18 ./Core/Src/stm32l4xx_it.o
 .debug_str     0x000f8f65     0x9991 ./Core/Src/syscalls.o
 .debug_str     0x000f8f65     0x773b ./Core/Src/sysmem.o
 .debug_str     0x000f8f65    0xeda39 ./Core/Src/system_stm32l4xx.o
 .debug_str     0x000f8f65    0xee1df ./Core/Src/tim.o
 .debug_str     0x000f8f65    0xee3ad ./Core/Src/usart.o
 .debug_str     0x000f8f65       0xb3 ./Core/Startup/startup_stm32l476rgtx.o
 .debug_str     0x000f8f65    0xee64d ./Drivers/STM32L4xx_HAL_Driver/Src/stm32l4xx_hal.o
 .debug_str     0x000f8f65    0xee2b2 ./Drivers/STM32L4xx_HAL_Driver/Src/stm32l4xx_hal_cortex.o
 .debug_str     0x000f8f65    0xedbc4 ./Drivers/STM32L4xx_HAL_Driver/Src/stm32l4xx_hal_gpio.o
 .debug_str     0x000f8f65    0xedf94 ./Drivers/STM32L4xx_HAL_Driver/Src/stm32l4xx_hal_pwr_ex.o
 .debug_str     0x000f8f65    0xee07f ./Drivers/STM32L4xx_HAL_Driver/Src/stm32l4xx_hal_rcc.o
 .debug_str     0x000f8f65    0xee20a ./Drivers/STM32L4xx_HAL_Driver/Src/stm32l4xx_hal_rcc_ex.o
 .debug_str     0x000f8f65    0xee254 ./Drivers/STM32L4xx_HAL_Driver/Src/stm32l4xx_hal_spi.o
 .debug_str     0x000f8f65    0xeed8b ./Drivers/STM32L4xx_HAL_Driver/Src/stm32l4xx_hal_tim.o
 .debug_str     0x000f8f65    0xee69f ./Drivers/STM32L4xx_HAL_Driver/Src/stm32l4xx_hal_tim_ex.o
 .debug_str     0x000f8f65    0xee791 ./Drivers/STM32L4xx_HAL_Driver/Src/stm32l4xx_hal_uart.o
 .debug_str     0x000f8f65    0xf2463 ./User/Config/DEV_Config.o
 .debug_str     0x000f8f65     0x3e5f ./User/Fonts/font16.o
 .debug_str     0x000f8f65     0x3e5f ./User/Fonts/font20.o
 .debug_str     0x000f8f65     0x3e5f ./User/Fonts/font24.o
 .debug_str     0x000f8f65    0xee368 ./User/LCD/LCD_Driver.o
 .debug_str     0x000f8f65    0xee6f5 ./User/LCD/LCD_GUI.o

.comment        0x00000000       0x43
 .comment       0x00000000       0x43 ./Core/Src/gpio.o
                                 0x44 (size before relaxing)
 .comment       0x00000043       0x44 ./Core/Src/main.o
 .comment       0x00000043       0x44 ./Core/Src/spi.o
 .comment       0x00000043       0x44 ./Core/Src/stm32l4xx_hal_msp.o
 .comment       0x00000043       0x44 ./Core/Src/stm32l4xx_it.o
 .comment       0x00000043       0x44 ./Core/Src/syscalls.o
 .comment       0x00000043       0x44 ./Core/Src/sysmem.o
 .comment       0x00000043       0x44 ./Core/Src/system_stm32l4xx.o
 .comment       0x00000043       0x44 ./Core/Src/tim.o
 .comment       0x00000043       0x44 ./Core/Src/usart.o
 .comment       0x00000043       0x44 ./Drivers/STM32L4xx_HAL_Driver/Src/stm32l4xx_hal.o
 .comment       0x00000043       0x44 ./Drivers/STM32L4xx_HAL_Driver/Src/stm32l4xx_hal_cortex.o
 .comment       0x00000043       0x44 ./Drivers/STM32L4xx_HAL_Driver/Src/stm32l4xx_hal_gpio.o
 .comment       0x00000043       0x44 ./Drivers/STM32L4xx_HAL_Driver/Src/stm32l4xx_hal_pwr_ex.o
 .comment       0x00000043       0x44 ./Drivers/STM32L4xx_HAL_Driver/Src/stm32l4xx_hal_rcc.o
 .comment       0x00000043       0x44 ./Drivers/STM32L4xx_HAL_Driver/Src/stm32l4xx_hal_rcc_ex.o
 .comment       0x00000043       0x44 ./Drivers/STM32L4xx_HAL_Driver/Src/stm32l4xx_hal_spi.o
 .comment       0x00000043       0x44 ./Drivers/STM32L4xx_HAL_Driver/Src/stm32l4xx_hal_tim.o
 .comment       0x00000043       0x44 ./Drivers/STM32L4xx_HAL_Driver/Src/stm32l4xx_hal_tim_ex.o