Archive member included to satisfy reference by file (symbol)

E:/cubeIDE/STM32CubeIDE_2.1.0/STM32CubeIDE/plugins/com.st.stm32cube.ide.mcu.externaltools.gnu-tools-for-stm32.14.3.rel1.win32_1.0.100.202602081740/tools/bin/../lib/gcc/arm-none-eabi/14.3.1/../../../../arm-none-eabi/lib/thumb/v7e-m+fp/hard\libc.a(libc_a-exit.o)
                              E:/cubeIDE/STM32CubeIDE_2.1.0/STM32CubeIDE/plugins/com.st.stm32cube.ide.mcu.externaltools.gnu-tools-for-stm32.14.3.rel1.win32_1.0.100.202602081740/tools/bin/../lib/gcc/arm-none-eabi/14.3.1/../../../../arm-none-eabi/lib/thumb/v7e-m+fp/hard/crt0.o (exit)
E:/cubeIDE/STM32CubeIDE_2.1.0/STM32CubeIDE/plugins/com.st.stm32cube.ide.mcu.externaltools.gnu-tools-for-stm32.14.3.rel1.win32_1.0.100.202602081740/tools/bin/../lib/gcc/arm-none-eabi/14.3.1/../../../../arm-none-eabi/lib/thumb/v7e-m+fp/hard\libc.a(libc_a-findfp.o)
                              E:/cubeIDE/STM32CubeIDE_2.1.0/STM32CubeIDE/plugins/com.st.stm32cube.ide.mcu.externaltools.gnu-tools-for-stm32.14.3.rel1.win32_1.0.100.202602081740/tools/bin/../lib/gcc/arm-none-eabi/14.3.1/../../../../arm-none-eabi/lib/thumb/v7e-m+fp/hard\libc.a(libc_a-exit.o) (__stdio_exit_handler)
E:/cubeIDE/STM32CubeIDE_2.1.0/STM32CubeIDE/plugins/com.st.stm32cube.ide.mcu.externaltools.gnu-tools-for-stm32.14.3.rel1.win32_1.0.100.202602081740/tools/bin/../lib/gcc/arm-none-eabi/14.3.1/../../../../arm-none-eabi/lib/thumb/v7e-m+fp/hard\libc.a(libc_a-fwalk.o)
                              E:/cubeIDE/STM32CubeIDE_2.1.0/STM32CubeIDE/plugins/com.st.stm32cube.ide.mcu.externaltools.gnu-tools-for-stm32.14.3.rel1.win32_1.0.100.202602081740/tools/bin/../lib/gcc/arm-none-eabi/14.3.1/../../../../arm-none-eabi/lib/thumb/v7e-m+fp/hard\libc.a(libc_a-findfp.o) (_fwalk_sglue)
E:/cubeIDE/STM32CubeIDE_2.1.0/STM32CubeIDE/plugins/com.st.stm32cube.ide.mcu.externaltools.gnu-tools-for-stm32.14.3.rel1.win32_1.0.100.202602081740/tools/bin/../lib/gcc/arm-none-eabi/14.3.1/../../../../arm-none-eabi/lib/thumb/v7e-m+fp/hard\libc.a(libc_a-puts.o)
                              ./User/Config/DEV_Config.o (puts)
E:/cubeIDE/STM32CubeIDE_2.1.0/STM32CubeIDE/plugins/com.st.stm32cube.ide.mcu.externaltools.gnu-tools-for-stm32.14.3.rel1.win32_1.0.100.202602081740/tools/bin/../lib/gcc/arm-none-eabi/14.3.1/../../../../arm-none-eabi/lib/thumb/v7e-m+fp/hard\libc.a(libc_a-sprintf.o)
                              ./Core/Src/operational_variables.o (sprintf)
E:/cubeIDE/STM32CubeIDE_2.1.0/STM32CubeIDE/plugins/com.st.stm32cube.ide.mcu.externaltools.gnu-tools-for-stm32.14.3.rel1.win32_1.0.100.202602081740/tools/bin/../lib/gcc/arm-none-eabi/14.3.1/../../../../arm-none-eabi/lib/thumb/v7e-m+fp/hard\libc.a(libc_a-stdio.o)
                              E:/cubeIDE/STM32CubeIDE_2.1.0/STM32CubeIDE/plugins/com.st.stm32cube.ide.mcu.externaltools.gnu-tools-for-stm32.14.3.rel1.win32_1.0.100.202602081740/tools/bin/../lib/gcc/arm-none-eabi/14.3.1/../../../../arm-none-eabi/lib/thumb/v7e-m+fp/hard\libc.a(libc_a-findfp.o) (__sread)
E:/cubeIDE/STM32CubeIDE_2.1.0/STM32CubeIDE/plugins/com.st.stm32cube.ide.mcu.externaltools.gnu-tools-for-stm32.14.3.rel1.win32_1.0.100.202602081740/tools/bin/../lib/gcc/arm-none-eabi/14.3.1/../../../../arm-none-eabi/lib/thumb/v7e-m+fp/hard\libc.a(libc_a-memset.o)
                              E:/cubeIDE/STM32CubeIDE_2.1.0/STM32CubeIDE/plugins/com.st.stm32cube.ide.mcu.externaltools.gnu-tools-for-stm32.14.3.rel1.win32_1.0.100.202602081740/tools/bin/../lib/gcc/arm-none-eabi/14.3.1/../../../../arm-none-eabi/lib/thumb/v7e-m+fp/hard/crt0.o (memset)
E:/cubeIDE/STM32CubeIDE_2.1.0/STM32CubeIDE/plugins/com.st.stm32cube.ide.mcu.externaltools.gnu-tools-for-stm32.14.3.rel1.win32_1.0.100.202602081740/tools/bin/../lib/gcc/arm-none-eabi/14.3.1/../../../../arm-none-eabi/lib/thumb/v7e-m+fp/hard\libc.a(libc_a-closer.o)
                              E:/cubeIDE/STM32CubeIDE_2.1.0/STM32CubeIDE/plugins/com.st.stm32cube.ide.mcu.externaltools.gnu-tools-for-stm32.14.3.rel1.win32_1.0.100.202602081740/tools/bin/../lib/gcc/arm-none-eabi/14.3.1/../../../../arm-none-eabi/lib/thumb/v7e-m+fp/hard\libc.a(libc_a-stdio.o) (_close_r)
E:/cubeIDE/STM32CubeIDE_2.1.0/STM32CubeIDE/plugins/com.st.stm32cube.ide.mcu.externaltools.gnu-tools-for-stm32.14.3.rel1.win32_1.0.100.202602081740/tools/bin/../lib/gcc/arm-none-eabi/14.3.1/../../../../arm-none-eabi/lib/thumb/v7e-m+fp/hard\libc.a(libc_a-reent.o)
                              E:/cubeIDE/STM32CubeIDE_2.1.0/STM32CubeIDE/plugins/com.st.stm32cube.ide.mcu.externaltools.gnu-tools-for-stm32.14.3.rel1.win32_1.0.100.202602081740/tools/bin/../lib/gcc/arm-none-eabi/14.3.1/../../../../arm-none-eabi/lib/thumb/v7e-m+fp/hard\libc.a(libc_a-closer.o) (errno)
E:/cubeIDE/STM32CubeIDE_2.1.0/STM32CubeIDE/plugins/com.st.stm32cube.ide.mcu.externaltools.gnu-tools-for-stm32.14.3.rel1.win32_1.0.100.202602081740/tools/bin/../lib/gcc/arm-none-eabi/14.3.1/../../../../arm-none-eabi/lib/thumb/v7e-m+fp/hard\libc.a(libc_a-impure.o)
[...]
Memory Configuration

Name             Origin             Length             Attributes
RAM              0x20000000         0x00018000         xrw
RAM2             0x10000000         0x00008000         xrw
FLASH            0x08000000         0x00100000         xr
*default*        0x00000000         0xffffffff

Linker script and memory map

LOAD E:/cubeIDE/STM32CubeIDE_2.1.0/STM32CubeIDE/plugins/com.st.stm32cube.ide.mcu.externaltools.gnu-tools-for-stm32.14.3.rel1.win32_1.0.100.202602081740/tools/bin/../lib/gcc/arm-none-eabi/14.3.1/thumb/v7e-m+fp/hard/crti.o
LOAD E:/cubeIDE/STM32CubeIDE_2.1.0/STM32CubeIDE/plugins/com.st.stm32cube.ide.mcu.externaltools.gnu-tools-for-stm32.14.3.rel1.win32_1.0.100.202602081740/tools/bin/../lib/gcc/arm-none-eabi/14.3.1/thumb/v7e-m+fp/hard/crtbegin.o
LOAD E:/cubeIDE/STM32CubeIDE_2.1.0/STM32CubeIDE/plugins/com.st.stm32cube.ide.mcu.externaltools.gnu-tools-for-stm32.14.3.rel1.win32_1.0.100.202602081740/tools/bin/../lib/gcc/arm-none-eabi/14.3.1/../../../../arm-none-eabi/lib/thumb/v7e-m+fp/hard/crt0.o
LOAD ./Core/Src/gpio.o
LOAD ./Core/Src/main.o
LOAD ./Core/Src/operational_variables.o
LOAD ./Core/Src/spi.o
LOAD ./Core/Src/stm32l4xx_hal_msp.o
LOAD ./Core/Src/stm32l4xx_it.o
LOAD ./Core/Src/syscalls.o
LOAD ./Core/Src/sysmem.o
LOAD ./Core/Src/system_stm32l4xx.o
LOAD ./Core/Src/tim.o
LOAD ./Core/Src/usart.o
LOAD ./Core/Startup/startup_stm32l476rgtx.o
LOAD ./Drivers/STM32L4xx_HAL_Driver/Src/stm32l4xx_hal.o
LOAD ./Drivers/STM32L4xx_HAL_Driver/Src/stm32l4xx_hal_cortex.o
LOAD ./Drivers/STM32L4xx_HAL_Driver/Src/stm32l4xx_hal_dma.o
LOAD ./Drivers/STM32L4xx_HAL_Driver/Src/stm32l4xx_hal_dma_ex.o
LOAD ./Drivers/STM32L4xx_HAL_Driver/Src/stm32l4xx_hal_exti.o
LOAD ./Drivers/STM32L4xx_HAL_Driver/Src/stm32l4xx_hal_flash.o
LOAD ./Drivers/STM32L4xx_HAL_Driver/Src/stm32l4xx_hal_flash_ex.o
LOAD ./Drivers/STM32L4xx_HAL_Driver/Src/stm32l4xx_hal_flash_ramfunc.o
LOAD ./Drivers/STM32L4xx_HAL_Driver/Src/stm32l4xx_hal_gpio.o
LOAD ./Drivers/STM32L4xx_HAL_Driver/Src/stm32l4xx_hal_i2c.o
LOAD ./Drivers/STM32L4xx_HAL_Driver/Src/stm32l4xx_hal_i2c_ex.o
LOAD ./Drivers/STM32L4xx_HAL_Driver/Src/stm32l4xx_hal_pwr.o
LOAD ./Drivers/STM32L4xx_HAL_Driver/Src/stm32l4xx_hal_pwr_ex.o
LOAD ./Drivers/STM32L4xx_HAL_Driver/Src/stm32l4xx_hal_rcc.o
LOAD ./Drivers/STM32L4xx_HAL_Driver/Src/stm32l4xx_hal_rcc_ex.o
LOAD ./Drivers/STM32L4xx_HAL_Driver/Src/stm32l4xx_hal_spi.o
LOAD ./Drivers/STM32L4xx_HAL_Driver/Src/stm32l4xx_hal_spi_ex.o
LOAD ./Drivers/STM32L4xx_HAL_Driver/Src/stm32l4xx_hal_tim.o
LOAD ./Drivers/STM32L4xx_HAL_Driver/Src/stm32l4xx_hal_tim_ex.o
LOAD ./Drivers/STM32L4xx_HAL_Driver/Src/stm32l4xx_hal_uart.o
LOAD ./Drivers/STM32L4xx_HAL_Driver/Src/stm32l4xx_hal_uart_ex.o
LOAD ./User/Config/DEV_Config.o
LOAD ./User/Fonts/font12.o
LOAD ./User/Fonts/font16.o
LOAD ./User/Fonts/font20.o
LOAD ./User/Fonts/font24.o
LOAD ./User/Fonts/font8.o
LOAD ./User/LCD/LCD_Driver.o
LOAD ./User/LCD/LCD_GUI.o
START GROUP
LOAD E:/cubeIDE/STM32CubeIDE_2.1.0/STM32CubeIDE/plugins/com.st.stm32cube.ide.mcu.externaltools.gnu-tools-for-stm32.14.3.rel1.win32_1.0.100.202602081740/tools/bin/../lib/gcc/arm-none-eabi/14.3.1/../../../../arm-none-eabi/lib/thumb/v7e-m+fp/hard\libc.a
LOAD E:/cubeIDE/STM32CubeIDE_2.1.0/STM32CubeIDE/plugins/com.st.stm32cube.ide.mcu.externaltools.gnu-tools-for-stm32.14.3.rel1.win32_1.0.100.202602081740/tools/bin/../lib/gcc/arm-none-eabi/14.3.1/../../../../arm-none-eabi/lib/thumb/v7e-m+fp/hard\libm.a
END GROUP
START GROUP
LOAD E:/cubeIDE/STM32CubeIDE_2.1.0/STM32CubeIDE/plugins/com.st.stm32cube.ide.mcu.externaltools.gnu-tools-for-stm32.14.3.rel1.win32_1.0.100.202602081740/tools/bin/../lib/gcc/arm-none-eabi/14.3.1/thumb/v7e-m+fp/hard\libgcc.a
LOAD E:/cubeIDE/STM32CubeIDE_2.1.0/STM32CubeIDE/plugins/com.st.stm32cube.ide.mcu.externaltools.gnu-tools-for-stm32.14.3.rel1.win32_1.0.100.202602081740/tools/bin/../lib/gcc/arm-none-eabi/14.3.1/../../../../arm-none-eabi/lib/thumb/v7e-m+fp/hard\libc.a
END GROUP
START GROUP
LOAD E:/cubeIDE/STM32CubeIDE_2.1.0/STM32CubeIDE/plugins/com.st.stm32cube.ide.mcu.externaltools.gnu-tools-for-stm32.14.3.rel1.win32_1.0.100.202602081740/tools/bin/../lib/gcc/arm-none-eabi/14.3.1/thumb/v7e-m+fp/hard\libgcc.a
LOAD E:/cubeIDE/STM32CubeIDE_2.1.0/STM32CubeIDE/plugins/com.st.stm32cube.ide.mcu.externaltools.gnu-tools-for-stm32.14.3.rel1.win32_1.0.100.202602081740/tools/bin/../lib/gcc/arm-none-eabi/14.3.1/../../../../arm-none-eabi/lib/thumb/v7e-m+fp/hard\libc.a
LOAD E:/cubeIDE/STM32CubeIDE_2.1.0/STM32CubeIDE/plugins/com.st.stm32cube.ide.mcu.externaltools.gnu-tools-for-stm32.14.3.rel1.win32_1.0.100.202602081740/tools/bin/../lib/gcc/arm-none-eabi/14.3.1/../../../../arm-none-eabi/lib/thumb/v7e-m+fp/hard\libnosys.a
END GROUP
LOAD E:/cubeIDE/STM32CubeIDE_2.1.0/STM32CubeIDE/plugins/com.st.stm32cube.ide.mcu.externaltools.gnu-tools-for-stm32.14.3.rel1.win32_1.0.100.202602081740/tools/bin/../lib/gcc/arm-none-eabi/14.3.1/thumb/v7e-m+fp/hard/crtend.o
LOAD E:/cubeIDE/STM32CubeIDE_2.1.0/STM32CubeIDE/plugins/com.st.stm32cube.ide.mcu.externaltools.gnu-tools-for-stm32.14.3.rel1.win32_1.0.100.202602081740/tools/bin/../lib/gcc/arm-none-eabi/14.3.1/thumb/v7e-m+fp/hard/crtn.o
                0x20018000                        _estack = (ORIGIN (RAM) + LENGTH (RAM))
                0x00000200                        _Min_Heap_Size = 0x200
                0x00000400                        _Min_Stack_Size = 0x400

.isr_vector     0x08000000      0x188
                0x08000000                        . = ALIGN (0x4)
 *(.isr_vector)
 .isr_vector    0x08000000      0x188 ./Core/Startup/startup_stm32l476rgtx.o
                0x08000000                g_pfnVectors
                0x08000188                        . = ALIGN (0x4)

.text           0x080001c0     0xd214
                0x080001c0                        . = ALIGN (0x4)
 *(.text)
 .text          0x080001c0       0x40 E:/cubeIDE/STM32CubeIDE_2.1.0/STM32CubeIDE/plugins/com.st.stm32cube.ide.mcu.externaltools.gnu-tools-for-stm32.14.3.rel1.win32_1.0.100.202602081740/tools/bin/../lib/gcc/arm-none-eabi/14.3.1/thumb/v7e-m+fp/hard/crtbegin.o
 .text          0x08000200       0xd8 E:/cubeIDE/STM32CubeIDE_2.1.0/STM32CubeIDE/plugins/com.st.stm32cube.ide.mcu.externaltools.gnu-tools-for-stm32.14.3.rel1.win32_1.0.100.202602081740/tools/bin/../lib/gcc/arm-none-eabi/14.3.1/../../../../arm-none-eabi/lib/thumb/v7e-m+fp/hard\libc.a(libc_a-strlen.o)
                0x08000200                strlen
 *fill*         0x080002d8        0x8 
 .text          0x080002e0       0xa0 E:/cubeIDE/STM32CubeIDE_2.1.0/STM32CubeIDE/plugins/com.st.stm32cube.ide.mcu.externaltools.gnu-tools-for-stm32.14.3.rel1.win32_1.0.100.202602081740/tools/bin/../lib/gcc/arm-none-eabi/14.3.1/../../../../arm-none-eabi/lib/thumb/v7e-m+fp/hard\libc.a(libc_a-memchr.o)
                0x080002e0                memchr
 .text          0x08000380      0x134 E:/cubeIDE/STM32CubeIDE_2.1.0/STM32CubeIDE/plugins/com.st.stm32cube.ide.mcu.externaltools.gnu-tools-for-stm32.14.3.rel1.win32_1.0.100.202602081740/tools/bin/../lib/gcc/arm-none-eabi/14.3.1/../../../../arm-none-eabi/lib/thumb/v7e-m+fp/hard\libc.a(libc_a-memcpy.o)
                0x08000380                memcpy
 .text          0x080004b4      0x378 E:/cubeIDE/STM32CubeIDE_2.1.0/STM32CubeIDE/plugins/com.st.stm32cube.ide.mcu.externaltools.gnu-tools-for-stm32.14.3.rel1.win32_1.0.100.202602081740/tools/bin/../lib/gcc/arm-none-eabi/14.3.1/thumb/v7e-m+fp/hard\libgcc.a(_arm_addsubdf3.o)
                0x080004b4                __aeabi_drsub
                0x080004bc                __aeabi_dsub
                0x080004bc                __subdf3
                0x080004c0                __aeabi_dadd
                0x080004c0                __adddf3
                0x08000738                __floatunsidf
                0x08000738                __aeabi_ui2d
                0x08000758                __floatsidf
                0x08000758                __aeabi_i2d
                0x0800077c                __aeabi_f2d
                0x0800077c                __extendsfdf2
                0x080007c0                __floatundidf
                0x080007c0                __aeabi_ul2d
                0x080007d0                __floatdidf
                0x080007d0                __aeabi_l2d
 .text          0x0800082c      0x424 E:/cubeIDE/STM32CubeIDE_2.1.0/STM32CubeIDE/plugins/com.st.stm32cube.ide.mcu.externaltools.gnu-tools-for-stm32.14.3.rel1.win32_1.0.100.202602081740/tools/bin/../lib/gcc/arm-none-eabi/14.3.1/thumb/v7e-m+fp/hard\libgcc.a(_arm_muldivdf3.o)
                0x0800082c                __aeabi_dmul
                0x0800082c                __muldf3
                0x08000a80                __divdf3
                0x08000a80                __aeabi_ddiv
 .text          0x08000c50      0x110 E:/cubeIDE/STM32CubeIDE_2.1.0/STM32CubeIDE/plugins/com.st.stm32cube.ide.mcu.externaltools.gnu-tools-for-stm32.14.3.rel1.win32_1.0.100.202602081740/tools/bin/../lib/gcc/arm-none-eabi/14.3.1/thumb/v7e-m+fp/hard\libgcc.a(_arm_cmpdf2.o)
                0x08000c50                __gtdf2
                0x08000c50                __gedf2
                0x08000c58                __ltdf2
                0x08000c58                __ledf2
                0x08000c60                __nedf2
                0x08000c60                __eqdf2
                0x08000c60                __cmpdf2
                0x08000cdc                __aeabi_cdrcmple
                0x08000cec                __aeabi_cdcmpeq
                0x08000cec                __aeabi_cdcmple
                0x08000cfc                __aeabi_dcmpeq
                0x08000d10                __aeabi_dcmplt
                0x08000d24                __aeabi_dcmple
                0x08000d38                __aeabi_dcmpge
                0x08000d4c                __aeabi_dcmpgt
 .text          0x08000d60       0x2c E:/cubeIDE/STM32CubeIDE_2.1.0/STM32CubeIDE/plugins/com.st.stm32cube.ide.mcu.externaltools.gnu-tools-for-stm32.14.3.rel1.win32_1.0.100.202602081740/tools/bin/../lib/gcc/arm-none-eabi/14.3.1/thumb/v7e-m+fp/hard\libgcc.a(_arm_unorddf2.o)
                0x08000d60                __unorddf2
                0x08000d60                __aeabi_dcmpun
 .text          0x08000d8c       0x50 E:/cubeIDE/STM32CubeIDE_2.1.0/STM32CubeIDE/plugins/com.st.stm32cube.ide.mcu.externaltools.gnu-tools-for-stm32.14.3.rel1.win32_1.0.100.202602081740/tools/bin/../lib/gcc/arm-none-eabi/14.3.1/thumb/v7e-m+fp/hard\libgcc.a(_arm_fixdfsi.o)
                0x08000d8c                __aeabi_d2iz
                0x08000d8c                __fixdfsi
 .text          0x08000ddc       0x30 E:/cubeIDE/STM32CubeIDE_2.1.0/STM32CubeIDE/plugins/com.st.stm32cube.ide.mcu.externaltools.gnu-tools-for-stm32.14.3.rel1.win32_1.0.100.202602081740/tools/bin/../lib/gcc/arm-none-eabi/14.3.1/thumb/v7e-m+fp/hard\libgcc.a(_aeabi_uldivmod.o)
                0x08000ddc                __aeabi_uldivmod
 .text          0x08000e0c      0x2f8 E:/cubeIDE/STM32CubeIDE_2.1.0/STM32CubeIDE/plugins/com.st.stm32cube.ide.mcu.externaltools.gnu-tools-for-stm32.14.3.rel1.win32_1.0.100.202602081740/tools/bin/../lib/gcc/arm-none-eabi/14.3.1/thumb/v7e-m+fp/hard\libgcc.a(_udivmoddi4.o)
                0x08000e0c                __udivmoddi4
 .text          0x08001104        0x4 E:/cubeIDE/STM32CubeIDE_2.1.0/STM32CubeIDE/plugins/com.st.stm32cube.ide.mcu.externaltools.gnu-tools-for-stm32.14.3.rel1.win32_1.0.100.202602081740/tools/bin/../lib/gcc/arm-none-eabi/14.3.1/thumb/v7e-m+fp/hard\libgcc.a(_dvmd_tls.o)
                0x08001104                __aeabi_idiv0
                0x08001104                __aeabi_ldiv0
 *(.text*)
 .text.MX_GPIO_Init
                0x08001108      0x124 ./Core/Src/gpio.o
                0x08001108                MX_GPIO_Init
 .text.__NVIC_SetPriority
                0x0800122c       0x54 ./Core/Src/main.o
 .text.SysTick_Config
                0x08001280       0x44 ./Core/Src/main.o
 .text.main     0x080012c4      0x158 ./Core/Src/main.o
                0x080012c4                main
 .text.SystemClock_Config
                0x0800141c       0xa2 ./Core/Src/main.o
                0x0800141c                SystemClock_Config
 *fill*         0x080014be        0x2 
 .text.HAL_UART_RxCpltCallback
                0x080014c0       0x98 ./Core/Src/main.o
                0x080014c0                HAL_UART_RxCpltCallback
 .text.Error_Handler
                0x08001558        0xc ./Core/Src/main.o
                0x08001558                Error_Handler
 .text.get_wifi_status
                0x08001564       0x1c ./Core/Src/operational_variables.o
                0x08001564                get_wifi_status
 .text.get_temperature
                0x08001580       0x30 ./Core/Src/operational_variables.o
                0x08001580                get_temperature
 .text.get_humidity
                0x080015b0       0x24 ./Core/Src/operational_variables.o
                0x080015b0                get_humidity
 .text.get_pressure
                0x080015d4       0x24 ./Core/Src/operational_variables.o
                0x080015d4                get_pressure
 .text.get_light_intensity
                0x080015f8       0x24 ./Core/Src/operational_variables.o
                0x080015f8                get_light_intensity
 .text.MX_SPI1_Init
                0x0800161c       0x7c ./Core/Src/spi.o
                0x0800161c                MX_SPI1_Init
 .text.HAL_SPI_MspInit
                0x08001698       0x84 ./Core/Src/spi.o
                0x08001698                HAL_SPI_MspInit
 .text.HAL_MspInit
                0x0800171c       0x48 ./Core/Src/stm32l4xx_hal_msp.o
                0x0800171c                HAL_MspInit
 .text.NMI_Handler
                0x08001764        0x8 ./Core/Src/stm32l4xx_it.o
                0x08001764                NMI_Handler
 .text.HardFault_Handler
                0x0800176c        0x8 ./Core/Src/stm32l4xx_it.o
                0x0800176c                HardFault_Handler
 .text.MemManage_Handler
                0x08001774        0x8 ./Core/Src/stm32l4xx_it.o
                0x08001774                MemManage_Handler
 .text.BusFault_Handler
                0x0800177c        0x8 ./Core/Src/stm32l4xx_it.o
                0x0800177c                BusFault_Handler
 .text.UsageFault_Handler
                0x08001784        0x8 ./Core/Src/stm32l4xx_it.o
                0x08001784                UsageFault_Handler
 .text.SVC_Handler
                0x0800178c        0xe ./Core/Src/stm32l4xx_it.o
                0x0800178c                SVC_Handler
 .text.DebugMon_Handler
                0x0800179a        0xe ./Core/Src/stm32l4xx_it.o
                0x0800179a                DebugMon_Handler
 .text.PendSV_Handler
                0x080017a8        0xe ./Core/Src/stm32l4xx_it.o
                0x080017a8                PendSV_Handler
 *fill*         0x080017b6        0x2 
 .text.SysTick_Handler
                0x080017b8       0x1c ./Core/Src/stm32l4xx_it.o
                0x080017b8                SysTick_Handler
 .text.USART2_IRQHandler
                0x080017d4       0x14 ./Core/Src/stm32l4xx_it.o
                0x080017d4                USART2_IRQHandler
 .text.USART3_IRQHandler
                0x080017e8       0x14 ./Core/Src/stm32l4xx_it.o
                0x080017e8                USART3_IRQHandler
 .text._getpid  0x080017fc       0x10 ./Core/Src/syscalls.o
                0x080017fc                _getpid
 .text._kill    0x0800180c       0x20 ./Core/Src/syscalls.o
                0x0800180c                _kill
 .text._exit    0x0800182c       0x16 ./Core/Src/syscalls.o
                0x0800182c                _exit
 .text._read    0x08001842       0x3a ./Core/Src/syscalls.o
                0x08001842                _read
 .text._write   0x0800187c       0x38 ./Core/Src/syscalls.o
                0x0800187c                _write
 .text._close   0x080018b4       0x18 ./Core/Src/syscalls.o
                0x080018b4                _close
 .text._fstat   0x080018cc       0x20 ./Core/Src/syscalls.o
                0x080018cc                _fstat
 .text._isatty  0x080018ec       0x16 ./Core/Src/syscalls.o
                0x080018ec                _isatty
 .text._lseek   0x08001902       0x1a ./Core/Src/syscalls.o
                0x08001902                _lseek
 .text._sbrk    0x0800191c       0x6c ./Core/Src/sysmem.o
                0x0800191c                _sbrk
 .text.SystemInit
                0x08001988       0x24 ./Core/Src/system_stm32l4xx.o
                0x08001988                SystemInit
 .text.MX_TIM6_Init
                0x080019ac       0x6c ./Core/Src/tim.o
                0x080019ac                MX_TIM6_Init
 .text.HAL_TIM_Base_MspInit
                0x08001a18       0x40 ./Core/Src/tim.o
                0x08001a18                HAL_TIM_Base_MspInit
 .text.MX_USART2_UART_Init
                0x08001a58       0x60 ./Core/Src/usart.o
                0x08001a58                MX_USART2_UART_Init
 .text.MX_USART3_UART_Init
                0x08001ab8       0x60 ./Core/Src/usart.o
                0x08001ab8                MX_USART3_UART_Init
 .text.HAL_UART_MspInit
                0x08001b18      0x164 ./Core/Src/usart.o
                0x08001b18                HAL_UART_MspInit
 .text.Reset_Handler
                0x08001c7c       0x50 ./Core/Startup/startup_stm32l476rgtx.o
                0x08001c7c                Reset_Handler
 .text.Default_Handler
                0x08001ccc        0x2 ./Core/Startup/startup_stm32l476rgtx.o
                0x08001ccc                RTC_Alarm_IRQHandler
                0x08001ccc                EXTI2_IRQHandler
                0x08001ccc                TIM8_TRG_COM_IRQHandler
                0x08001ccc                TIM8_CC_IRQHandler
                0x08001ccc                TIM1_CC_IRQHandler
                0x08001ccc                TSC_IRQHandler
                0x08001ccc                TAMP_STAMP_IRQHandler
                0x08001ccc                EXTI3_IRQHandler
                0x08001ccc                LPTIM2_IRQHandler
                0x08001ccc                DFSDM1_FLT1_IRQHandler
                0x08001ccc                I2C3_ER_IRQHandler
                0x08001ccc                DFSDM1_FLT2_IRQHandler
                0x08001ccc                EXTI0_IRQHandler
                0x08001ccc                I2C2_EV_IRQHandler
                0x08001ccc                CAN1_RX0_IRQHandler
                0x08001ccc                FPU_IRQHandler
                0x08001ccc                TIM1_UP_TIM16_IRQHandler
                0x08001ccc                ADC1_2_IRQHandler
                0x08001ccc                SPI1_IRQHandler
                0x08001ccc                TIM6_DAC_IRQHandler
                0x08001ccc                TIM8_UP_IRQHandler
                0x08001ccc                DMA2_Channel2_IRQHandler
                0x08001ccc                DMA1_Channel4_IRQHandler
                0x08001ccc                SAI2_IRQHandler
                0x08001ccc                DFSDM1_FLT3_IRQHandler
                0x08001ccc                DMA1_Channel7_IRQHandler
                0x08001ccc                CAN1_RX1_IRQHandler
                0x08001ccc                LCD_IRQHandler
                0x08001ccc                UART5_IRQHandler
                0x08001ccc                ADC3_IRQHandler
                0x08001ccc                TIM4_IRQHandler
                0x08001ccc                DMA2_Channel1_IRQHandler
                0x08001ccc                QUADSPI_IRQHandler
                0x08001ccc                I2C1_EV_IRQHandler
                0x08001ccc                DMA1_Channel6_IRQHandler
                0x08001ccc                UART4_IRQHandler
                0x08001ccc                DMA2_Channel4_IRQHandler
                0x08001ccc                TIM3_IRQHandler
                0x08001ccc                RCC_IRQHandler
                0x08001ccc                DMA1_Channel1_IRQHandler
                0x08001ccc                Default_Handler
                0x08001ccc                DMA2_Channel7_IRQHandler
                0x08001ccc                EXTI15_10_IRQHandler
                0x08001ccc                TIM7_IRQHandler
                0x08001ccc                SDMMC1_IRQHandler
                0x08001ccc                TIM5_IRQHandler
                0x08001ccc                I2C3_EV_IRQHandler
                0x08001ccc                EXTI9_5_IRQHandler
                0x08001ccc                RTC_WKUP_IRQHandler
                0x08001ccc                PVD_PVM_IRQHandler
                0x08001ccc                SPI2_IRQHandler
                0x08001ccc                CAN1_TX_IRQHandler
                0x08001ccc                DMA2_Channel5_IRQHandler
                0x08001ccc                DMA1_Channel5_IRQHandler
                0x08001ccc                EXTI4_IRQHandler
                0x08001ccc                RNG_IRQHandler
                0x08001ccc                TIM1_TRG_COM_TIM17_IRQHandler
                0x08001ccc                DMA1_Channel3_IRQHandler
                0x08001ccc                COMP_IRQHandler
                0x08001ccc                WWDG_IRQHandler
                0x08001ccc                LPUART1_IRQHandler
                0x08001ccc                DMA2_Channel6_IRQHandler
                0x08001ccc                TIM2_IRQHandler
                0x08001ccc                EXTI1_IRQHandler
                0x08001ccc                DFSDM1_FLT0_IRQHandler
                0x08001ccc                I2C2_ER_IRQHandler
                0x08001ccc                DMA1_Channel2_IRQHandler
                0x08001ccc                TIM8_BRK_IRQHandler
                0x08001ccc                CAN1_SCE_IRQHandler
                0x08001ccc                FLASH_IRQHandler
                0x08001ccc                USART1_IRQHandler
                0x08001ccc                OTG_FS_IRQHandler
                0x08001ccc                SPI3_IRQHandler
                0x08001ccc                I2C1_ER_IRQHandler
                0x08001ccc                FMC_IRQHandler
                0x08001ccc                SWPMI1_IRQHandler
                0x08001ccc                LPTIM1_IRQHandler
                0x08001ccc                SAI1_IRQHandler
                0x08001ccc                DMA2_Channel3_IRQHandler
                0x08001ccc                TIM1_BRK_TIM15_IRQHandler
 *fill*         0x08001cce        0x2 
 .text.HAL_Init
                0x08001cd0       0x40 ./Drivers/STM32L4xx_HAL_Driver/Src/stm32l4xx_hal.o
                0x08001cd0                HAL_Init
 .text.HAL_InitTick
                0x08001d10       0x78 ./Drivers/STM32L4xx_HAL_Driver/Src/stm32l4xx_hal.o
                0x08001d10                HAL_InitTick
 .text.HAL_IncTick
                0x08001d88       0x28 ./Drivers/STM32L4xx_HAL_Driver/Src/stm32l4xx_hal.o
                0x08001d88                HAL_IncTick
 .text.HAL_GetTick
                0x08001db0       0x18 ./Drivers/STM32L4xx_HAL_Driver/Src/stm32l4xx_hal.o
                0x08001db0                HAL_GetTick
 .text.HAL_Delay
                0x08001dc8       0x48 ./Drivers/STM32L4xx_HAL_Driver/Src/stm32l4xx_hal.o
                0x08001dc8                HAL_Delay
 .text.__NVIC_SetPriorityGrouping
                0x08001e10       0x48 ./Drivers/STM32L4xx_HAL_Driver/Src/stm32l4xx_hal_cortex.o
 .text.__NVIC_GetPriorityGrouping
                0x08001e58       0x1c ./Drivers/STM32L4xx_HAL_Driver/Src/stm32l4xx_hal_cortex.o
 .text.__NVIC_EnableIRQ
                0x08001e74       0x3c ./Drivers/STM32L4xx_HAL_Driver/Src/stm32l4xx_hal_cortex.o
 .text.__NVIC_SetPriority
                0x08001eb0       0x54 ./Drivers/STM32L4xx_HAL_Driver/Src/stm32l4xx_hal_cortex.o
 .text.NVIC_EncodePriority
                0x08001f04       0x66 ./Drivers/STM32L4xx_HAL_Driver/Src/stm32l4xx_hal_cortex.o
 *fill*         0x08001f6a        0x2 
 .text.SysTick_Config
                0x08001f6c       0x44 ./Drivers/STM32L4xx_HAL_Driver/Src/stm32l4xx_hal_cortex.o
 .text.HAL_NVIC_SetPriorityGrouping
                0x08001fb0       0x16 ./Drivers/STM32L4xx_HAL_Driver/Src/stm32l4xx_hal_cortex.o
                0x08001fb0                HAL_NVIC_SetPriorityGrouping
 .text.HAL_NVIC_SetPriority
                0x08001fc6       0x38 ./Drivers/STM32L4xx_HAL_Driver/Src/stm32l4xx_hal_cortex.o
                0x08001fc6                HAL_NVIC_SetPriority
 .text.HAL_NVIC_EnableIRQ
                0x08001ffe       0x1c ./Drivers/STM32L4xx_HAL_Driver/Src/stm32l4xx_hal_cortex.o
                0x08001ffe                HAL_NVIC_EnableIRQ
 .text.HAL_SYSTICK_Config
                0x0800201a       0x18 ./Drivers/STM32L4xx_HAL_Driver/Src/stm32l4xx_hal_cortex.o
                0x0800201a                HAL_SYSTICK_Config
 .text.HAL_DMA_Abort
                0x08002032       0x82 ./Drivers/STM32L4xx_HAL_Driver/Src/stm32l4xx_hal_dma.o
                0x08002032                HAL_DMA_Abort
 .text.HAL_DMA_Abort_IT
                0x080020b4       0x82 ./Drivers/STM32L4xx_HAL_Driver/Src/stm32l4xx_hal_dma.o
                0x080020b4                HAL_DMA_Abort_IT
 *fill*         0x08002136        0x2 
 .text.HAL_GPIO_Init
                0x08002138      0x354 ./Drivers/STM32L4xx_HAL_Driver/Src/stm32l4xx_hal_gpio.o
                0x08002138                HAL_GPIO_Init
 .text.HAL_GPIO_WritePin
                0x0800248c       0x30 ./Drivers/STM32L4xx_HAL_Driver/Src/stm32l4xx_hal_gpio.o
                0x0800248c                HAL_GPIO_WritePin
 .text.HAL_PWREx_GetVoltageRange
                0x080024bc       0x1c ./Drivers/STM32L4xx_HAL_Driver/Src/stm32l4xx_hal_pwr_ex.o
                0x080024bc                HAL_PWREx_GetVoltageRange
 .text.HAL_PWREx_ControlVoltageScaling
                0x080024d8       0xac ./Drivers/STM32L4xx_HAL_Driver/Src/stm32l4xx_hal_pwr_ex.o
                0x080024d8                HAL_PWREx_ControlVoltageScaling
 .text.HAL_RCC_OscConfig
                0x08002584      0x7b8 ./Drivers/STM32L4xx_HAL_Driver/Src/stm32l4xx_hal_rcc.o
                0x08002584                HAL_RCC_OscConfig
 .text.HAL_RCC_ClockConfig
                0x08002d3c      0x200 ./Drivers/STM32L4xx_HAL_Driver/Src/stm32l4xx_hal_rcc.o
                0x08002d3c                HAL_RCC_ClockConfig
 .text.HAL_RCC_GetSysClockFreq
                0x08002f3c      0x118 ./Drivers/STM32L4xx_HAL_Driver/Src/stm32l4xx_hal_rcc.o
                0x08002f3c                HAL_RCC_GetSysClockFreq
 .text.HAL_RCC_GetHCLKFreq
                0x08003054       0x18 ./Drivers/STM32L4xx_HAL_Driver/Src/stm32l4xx_hal_rcc.o
                0x08003054                HAL_RCC_GetHCLKFreq
 .text.HAL_RCC_GetPCLK1Freq
                0x0800306c       0x2c ./Drivers/STM32L4xx_HAL_Driver/Src/stm32l4xx_hal_rcc.o
                0x0800306c                HAL_RCC_GetPCLK1Freq
 .text.HAL_RCC_GetPCLK2Freq
                0x08003098       0x2c ./Drivers/STM32L4xx_HAL_Driver/Src/stm32l4xx_hal_rcc.o
                0x08003098                HAL_RCC_GetPCLK2Freq
 .text.RCC_SetFlashLatencyFromMSIRange
                0x080030c4       0xc0 ./Drivers/STM32L4xx_HAL_Driver/Src/stm32l4xx_hal_rcc.o
 .text.HAL_RCCEx_PeriphCLKConfig
                0x08003184      0x5d4 ./Drivers/STM32L4xx_HAL_Driver/Src/stm32l4xx_hal_rcc_ex.o
                0x08003184                HAL_RCCEx_PeriphCLKConfig
 .text.RCCEx_PLLSAI1_Config
                0x08003758      0x1e8 ./Drivers/STM32L4xx_HAL_Driver/Src/stm32l4xx_hal_rcc_ex.o
 .text.RCCEx_PLLSAI2_Config
                0x08003940      0x1bc ./Drivers/STM32L4xx_HAL_Driver/Src/stm32l4xx_hal_rcc_ex.o
 .text.HAL_SPI_Init
                0x08003afc      0x146 ./Drivers/STM32L4xx_HAL_Driver/Src/stm32l4xx_hal_spi.o
                0x08003afc                HAL_SPI_Init
 .text.HAL_TIM_Base_Init
                0x08003c42       0xae ./Drivers/STM32L4xx_HAL_Driver/Src/stm32l4xx_hal_tim.o
                0x08003c42                HAL_TIM_Base_Init
 .text.HAL_TIM_PWM_Start
                0x08003cf0      0x20c ./Drivers/STM32L4xx_HAL_Driver/Src/stm32l4xx_hal_tim.o
                0x08003cf0                HAL_TIM_PWM_Start
 .text.HAL_TIM_PWM_ConfigChannel
                0x08003efc      0x228 ./Drivers/STM32L4xx_HAL_Driver/Src/stm32l4xx_hal_tim.o
                0x08003efc                HAL_TIM_PWM_ConfigChannel
 .text.TIM_Base_SetConfig
                0x08004124      0x140 ./Drivers/STM32L4xx_HAL_Driver/Src/stm32l4xx_hal_tim.o
                0x08004124                TIM_Base_SetConfig
 .text.TIM_OC1_SetConfig
                0x08004264      0x124 ./Drivers/STM32L4xx_HAL_Driver/Src/stm32l4xx_hal_tim.o
 .text.TIM_OC2_SetConfig
                0x08004388      0x118 ./Drivers/STM32L4xx_HAL_Driver/Src/stm32l4xx_hal_tim.o
                0x08004388                TIM_OC2_SetConfig
 .text.TIM_OC3_SetConfig
                0x080044a0      0x114 ./Drivers/STM32L4xx_HAL_Driver/Src/stm32l4xx_hal_tim.o
 .text.TIM_OC4_SetConfig
                0x080045b4       0xd4 ./Drivers/STM32L4xx_HAL_Driver/Src/stm32l4xx_hal_tim.o
 .text.TIM_OC5_SetConfig
                0x08004688       0xc8 ./Drivers/STM32L4xx_HAL_Driver/Src/stm32l4xx_hal_tim.o
 .text.TIM_OC6_SetConfig
                0x08004750       0xcc ./Drivers/STM32L4xx_HAL_Driver/Src/stm32l4xx_hal_tim.o
 .text.TIM_CCxChannelCmd
                0x0800481c       0x4a ./Drivers/STM32L4xx_HAL_Driver/Src/stm32l4xx_hal_tim.o
                0x0800481c                TIM_CCxChannelCmd
 *fill*         0x08004866        0x2 
 .text.HAL_TIMEx_MasterConfigSynchronization
                0x08004868      0x110 ./Drivers/STM32L4xx_HAL_Driver/Src/stm32l4xx_hal_tim_ex.o
                0x08004868                HAL_TIMEx_MasterConfigSynchronization
 .text.HAL_UART_Init
                0x08004978       0x9c ./Drivers/STM32L4xx_HAL_Driver/Src/stm32l4xx_hal_uart.o
                0x08004978                HAL_UART_Init
 .text.HAL_UART_Transmit
                0x08004a14      0x126 ./Drivers/STM32L4xx_HAL_Driver/Src/stm32l4xx_hal_uart.o
                0x08004a14                HAL_UART_Transmit
 *fill*         0x08004b3a        0x2 
 .text.HAL_UART_Receive_IT
                0x08004b3c       0x98 ./Drivers/STM32L4xx_HAL_Driver/Src/stm32l4xx_hal_uart.o
                0x08004b3c                HAL_UART_Receive_IT
 .text.HAL_UART_IRQHandler
                0x08004bd4      0x60c ./Drivers/STM32L4xx_HAL_Driver/Src/stm32l4xx_hal_uart.o
                0x08004bd4                HAL_UART_IRQHandler
 .text.HAL_UART_TxCpltCallback
                0x080051e0       0x14 ./Drivers/STM32L4xx_HAL_Driver/Src/stm32l4xx_hal_uart.o
                0x080051e0                HAL_UART_TxCpltCallback
 .text.HAL_UART_ErrorCallback
                0x080051f4       0x14 ./Drivers/STM32L4xx_HAL_Driver/Src/stm32l4xx_hal_uart.o
                0x080051f4                HAL_UART_ErrorCallback
 .text.HAL_UARTEx_RxEventCallback
                0x08005208       0x18 ./Drivers/STM32L4xx_HAL_Driver/Src/stm32l4xx_hal_uart.o
                0x08005208                HAL_UARTEx_RxEventCallback
 .text.UART_SetConfig
                0x08005220      0x570 ./Drivers/STM32L4xx_HAL_Driver/Src/stm32l4xx_hal_uart.o
                0x08005220                UART_SetConfig
 .text.UART_AdvFeatureConfig
                0x08005790      0x144 ./Drivers/STM32L4xx_HAL_Driver/Src/stm32l4xx_hal_uart.o
                0x08005790                UART_AdvFeatureConfig
 .text.UART_CheckIdleState
                0x080058d4      0x150 ./Drivers/STM32L4xx_HAL_Driver/Src/stm32l4xx_hal_uart.o
                0x080058d4                UART_CheckIdleState
 .text.UART_WaitOnFlagUntilTimeout
                0x08005a24       0xda ./Drivers/STM32L4xx_HAL_Driver/Src/stm32l4xx_hal_uart.o
                0x08005a24                UART_WaitOnFlagUntilTimeout
 *fill*         0x08005afe        0x2 
 .text.UART_Start_Receive_IT
                0x08005b00      0x18c ./Drivers/STM32L4xx_HAL_Driver/Src/stm32l4xx_hal_uart.o
                0x08005b00                UART_Start_Receive_IT
 .text.UART_EndRxTransfer
                0x08005c8c       0xc8 ./Drivers/STM32L4xx_HAL_Driver/Src/stm32l4xx_hal_uart.o
 .text.UART_DMAAbortOnError
                0x08005d54       0x1c ./Drivers/STM32L4xx_HAL_Driver/Src/stm32l4xx_hal_uart.o
 .text.UART_EndTransmit_IT
                0x08005d70       0x54 ./Drivers/STM32L4xx_HAL_Driver/Src/stm32l4xx_hal_uart.o
 .text.UART_RxISR_8BIT
                0x08005dc4      0x1b8 ./Drivers/STM32L4xx_HAL_Driver/Src/stm32l4xx_hal_uart.o
 .text.UART_RxISR_16BIT
                0x08005f7c      0x1b8 ./Drivers/STM32L4xx_HAL_Driver/Src/stm32l4xx_hal_uart.o
 .text.HAL_UARTEx_WakeupCallback
                0x08006134       0x14 ./Drivers/STM32L4xx_HAL_Driver/Src/stm32l4xx_hal_uart_ex.o
                0x08006134                HAL_UARTEx_WakeupCallback
 .text.System_Init
                0x08006148       0x14 ./User/Config/DEV_Config.o
                0x08006148                System_Init
 .text.PWM_SetValue
                0x0800615c       0x3c ./User/Config/DEV_Config.o
                0x0800615c                PWM_SetValue
 .text.SPI4W_Write_Byte
                0x08006198       0x74 ./User/Config/DEV_Config.o
                0x08006198                SPI4W_Write_Byte
 .text.Driver_Delay_ms
                0x0800620c       0x16 ./User/Config/DEV_Config.o
                0x0800620c                Driver_Delay_ms
 .text.LCD_Reset
                0x08006222       0x4a ./User/LCD/LCD_Driver.o
 .text.LCD_SetBackLight
                0x0800626c       0x1a ./User/LCD/LCD_Driver.o
 *fill*         0x08006286        0x2 
 .text.LCD_WriteReg
                0x08006288       0x40 ./User/LCD/LCD_Driver.o
                0x08006288                LCD_WriteReg
 .text.LCD_WriteData
                0x080062c8       0x4c ./User/LCD/LCD_Driver.o
                0x080062c8                LCD_WriteData
 .text.LCD_Write_AllData
                0x08006314       0x68 ./User/LCD/LCD_Driver.o
 .text.LCD_InitReg
                0x0800637c      0x212 ./User/LCD/LCD_Driver.o
 *fill*         0x0800658e        0x2 
 .text.LCD_SetGramScanWay
                0x08006590      0x104 ./User/LCD/LCD_Driver.o
                0x08006590                LCD_SetGramScanWay
 .text.LCD_Init
                0x08006694       0x56 ./User/LCD/LCD_Driver.o
                0x08006694                LCD_Init
 .text.LCD_SetWindow
                0x080066ea       0xa0 ./User/LCD/LCD_Driver.o
                0x080066ea                LCD_SetWindow
 .text.LCD_SetCursor
                0x0800678a       0x24 ./User/LCD/LCD_Driver.o
                0x0800678a                LCD_SetCursor
 .text.LCD_SetColor
                0x080067ae       0x2c ./User/LCD/LCD_Driver.o
                0x080067ae                LCD_SetColor
 *fill*         0x080067da        0x2 
 .text.LCD_SetPointlColor
                0x080067dc       0x4c ./User/LCD/LCD_Driver.o
                0x080067dc                LCD_SetPointlColor
 .text.LCD_SetArealColor
                0x08006828       0x5a ./User/LCD/LCD_Driver.o
                0x08006828                LCD_SetArealColor
 *fill*         0x08006882        0x2 
 .text.LCD_Clear
                0x08006884       0x2c ./User/LCD/LCD_Driver.o
                0x08006884                LCD_Clear
 .text.GUI_DrawPoint
                0x080068b0       0xf0 ./User/LCD/LCD_GUI.o
                0x080068b0                GUI_DrawPoint
 .text.GUI_DisChar
                0x080069a0      0x15c ./User/LCD/LCD_GUI.o
                0x080069a0                GUI_DisChar
 .text.GUI_DisString_EN
                0x08006afc       0xa4 ./User/LCD/LCD_GUI.o
                0x08006afc                GUI_DisString_EN
 .text.stdio_exit_handler
                0x08006ba0       0x18 E:/cubeIDE/STM32CubeIDE_2.1.0/STM32CubeIDE/plugins/com.st.stm32cube.ide.mcu.externaltools.gnu-tools-for-stm32.14.3.rel1.win32_1.0.100.202602081740/tools/bin/../lib/gcc/arm-none-eabi/14.3.1/../../../../arm-none-eabi/lib/thumb/v7e-m+fp/hard\libc.a(libc_a-findfp.o)
 .text.cleanup_stdio
                0x08006bb8       0x40 E:/cubeIDE/STM32CubeIDE_2.1.0/STM32CubeIDE/plugins/com.st.stm32cube.ide.mcu.externaltools.gnu-tools-for-stm32.14.3.rel1.win32_1.0.100.202602081740/tools/bin/../lib/gcc/arm-none-eabi/14.3.1/../../../../arm-none-eabi/lib/thumb/v7e-m+fp/hard\libc.a(libc_a-findfp.o)
 .text.global_stdio_init.part.0
                0x08006bf8       0xf0 E:/cubeIDE/STM32CubeIDE_2.1.0/STM32CubeIDE/plugins/com.st.stm32cube.ide.mcu.externaltools.gnu-tools-for-stm32.14.3.rel1.win32_1.0.100.202602081740/tools/bin/../lib/gcc/arm-none-eabi/14.3.1/../../../../arm-none-eabi/lib/thumb/v7e-m+fp/hard\libc.a(libc_a-findfp.o)
 .text.__sinit  0x08006ce8       0x3c E:/cubeIDE/STM32CubeIDE_2.1.0/STM32CubeIDE/plugins/com.st.stm32cube.ide.mcu.externaltools.gnu-tools-for-stm32.14.3.rel1.win32_1.0.100.202602081740/tools/bin/../lib/gcc/arm-none-eabi/14.3.1/../../../../arm-none-eabi/lib/thumb/v7e-m+fp/hard\libc.a(libc_a-findfp.o)
                0x08006ce8                __sinit
 .text.__sfp_lock_acquire
                0x08006d24        0xc E:/cubeIDE/STM32CubeIDE_2.1.0/STM32CubeIDE/plugins/com.st.stm32cube.ide.mcu.externaltools.gnu-tools-for-stm32.14.3.rel1.win32_1.0.100.202602081740/tools/bin/../lib/gcc/arm-none-eabi/14.3.1/../../../../arm-none-eabi/lib/thumb/v7e-m+fp/hard\libc.a(libc_a-findfp.o)
                0x08006d24                __sfp_lock_acquire
 .text.__sfp_lock_release
                0x08006d30        0xc E:/cubeIDE/STM32CubeIDE_2.1.0/STM32CubeIDE/plugins/com.st.stm32cube.ide.mcu.externaltools.gnu-tools-for-stm32.14.3.rel1.win32_1.0.100.202602081740/tools/bin/../lib/gcc/arm-none-eabi/14.3.1/../../../../arm-none-eabi/lib/thumb/v7e-m+fp/hard\libc.a(libc_a-findfp.o)
                0x08006d30                __sfp_lock_release
 .text._fwalk_sglue
                0x08006d3c       0x44 E:/cubeIDE/STM32CubeIDE_2.1.0/STM32CubeIDE/plugins/com.st.stm32cube.ide.mcu.externaltools.gnu-tools-for-stm32.14.3.rel1.win32_1.0.100.202602081740/tools/bin/../lib/gcc/arm-none-eabi/14.3.1/../../../../arm-none-eabi/lib/thumb/v7e-m+fp/hard\libc.a(libc_a-fwalk.o)
                0x08006d3c                _fwalk_sglue
 .text._puts_r  0x08006d80       0xbc E:/cubeIDE/STM32CubeIDE_2.1.0/STM32CubeIDE/plugins/com.st.stm32cube.ide.mcu.externaltools.gnu-tools-for-stm32.14.3.rel1.win32_1.0.100.202602081740/tools/bin/../lib/gcc/arm-none-eabi/14.3.1/../../../../arm-none-eabi/lib/thumb/v7e-m+fp/hard\libc.a(libc_a-puts.o)
                0x08006d80                _puts_r
 .text.puts     0x08006e3c       0x10 E:/cubeIDE/STM32CubeIDE_2.1.0/STM32CubeIDE/plugins/com.st.stm32cube.ide.mcu.externaltools.gnu-tools-for-stm32.14.3.rel1.win32_1.0.100.202602081740/tools/bin/../lib/gcc/arm-none-eabi/14.3.1/../../../../arm-none-eabi/lib/thumb/v7e-m+fp/hard\libc.a(libc_a-puts.o)
                0x08006e3c                puts
 .text.sprintf  0x08006e4c       0x44 E:/cubeIDE/STM32CubeIDE_2.1.0/STM32CubeIDE/plugins/com.st.stm32cube.ide.mcu.externaltools.gnu-tools-for-stm32.14.3.rel1.win32_1.0.100.202602081740/tools/bin/../lib/gcc/arm-none-eabi/14.3.1/../../../../arm-none-eabi/lib/thumb/v7e-m+fp/hard\libc.a(libc_a-sprintf.o)
                0x08006e4c                sprintf
 .text.__sread  0x08006e90       0x24 E:/cubeIDE/STM32CubeIDE_2.1.0/STM32CubeIDE/plugins/com.st.stm32cube.ide.mcu.externaltools.gnu-tools-for-stm32.14.3.rel1.win32_1.0.100.202602081740/tools/bin/../lib/gcc/arm-none-eabi/14.3.1/../../../../arm-none-eabi/lib/thumb/v7e-m+fp/hard\libc.a(libc_a-stdio.o)
                0x08006e90                __sread
 .text.__swrite
                0x08006eb4       0x40 E:/cubeIDE/STM32CubeIDE_2.1.0/STM32CubeIDE/plugins/com.st.stm32cube.ide.mcu.externaltools.gnu-tools-for-stm32.14.3.rel1.win32_1.0.100.202602081740/tools/bin/../lib/gcc/arm-none-eabi/14.3.1/../../../../arm-none-eabi/lib/thumb/v7e-m+fp/hard\libc.a(libc_a-stdio.o)
                0x08006eb4                __swrite
 .text.__sseek  0x08006ef4       0x24 E:/cubeIDE/STM32CubeIDE_2.1.0/STM32CubeIDE/plugins/com.st.stm32cube.ide.mcu.externaltools.gnu-tools-for-stm32.14.3.rel1.win32_1.0.100.202602081740/tools/bin/../lib/gcc/arm-none-eabi/14.3.1/../../../../arm-none-eabi/lib/thumb/v7e-m+fp/hard\libc.a(libc_a-stdio.o)
                0x08006ef4                __sseek
 .text.__sclose
                0x08006f18        0x8 E:/cubeIDE/STM32CubeIDE_2.1.0/STM32CubeIDE/plugins/com.st.stm32cube.ide.mcu.externaltools.gnu-tools-for-stm32.14.3.rel1.win32_1.0.100.202602081740/tools/bin/../lib/gcc/arm-none-eabi/14.3.1/../../../../arm-none-eabi/lib/thumb/v7e-m+fp/hard\libc.a(libc_a-stdio.o)
                0x08006f18                __sclose
 .text.memset   0x08006f20       0x9c E:/cubeIDE/STM32CubeIDE_2.1.0/STM32CubeIDE/plugins/com.st.stm32cube.ide.mcu.externaltools.gnu-tools-for-stm32.14.3.rel1.win32_1.0.100.202602081740/tools/bin/../lib/gcc/arm-none-eabi/14.3.1/../../../../arm-none-eabi/lib/thumb/v7e-m+fp/hard\libc.a(libc_a-memset.o)
                0x08006f20                memset
 .text._close_r
                0x08006fbc       0x24 E:/cubeIDE/STM32CubeIDE_2.1.0/STM32CubeIDE/plugins/com.st.stm32cube.ide.mcu.externaltools.gnu-tools-for-stm32.14.3.rel1.win32_1.0.100.202602081740/tools/bin/../lib/gcc/arm-none-eabi/14.3.1/../../../../arm-none-eabi/lib/thumb/v7e-m+fp/hard\libc.a(libc_a-closer.o)
                0x08006fbc                _close_r
 .text._lseek_r
                0x08006fe0       0x2c E:/cubeIDE/STM32CubeIDE_2.1.0/STM32CubeIDE/plugins/com.st.stm32cube.ide.mcu.externaltools.gnu-tools-for-stm32.14.3.rel1.win32_1.0.100.202602081740/tools/bin/../lib/gcc/arm-none-eabi/14.3.1/../../../../arm-none-eabi/lib/thumb/v7e-m+fp/hard\libc.a(libc_a-lseekr.o)
                0x08006fe0                _lseek_r
 .text._read_r  0x0800700c       0x2c E:/cubeIDE/STM32CubeIDE_2.1.0/STM32CubeIDE/plugins/com.st.stm32cube.ide.mcu.externaltools.gnu-tools-for-stm32.14.3.rel1.win32_1.0.100.202602081740/tools/bin/../lib/gcc/arm-none-eabi/14.3.1/../../../../arm-none-eabi/lib/thumb/v7e-m+fp/hard\libc.a(libc_a-readr.o)
                0x0800700c                _read_r
 .text._write_r
                0x08007038       0x2c E:/cubeIDE/STM32CubeIDE_2.1.0/STM32CubeIDE/plugins/com.st.stm32cube.ide.mcu.externaltools.gnu-tools-for-stm32.14.3.rel1.win32_1.0.100.202602081740/tools/bin/../lib/gcc/arm-none-eabi/14.3.1/../../../../arm-none-eabi/lib/thumb/v7e-m+fp/hard\libc.a(libc_a-writer.o)
                0x08007038                _write_r
 .text.__errno  0x08007064        0xc E:/cubeIDE/STM32CubeIDE_2.1.0/STM32CubeIDE/plugins/com.st.stm32cube.ide.mcu.externaltools.gnu-tools-for-stm32.14.3.rel1.win32_1.0.100.202602081740/tools/bin/../lib/gcc/arm-none-eabi/14.3.1/../../../../arm-none-eabi/lib/thumb/v7e-m+fp/hard\libc.a(libc_a-errno.o)
                0x08007064                __errno
 .text.__libc_init_array
                0x08007070       0x50 E:/cubeIDE/STM32CubeIDE_2.1.0/STM32CubeIDE/plugins/com.st.stm32cube.ide.mcu.externaltools.gnu-tools-for-stm32.14.3.rel1.win32_1.0.100.202602081740/tools/bin/../lib/gcc/arm-none-eabi/14.3.1/../../../../arm-none-eabi/lib/thumb/v7e-m+fp/hard\libc.a(libc_a-init.o)
                0x08007070                __libc_init_array
 .text.__retarget_lock_init_recursive
                0x080070c0        0x4 E:/cubeIDE/STM32CubeIDE_2.1.0/STM32CubeIDE/plugins/com.st.stm32cube.ide.mcu.externaltools.gnu-tools-for-stm32.14.3.rel1.win32_1.0.100.202602081740/tools/bin/../lib/gcc/arm-none-eabi/14.3.1/../../../../arm-none-eabi/lib/thumb/v7e-m+fp/hard\libc.a(libc_a-lock.o)
                0x080070c0                __retarget_lock_init_recursive
 .text.__retarget_lock_close_recursive
                0x080070c4        0x4 E:/cubeIDE/STM32CubeIDE_2.1.0/STM32CubeIDE/plugins/com.st.stm32cube.ide.mcu.externaltools.gnu-tools-for-stm32.14.3.rel1.win32_1.0.100.202602081740/tools/bin/../lib/gcc/arm-none-eabi/14.3.1/../../../../arm-none-eabi/lib/thumb/v7e-m+fp/hard\libc.a(libc_a-lock.o)
                0x080070c4                __retarget_lock_close_recursive
 .text.__retarget_lock_acquire_recursive
                0x080070c8        0x4 E:/cubeIDE/STM32CubeIDE_2.1.0/STM32CubeIDE/plugins/com.st.stm32cube.ide.mcu.externaltools.gnu-tools-for-stm32.14.3.rel1.win32_1.0.100.202602081740/tools/bin/../lib/gcc/arm-none-eabi/14.3.1/../../../../arm-none-eabi/lib/thumb/v7e-m+fp/hard\libc.a(libc_a-lock.o)
                0x080070c8                __retarget_lock_acquire_recursive
 .text.__retarget_lock_release_recursive
                0x080070cc        0x4 E:/cubeIDE/STM32CubeIDE_2.1.0/STM32CubeIDE/plugins/com.st.stm32cube.ide.mcu.externaltools.gnu-tools-for-stm32.14.3.rel1.win32_1.0.100.202602081740/tools/bin/../lib/gcc/arm-none-eabi/14.3.1/../../../../arm-none-eabi/lib/thumb/v7e-m+fp/hard\libc.a(libc_a-lock.o)
                0x080070cc                __retarget_lock_release_recursive
 .text.startup.register_fini
                0x080070d0       0x14 E:/cubeIDE/STM32CubeIDE_2.1.0/STM32CubeIDE/plugins/com.st.stm32cube.ide.mcu.externaltools.gnu-tools-for-stm32.14.3.rel1.win32_1.0.100.202602081740/tools/bin/../lib/gcc/arm-none-eabi/14.3.1/../../../../arm-none-eabi/lib/thumb/v7e-m+fp/hard\libc.a(libc_a-__call_atexit.o)
 .text.atexit   0x080070e4        0xc E:/cubeIDE/STM32CubeIDE_2.1.0/STM32CubeIDE/plugins/com.st.stm32cube.ide.mcu.externaltools.gnu-tools-for-stm32.14.3.rel1.win32_1.0.100.202602081740/tools/bin/../lib/gcc/arm-none-eabi/14.3.1/../../../../arm-none-eabi/lib/thumb/v7e-m+fp/hard\libc.a(libc_a-atexit.o)
                0x080070e4                atexit
 .text._malloc_trim_r
                0x080070f0       0xb8 E:/cubeIDE/STM32CubeIDE_2.1.0/STM32CubeIDE/plugins/com.st.stm32cube.ide.mcu.externaltools.gnu-tools-for-stm32.14.3.rel1.win32_1.0.100.202602081740/tools/bin/../lib/gcc/arm-none-eabi/14.3.1/../../../../arm-none-eabi/lib/thumb/v7e-m+fp/hard\libc.a(libc_a-freer.o)
                0x080070f0                _malloc_trim_r
 .text._free_r  0x080071a8      0x1f0 E:/cubeIDE/STM32CubeIDE_2.1.0/STM32CubeIDE/plugins/com.st.stm32cube.ide.mcu.externaltools.gnu-tools-for-stm32.14.3.rel1.win32_1.0.100.202602081740/tools/bin/../lib/gcc/arm-none-eabi/14.3.1/../../../../arm-none-eabi/lib/thumb/v7e-m+fp/hard\libc.a(libc_a-freer.o)
                0x080071a8                _free_r
 .text._malloc_r
                0x08007398      0x598 E:/cubeIDE/STM32CubeIDE_2.1.0/STM32CubeIDE/plugins/com.st.stm32cube.ide.mcu.externaltools.gnu-tools-for-stm32.14.3.rel1.win32_1.0.100.202602081740/tools/bin/../lib/gcc/arm-none-eabi/14.3.1/../../../../arm-none-eabi/lib/thumb/v7e-m+fp/hard\libc.a(libc_a-mallocr.o)
                0x08007398                _malloc_r
 .text.__malloc_lock
                0x08007930        0xc E:/cubeIDE/STM32CubeIDE_2.1.0/STM32CubeIDE/plugins/com.st.stm32cube.ide.mcu.externaltools.gnu-tools-for-stm32.14.3.rel1.win32_1.0.100.202602081740/tools/bin/../lib/gcc/arm-none-eabi/14.3.1/../../../../arm-none-eabi/lib/thumb/v7e-m+fp/hard\libc.a(libc_a-mlock.o)
                0x08007930                __malloc_lock
 .text.__malloc_unlock
                0x0800793c        0xc E:/cubeIDE/STM32CubeIDE_2.1.0/STM32CubeIDE/plugins/com.st.stm32cube.ide.mcu.externaltools.gnu-tools-for-stm32.14.3.rel1.win32_1.0.100.202602081740/tools/bin/../lib/gcc/arm-none-eabi/14.3.1/../../../../arm-none-eabi/lib/thumb/v7e-m+fp/hard\libc.a(libc_a-mlock.o)
                0x0800793c                __malloc_unlock
 .text._svfprintf_r
                0x08007948     0x2074 E:/cubeIDE/STM32CubeIDE_2.1.0/STM32CubeIDE/plugins/com.st.stm32cube.ide.mcu.externaltools.gnu-tools-for-stm32.14.3.rel1.win32_1.0.100.202602081740/tools/bin/../lib/gcc/arm-none-eabi/14.3.1/../../../../arm-none-eabi/lib/thumb/v7e-m+fp/hard\libc.a(libc_a-svfprintf.o)
                0x08007948                _svfprintf_r
 .text.__ssprint_r
                0x080099bc       0x58 E:/cubeIDE/STM32CubeIDE_2.1.0/STM32CubeIDE/plugins/com.st.stm32cube.ide.mcu.externaltools.gnu-tools-for-stm32.14.3.rel1.win32_1.0.100.202602081740/tools/bin/../lib/gcc/arm-none-eabi/14.3.1/../../../../arm-none-eabi/lib/thumb/v7e-m+fp/hard\libc.a(libc_a-ssprint_r.o)
                0x080099bc                __ssprint_r
 .text._fclose_r
                0x08009a14       0xc0 E:/cubeIDE/STM32CubeIDE_2.1.0/STM32CubeIDE/plugins/com.st.stm32cube.ide.mcu.externaltools.gnu-tools-for-stm32.14.3.rel1.win32_1.0.100.202602081740/tools/bin/../lib/gcc/arm-none-eabi/14.3.1/../../../../arm-none-eabi/lib/thumb/v7e-m+fp/hard\libc.a(libc_a-fclose.o)
                0x08009a14                _fclose_r
 .text.__sflush_r
                0x08009ad4      0x138 E:/cubeIDE/STM32CubeIDE_2.1.0/STM32CubeIDE/plugins/com.st.stm32cube.ide.mcu.externaltools.gnu-tools-for-stm32.14.3.rel1.win32_1.0.100.202602081740/tools/bin/../lib/gcc/arm-none-eabi/14.3.1/../../../../arm-none-eabi/lib/thumb/v7e-m+fp/hard\libc.a(libc_a-fflush.o)
                0x08009ad4                __sflush_r
 .text._fflush_r
                0x08009c0c       0x54 E:/cubeIDE/STM32CubeIDE_2.1.0/STM32CubeIDE/plugins/com.st.stm32cube.ide.mcu.externaltools.gnu-tools-for-stm32.14.3.rel1.win32_1.0.100.202602081740/tools/bin/../lib/gcc/arm-none-eabi/14.3.1/../../../../arm-none-eabi/lib/thumb/v7e-m+fp/hard\libc.a(libc_a-fflush.o)
                0x08009c0c                _fflush_r
 .text.__sfvwrite_r
                0x08009c60      0x2ec E:/cubeIDE/STM32CubeIDE_2.1.0/STM32CubeIDE/plugins/com.st.stm32cube.ide.mcu.externaltools.gnu-tools-for-stm32.14.3.rel1.win32_1.0.100.202602081740/tools/bin/../lib/gcc/arm-none-eabi/14.3.1/../../../../arm-none-eabi/lib/thumb/v7e-m+fp/hard\libc.a(libc_a-fvwrite.o)
                0x08009c60                __sfvwrite_r
 .text.__swsetup_r
                0x08009f4c       0xfc E:/cubeIDE/STM32CubeIDE_2.1.0/STM32CubeIDE/plugins/com.st.stm32cube.ide.mcu.externaltools.gnu-tools-for-stm32.14.3.rel1.win32_1.0.100.202602081740/tools/bin/../lib/gcc/arm-none-eabi/14.3.1/../../../../arm-none-eabi/lib/thumb/v7e-m+fp/hard\libc.a(libc_a-wsetup.o)
                0x08009f4c                __swsetup_r
 .text.memmove  0x0800a048      0x130 E:/cubeIDE/STM32CubeIDE_2.1.0/STM32CubeIDE/plugins/com.st.stm32cube.ide.mcu.externaltools.gnu-tools-for-stm32.14.3.rel1.win32_1.0.100.202602081740/tools/bin/../lib/gcc/arm-none-eabi/14.3.1/../../../../arm-none-eabi/lib/thumb/v7e-m+fp/hard\libc.a(libc_a-memmove.o)
                0x0800a048                memmove
 .text.strncpy  0x0800a178       0x68 E:/cubeIDE/STM32CubeIDE_2.1.0/STM32CubeIDE/plugins/com.st.stm32cube.ide.mcu.externaltools.gnu-tools-for-stm32.14.3.rel1.win32_1.0.100.202602081740/tools/bin/../lib/gcc/arm-none-eabi/14.3.1/../../../../arm-none-eabi/lib/thumb/v7e-m+fp/hard\libc.a(libc_a-strncpy.o)
                0x0800a178                strncpy
 .text._localeconv_r
                0x0800a1e0        0x8 E:/cubeIDE/STM32CubeIDE_2.1.0/STM32CubeIDE/plugins/com.st.stm32cube.ide.mcu.externaltools.gnu-tools-for-stm32.14.3.rel1.win32_1.0.100.202602081740/tools/bin/../lib/gcc/arm-none-eabi/14.3.1/../../../../arm-none-eabi/lib/thumb/v7e-m+fp/hard\libc.a(libc_a-localeconv.o)
                0x0800a1e0                _localeconv_r
 .text._sbrk_r  0x0800a1e8       0x24 E:/cubeIDE/STM32CubeIDE_2.1.0/STM32CubeIDE/plugins/com.st.stm32cube.ide.mcu.externaltools.gnu-tools-for-stm32.14.3.rel1.win32_1.0.100.202602081740/tools/bin/../lib/gcc/arm-none-eabi/14.3.1/../../../../arm-none-eabi/lib/thumb/v7e-m+fp/hard\libc.a(libc_a-sbrkr.o)
                0x0800a1e8                _sbrk_r
 .text.__libc_fini_array
                0x0800a20c       0x28 E:/cubeIDE/STM32CubeIDE_2.1.0/STM32CubeIDE/plugins/com.st.stm32cube.ide.mcu.externaltools.gnu-tools-for-stm32.14.3.rel1.win32_1.0.100.202602081740/tools/bin/../lib/gcc/arm-none-eabi/14.3.1/../../../../arm-none-eabi/lib/thumb/v7e-m+fp/hard\libc.a(libc_a-fini.o)
                0x0800a20c                __libc_fini_array
 .text.sysconf  0x0800a234       0x1c E:/cubeIDE/STM32CubeIDE_2.1.0/STM32CubeIDE/plugins/com.st.stm32cube.ide.mcu.externaltools.gnu-tools-for-stm32.14.3.rel1.win32_1.0.100.202602081740/tools/bin/../lib/gcc/arm-none-eabi/14.3.1/../../../../arm-none-eabi/lib/thumb/v7e-m+fp/hard\libc.a(libc_a-sysconf.o)
                0x0800a234                sysconf
 .text.frexp    0x0800a250       0x64 E:/cubeIDE/STM32CubeIDE_2.1.0/STM32CubeIDE/plugins/com.st.stm32cube.ide.mcu.externaltools.gnu-tools-for-stm32.14.3.rel1.win32_1.0.100.202602081740/tools/bin/../lib/gcc/arm-none-eabi/14.3.1/../../../../arm-none-eabi/lib/thumb/v7e-m+fp/hard\libc.a(libm_a-s_frexp.o)
                0x0800a250                frexp
 .text.__register_exitproc
                0x0800a2b4       0x80 E:/cubeIDE/STM32CubeIDE_2.1.0/STM32CubeIDE/plugins/com.st.stm32cube.ide.mcu.externaltools.gnu-tools-for-stm32.14.3.rel1.win32_1.0.100.202602081740/tools/bin/../lib/gcc/arm-none-eabi/14.3.1/../../../../arm-none-eabi/lib/thumb/v7e-m+fp/hard\libc.a(libc_a-__atexit.o)
                0x0800a2b4                __register_exitproc
 .text.quorem   0x0800a334      0x12c E:/cubeIDE/STM32CubeIDE_2.1.0/STM32CubeIDE/plugins/com.st.stm32cube.ide.mcu.externaltools.gnu-tools-for-stm32.14.3.rel1.win32_1.0.100.202602081740/tools/bin/../lib/gcc/arm-none-eabi/14.3.1/../../../../arm-none-eabi/lib/thumb/v7e-m+fp/hard\libc.a(libc_a-dtoa.o)
 .text._dtoa_r  0x0800a460     0x1030 E:/cubeIDE/STM32CubeIDE_2.1.0/STM32CubeIDE/plugins/com.st.stm32cube.ide.mcu.externaltools.gnu-tools-for-stm32.14.3.rel1.win32_1.0.100.202602081740/tools/bin/../lib/gcc/arm-none-eabi/14.3.1/../../../../arm-none-eabi/lib/thumb/v7e-m+fp/hard\libc.a(libc_a-dtoa.o)
                0x0800a460                _dtoa_r
 .text._Balloc  0x0800b490       0x4c E:/cubeIDE/STM32CubeIDE_2.1.0/STM32CubeIDE/plugins/com.st.stm32cube.ide.mcu.externaltools.gnu-tools-for-stm32.14.3.rel1.win32_1.0.100.202602081740/tools/bin/../lib/gcc/arm-none-eabi/14.3.1/../../../../arm-none-eabi/lib/thumb/v7e-m+fp/hard\libc.a(libc_a-mprec.o)
                0x0800b490                _Balloc
 .text._Bfree   0x0800b4dc       0x14 E:/cubeIDE/STM32CubeIDE_2.1.0/STM32CubeIDE/plugins/com.st.stm32cube.ide.mcu.externaltools.gnu-tools-for-stm32.14.3.rel1.win32_1.0.100.202602081740/tools/bin/../lib/gcc/arm-none-eabi/14.3.1/../../../../arm-none-eabi/lib/thumb/v7e-m+fp/hard\libc.a(libc_a-mprec.o)
                0x0800b4dc                _Bfree
 .text.__multadd
                0x0800b4f0       0xa0 E:/cubeIDE/STM32CubeIDE_2.1.0/STM32CubeIDE/plugins/com.st.stm32cube.ide.mcu.externaltools.gnu-tools-for-stm32.14.3.rel1.win32_1.0.100.202602081740/tools/bin/../lib/gcc/arm-none-eabi/14.3.1/../../../../arm-none-eabi/lib/thumb/v7e-m+fp/hard\libc.a(libc_a-mprec.o)
                0x0800b4f0                __multadd
 .text.__hi0bits
                0x0800b590       0x54 E:/cubeIDE/STM32CubeIDE_2.1.0/STM32CubeIDE/plugins/com.st.stm32cube.ide.mcu.externaltools.gnu-tools-for-stm32.14.3.rel1.win32_1.0.100.202602081740/tools/bin/../lib/gcc/arm-none-eabi/14.3.1/../../../../arm-none-eabi/lib/thumb/v7e-m+fp/hard\libc.a(libc_a-mprec.o)
                0x0800b590                __hi0bits
 .text.__lo0bits
                0x0800b5e4       0x80 E:/cubeIDE/STM32CubeIDE_2.1.0/STM32CubeIDE/plugins/com.st.stm32cube.ide.mcu.externaltools.gnu-tools-for-stm32.14.3.rel1.win32_1.0.100.202602081740/tools/bin/../lib/gcc/arm-none-eabi/14.3.1/../../../../arm-none-eabi/lib/thumb/v7e-m+fp/hard\libc.a(libc_a-mprec.o)
                0x0800b5e4                __lo0bits
 .text.__i2b    0x0800b664       0x5c E:/cubeIDE/STM32CubeIDE_2.1.0/STM32CubeIDE/plugins/com.st.stm32cube.ide.mcu.externaltools.gnu-tools-for-stm32.14.3.rel1.win32_1.0.100.202602081740/tools/bin/../lib/gcc/arm-none-eabi/14.3.1/../../../../arm-none-eabi/lib/thumb/v7e-m+fp/hard\libc.a(libc_a-mprec.o)
                0x0800b664                __i2b
 .text.__multiply
                0x0800b6c0      0x16c E:/cubeIDE/STM32CubeIDE_2.1.0/STM32CubeIDE/plugins/com.st.stm32cube.ide.mcu.externaltools.gnu-tools-for-stm32.14.3.rel1.win32_1.0.100.202602081740/tools/bin/../lib/gcc/arm-none-eabi/14.3.1/../../../../arm-none-eabi/lib/thumb/v7e-m+fp/hard\libc.a(libc_a-mprec.o)
                0x0800b6c0                __multiply
 .text.__pow5mult
                0x0800b82c       0xc0 E:/cubeIDE/STM32CubeIDE_2.1.0/STM32CubeIDE/plugins/com.st.stm32cube.ide.mcu.externaltools.gnu-tools-for-stm32.14.3.rel1.win32_1.0.100.202602081740/tools/bin/../lib/gcc/arm-none-eabi/14.3.1/../../../../arm-none-eabi/lib/thumb/v7e-m+fp/hard\libc.a(libc_a-mprec.o)
                0x0800b82c                __pow5mult
 .text.__lshift
                0x0800b8ec       0xe8 E:/cubeIDE/STM32CubeIDE_2.1.0/STM32CubeIDE/plugins/com.st.stm32cube.ide.mcu.externaltools.gnu-tools-for-stm32.14.3.rel1.win32_1.0.100.202602081740/tools/bin/../lib/gcc/arm-none-eabi/14.3.1/../../../../arm-none-eabi/lib/thumb/v7e-m+fp/hard\libc.a(libc_a-mprec.o)
                0x0800b8ec                __lshift
 .text.__mcmp   0x0800b9d4       0x44 E:/cubeIDE/STM32CubeIDE_2.1.0/STM32CubeIDE/plugins/com.st.stm32cube.ide.mcu.externaltools.gnu-tools-for-stm32.14.3.rel1.win32_1.0.100.202602081740/tools/bin/../lib/gcc/arm-none-eabi/14.3.1/../../../../arm-none-eabi/lib/thumb/v7e-m+fp/hard\libc.a(libc_a-mprec.o)
                0x0800b9d4                __mcmp
 .text.__mdiff  0x0800ba18      0x174 E:/cubeIDE/STM32CubeIDE_2.1.0/STM32CubeIDE/plugins/com.st.stm32cube.ide.mcu.externaltools.gnu-tools-for-stm32.14.3.rel1.win32_1.0.100.202602081740/tools/bin/../lib/gcc/arm-none-eabi/14.3.1/../../../../arm-none-eabi/lib/thumb/v7e-m+fp/hard\libc.a(libc_a-mprec.o)
                0x0800ba18                __mdiff
 .text.__d2b    0x0800bb8c       0xbc E:/cubeIDE/STM32CubeIDE_2.1.0/STM32CubeIDE/plugins/com.st.stm32cube.ide.mcu.externaltools.gnu-tools-for-stm32.14.3.rel1.win32_1.0.100.202602081740/tools/bin/../lib/gcc/arm-none-eabi/14.3.1/../../../../arm-none-eabi/lib/thumb/v7e-m+fp/hard\libc.a(libc_a-mprec.o)
                0x0800bb8c                __d2b
 .text._realloc_r
                0x0800bc48      0x348 E:/cubeIDE/STM32CubeIDE_2.1.0/STM32CubeIDE/plugins/com.st.stm32cube.ide.mcu.externaltools.gnu-tools-for-stm32.14.3.rel1.win32_1.0.100.202602081740/tools/bin/../lib/gcc/arm-none-eabi/14.3.1/../../../../arm-none-eabi/lib/thumb/v7e-m+fp/hard\libc.a(libc_a-reallocr.o)
                0x0800bc48                _realloc_r
 .text.__ssputs_r
                0x0800bf90       0xc0 E:/cubeIDE/STM32CubeIDE_2.1.0/STM32CubeIDE/plugins/com.st.stm32cube.ide.mcu.externaltools.gnu-tools-for-stm32.14.3.rel1.win32_1.0.100.202602081740/tools/bin/../lib/gcc/arm-none-eabi/14.3.1/../../../../arm-none-eabi/lib/thumb/v7e-m+fp/hard\libc.a(libc_a-ssputs_r.o)
                0x0800bf90                __ssputs_r
 .text.__smakebuf_r
                0x0800c050       0xd0 E:/cubeIDE/STM32CubeIDE_2.1.0/STM32CubeIDE/plugins/com.st.stm32cube.ide.mcu.externaltools.gnu-tools-for-stm32.14.3.rel1.win32_1.0.100.202602081740/tools/bin/../lib/gcc/arm-none-eabi/14.3.1/../../../../arm-none-eabi/lib/thumb/v7e-m+fp/hard\libc.a(libc_a-makebuf.o)
                0x0800c050                __smakebuf_r
 .text._fstat_r
                0x0800c120       0x2c E:/cubeIDE/STM32CubeIDE_2.1.0/STM32CubeIDE/plugins/com.st.stm32cube.ide.mcu.externaltools.gnu-tools-for-stm32.14.3.rel1.win32_1.0.100.202602081740/tools/bin/../lib/gcc/arm-none-eabi/14.3.1/../../../../arm-none-eabi/lib/thumb/v7e-m+fp/hard\libc.a(libc_a-fstatr.o)
                0x0800c120                _fstat_r
 .text._isatty_r
                0x0800c14c       0x24 E:/cubeIDE/STM32CubeIDE_2.1.0/STM32CubeIDE/plugins/com.st.stm32cube.ide.mcu.externaltools.gnu-tools-for-stm32.14.3.rel1.win32_1.0.100.202602081740/tools/bin/../lib/gcc/arm-none-eabi/14.3.1/../../../../arm-none-eabi/lib/thumb/v7e-m+fp/hard\libc.a(libc_a-isattyr.o)
                0x0800c14c                _isatty_r
 .text.__assert_func
                0x0800c170       0x40 E:/cubeIDE/STM32CubeIDE_2.1.0/STM32CubeIDE/plugins/com.st.stm32cube.ide.mcu.externaltools.gnu-tools-for-stm32.14.3.rel1.win32_1.0.100.202602081740/tools/bin/../lib/gcc/arm-none-eabi/14.3.1/../../../../arm-none-eabi/lib/thumb/v7e-m+fp/hard\libc.a(libc_a-assert.o)
                0x0800c170                __assert_func
 .text._calloc_r
                0x0800c1b0       0x6c E:/cubeIDE/STM32CubeIDE_2.1.0/STM32CubeIDE/plugins/com.st.stm32cube.ide.mcu.externaltools.gnu-tools-for-stm32.14.3.rel1.win32_1.0.100.202602081740/tools/bin/../lib/gcc/arm-none-eabi/14.3.1/../../../../arm-none-eabi/lib/thumb/v7e-m+fp/hard\libc.a(libc_a-callocr.o)
                0x0800c1b0                _calloc_r
 .text.__ascii_mbtowc
                0x0800c21c       0x2c E:/cubeIDE/STM32CubeIDE_2.1.0/STM32CubeIDE/plugins/com.st.stm32cube.ide.mcu.externaltools.gnu-tools-for-stm32.14.3.rel1.win32_1.0.100.202602081740/tools/bin/../lib/gcc/arm-none-eabi/14.3.1/../../../../arm-none-eabi/lib/thumb/v7e-m+fp/hard\libc.a(libc_a-mbtowc_r.o)
                0x0800c21c                __ascii_mbtowc
 .text.__ascii_wctomb
                0x0800c248       0x1c E:/cubeIDE/STM32CubeIDE_2.1.0/STM32CubeIDE/plugins/com.st.stm32cube.ide.mcu.externaltools.gnu-tools-for-stm32.14.3.rel1.win32_1.0.100.202602081740/tools/bin/../lib/gcc/arm-none-eabi/14.3.1/../../../../arm-none-eabi/lib/thumb/v7e-m+fp/hard\libc.a(libc_a-wctomb_r.o)
                0x0800c248                __ascii_wctomb
 .text.fiprintf
                0x0800c264       0x28 E:/cubeIDE/STM32CubeIDE_2.1.0/STM32CubeIDE/plugins/com.st.stm32cube.ide.mcu.externaltools.gnu-tools-for-stm32.14.3.rel1.win32_1.0.100.202602081740/tools/bin/../lib/gcc/arm-none-eabi/14.3.1/../../../../arm-none-eabi/lib/thumb/v7e-m+fp/hard\libc.a(libc_a-fiprintf.o)
                0x0800c264                fiprintf
 .text._vfiprintf_r
                0x0800c28c      0xff4 E:/cubeIDE/STM32CubeIDE_2.1.0/STM32CubeIDE/plugins/com.st.stm32cube.ide.mcu.externaltools.gnu-tools-for-stm32.14.3.rel1.win32_1.0.100.202602081740/tools/bin/../lib/gcc/arm-none-eabi/14.3.1/../../../../arm-none-eabi/lib/thumb/v7e-m+fp/hard\libc.a(libc_a-vfiprintf.o)
                0x0800c28c                _vfiprintf_r
 .text.__sbprintf
                0x0800d280       0x84 E:/cubeIDE/STM32CubeIDE_2.1.0/STM32CubeIDE/plugins/com.st.stm32cube.ide.mcu.externaltools.gnu-tools-for-stm32.14.3.rel1.win32_1.0.100.202602081740/tools/bin/../lib/gcc/arm-none-eabi/14.3.1/../../../../arm-none-eabi/lib/thumb/v7e-m+fp/hard\libc.a(libc_a-vfiprintf.o)
 .text.__sprint_r
                0x0800d304       0x20 E:/cubeIDE/STM32CubeIDE_2.1.0/STM32CubeIDE/plugins/com.st.stm32cube.ide.mcu.externaltools.gnu-tools-for-stm32.14.3.rel1.win32_1.0.100.202602081740/tools/bin/../lib/gcc/arm-none-eabi/14.3.1/../../../../arm-none-eabi/lib/thumb/v7e-m+fp/hard\libc.a(libc_a-sprint_r.o)
                0x0800d304                __sprint_r
 .text.abort    0x0800d324       0x10 E:/cubeIDE/STM32CubeIDE_2.1.0/STM32CubeIDE/plugins/com.st.stm32cube.ide.mcu.externaltools.gnu-tools-for-stm32.14.3.rel1.win32_1.0.100.202602081740/tools/bin/../lib/gcc/arm-none-eabi/14.3.1/../../../../arm-none-eabi/lib/thumb/v7e-m+fp/hard\libc.a(libc_a-abort.o)
                0x0800d324                abort
 .text.raise    0x0800d334       0x58 E:/cubeIDE/STM32CubeIDE_2.1.0/STM32CubeIDE/plugins/com.st.stm32cube.ide.mcu.externaltools.gnu-tools-for-stm32.14.3.rel1.win32_1.0.100.202602081740/tools/bin/../lib/gcc/arm-none-eabi/14.3.1/../../../../arm-none-eabi/lib/thumb/v7e-m+fp/hard\libc.a(libc_a-signal.o)
                0x0800d334                raise
 .text._kill_r  0x0800d38c       0x2c E:/cubeIDE/STM32CubeIDE_2.1.0/STM32CubeIDE/plugins/com.st.stm32cube.ide.mcu.externaltools.gnu-tools-for-stm32.14.3.rel1.win32_1.0.100.202602081740/tools/bin/../lib/gcc/arm-none-eabi/14.3.1/../../../../arm-none-eabi/lib/thumb/v7e-m+fp/hard\libc.a(libc_a-signalr.o)
                0x0800d38c                _kill_r
 .text._getpid_r
                0x0800d3b8        0x4 E:/cubeIDE/STM32CubeIDE_2.1.0/STM32CubeIDE/plugins/com.st.stm32cube.ide.mcu.externaltools.gnu-tools-for-stm32.14.3.rel1.win32_1.0.100.202602081740/tools/bin/../lib/gcc/arm-none-eabi/14.3.1/../../../../arm-none-eabi/lib/thumb/v7e-m+fp/hard\libc.a(libc_a-signalr.o)
                0x0800d3b8                _getpid_r
 *(.glue_7)
 .glue_7        0x0800d3bc        0x0 linker stubs
 *(.glue_7t)
 .glue_7t       0x0800d3bc        0x0 linker stubs
 *(.eh_frame)
 .eh_frame      0x0800d3bc        0x0 E:/cubeIDE/STM32CubeIDE_2.1.0/STM32CubeIDE/plugins/com.st.stm32cube.ide.mcu.externaltools.gnu-tools-for-stm32.14.3.rel1.win32_1.0.100.202602081740/tools/bin/../lib/gcc/arm-none-eabi/14.3.1/thumb/v7e-m+fp/hard/crtbegin.o
 *(.init)
 .init          0x0800d3bc        0x4 E:/cubeIDE/STM32CubeIDE_2.1.0/STM32CubeIDE/plugins/com.st.stm32cube.ide.mcu.externaltools.gnu-tools-for-stm32.14.3.rel1.win32_1.0.100.202602081740/tools/bin/../lib/gcc/arm-none-eabi/14.3.1/thumb/v7e-m+fp/hard/crti.o
                0x0800d3bc                _init
 .init          0x0800d3c0        0x8 E:/cubeIDE/STM32CubeIDE_2.1.0/STM32CubeIDE/plugins/com.st.stm32cube.ide.mcu.externaltools.gnu-tools-for-stm32.14.3.rel1.win32_1.0.100.202602081740/tools/bin/../lib/gcc/arm-none-eabi/14.3.1/thumb/v7e-m+fp/hard/crtn.o
 *(.fini)
 .fini          0x0800d3c8        0x4 E:/cubeIDE/STM32CubeIDE_2.1.0/STM32CubeIDE/plugins/com.st.stm32cube.ide.mcu.externaltools.gnu-tools-for-stm32.14.3.rel1.win32_1.0.100.202602081740/tools/bin/../lib/gcc/arm-none-eabi/14.3.1/thumb/v7e-m+fp/hard/crti.o
                0x0800d3c8                _fini
 .fini          0x0800d3cc        0x8 E:/cubeIDE/STM32CubeIDE_2.1.0/STM32CubeIDE/plugins/com.st.stm32cube.ide.mcu.externaltools.gnu-tools-for-stm32.14.3.rel1.win32_1.0.100.202602081740/tools/bin/../lib/gcc/arm-none-eabi/14.3.1/thumb/v7e-m+fp/hard/crtn.o
                0x0800d3d4                        . = ALIGN (0x4)
                0x0800d3d4                        _etext = .

.vfp11_veneer   0x0800d3d4        0x0
 .vfp11_veneer  0x0800d3d4        0x0 linker stubs

.v4_bx          0x0800d3d4        0x0
 .v4_bx         0x0800d3d4        0x0 linker stubs

.iplt           0x0800d3d4        0x0
 .iplt          0x0800d3d4        0x0 E:/cubeIDE/STM32CubeIDE_2.1.0/STM32CubeIDE/plugins/com.st.stm32cube.ide.mcu.externaltools.gnu-tools-for-stm32.14.3.rel1.win32_1.0.100.202602081740/tools/bin/../lib/gcc/arm-none-eabi/14.3.1/thumb/v7e-m+fp/hard/crtbegin.o

.rodata         0x0800d3d8     0x1f14
                0x0800d3d8                        . = ALIGN (0x4)
 *(.rodata)
 .rodata        0x0800d3d8       0x4d ./Core/Src/operational_variables.o
 *fill*         0x0800d425        0x3 
 .rodata        0x0800d428        0xf ./User/Config/DEV_Config.o
 *(.rodata*)
 *fill*         0x0800d437        0x1 
 .rodata.AHBPrescTable
                0x0800d438       0x10 ./Core/Src/system_stm32l4xx.o
                0x0800d438                AHBPrescTable
 .rodata.APBPrescTable
                0x0800d448        0x8 ./Core/Src/system_stm32l4xx.o
                0x0800d448                APBPrescTable
 .rodata.MSIRangeTable
                0x0800d450       0x30 ./Core/Src/system_stm32l4xx.o
                0x0800d450                MSIRangeTable
 .rodata.Font24_Table
                0x0800d480     0x1ab8 ./User/Fonts/font24.o
                0x0800d480                Font24_Table
 .rodata._puts_r.str1.4
                0x0800ef38      0x16f E:/cubeIDE/STM32CubeIDE_2.1.0/STM32CubeIDE/plugins/com.st.stm32cube.ide.mcu.externaltools.gnu-tools-for-stm32.14.3.rel1.win32_1.0.100.202602081740/tools/bin/../lib/gcc/arm-none-eabi/14.3.1/../../../../arm-none-eabi/lib/thumb/v7e-m+fp/hard\libc.a(libc_a-puts.o)
                                  0x2 (size before relaxing)
 .rodata._svfprintf_r.str1.4
                0x0800f0a7       0x42 E:/cubeIDE/STM32CubeIDE_2.1.0/STM32CubeIDE/plugins/com.st.stm32cube.ide.mcu.externaltools.gnu-tools-for-stm32.14.3.rel1.win32_1.0.100.202602081740/tools/bin/../lib/gcc/arm-none-eabi/14.3.1/../../../../arm-none-eabi/lib/thumb/v7e-m+fp/hard\libc.a(libc_a-svfprintf.o)
 *fill*         0x0800f0a7        0x1 
 .rodata.zeroes.0
                0x0800f0a8       0x10 E:/cubeIDE/STM32CubeIDE_2.1.0/STM32CubeIDE/plugins/com.st.stm32cube.ide.mcu.externaltools.gnu-tools-for-stm32.14.3.rel1.win32_1.0.100.202602081740/tools/bin/../lib/gcc/arm-none-eabi/14.3.1/../../../../arm-none-eabi/lib/thumb/v7e-m+fp/hard\libc.a(libc_a-svfprintf.o)
 .rodata.blanks.1
                0x0800f0b8       0x10 E:/cubeIDE/STM32CubeIDE_2.1.0/STM32CubeIDE/plugins/com.st.stm32cube.ide.mcu.externaltools.gnu-tools-for-stm32.14.3.rel1.win32_1.0.100.202602081740/tools/bin/../lib/gcc/arm-none-eabi/14.3.1/../../../../arm-none-eabi/lib/thumb/v7e-m+fp/hard\libc.a(libc_a-svfprintf.o)
 .rodata._dtoa_r.str1.4
                0x0800f0c8       0x80 E:/cubeIDE/STM32CubeIDE_2.1.0/STM32CubeIDE/plugins/com.st.stm32cube.ide.mcu.externaltools.gnu-tools-for-stm32.14.3.rel1.win32_1.0.100.202602081740/tools/bin/../lib/gcc/arm-none-eabi/14.3.1/../../../../arm-none-eabi/lib/thumb/v7e-m+fp/hard\libc.a(libc_a-dtoa.o)
 .rodata.__multadd.str1.4
                0x0800f0c8       0x6d E:/cubeIDE/STM32CubeIDE_2.1.0/STM32CubeIDE/plugins/com.st.stm32cube.ide.mcu.externaltools.gnu-tools-for-stm32.14.3.rel1.win32_1.0.100.202602081740/tools/bin/../lib/gcc/arm-none-eabi/14.3.1/../../../../arm-none-eabi/lib/thumb/v7e-m+fp/hard\libc.a(libc_a-mprec.o)
 .rodata.p05.0  0x0800f0c8        0xc E:/cubeIDE/STM32CubeIDE_2.1.0/STM32CubeIDE/plugins/com.st.stm32cube.ide.mcu.externaltools.gnu-tools-for-stm32.14.3.rel1.win32_1.0.100.202602081740/tools/bin/../lib/gcc/arm-none-eabi/14.3.1/../../../../arm-none-eabi/lib/thumb/v7e-m+fp/hard\libc.a(libc_a-mprec.o)
 *fill*         0x0800f0d4        0x4 
 .rodata.__mprec_bigtens
                0x0800f0d8       0x28 E:/cubeIDE/STM32CubeIDE_2.1.0/STM32CubeIDE/plugins/com.st.stm32cube.ide.mcu.externaltools.gnu-tools-for-stm32.14.3.rel1.win32_1.0.100.202602081740/tools/bin/../lib/gcc/arm-none-eabi/14.3.1/../../../../arm-none-eabi/lib/thumb/v7e-m+fp/hard\libc.a(libc_a-mprec.o)
                0x0800f0d8                __mprec_bigtens
 .rodata.__mprec_tens
                0x0800f100       0xc8 E:/cubeIDE/STM32CubeIDE_2.1.0/STM32CubeIDE/plugins/com.st.stm32cube.ide.mcu.externaltools.gnu-tools-for-stm32.14.3.rel1.win32_1.0.100.202602081740/tools/bin/../lib/gcc/arm-none-eabi/14.3.1/../../../../arm-none-eabi/lib/thumb/v7e-m+fp/hard\libc.a(libc_a-mprec.o)
                0x0800f100                __mprec_tens
 .rodata._setlocale_r.str1.4
                0x0800f1c8        0xd E:/cubeIDE/STM32CubeIDE_2.1.0/STM32CubeIDE/plugins/com.st.stm32cube.ide.mcu.externaltools.gnu-tools-for-stm32.14.3.rel1.win32_1.0.100.202602081740/tools/bin/../lib/gcc/arm-none-eabi/14.3.1/../../../../arm-none-eabi/lib/thumb/v7e-m+fp/hard\libc.a(libc_a-locale.o)
 .rodata.str1.4
                0x0800f1c8        0x2 E:/cubeIDE/STM32CubeIDE_2.1.0/STM32CubeIDE/plugins/com.st.stm32cube.ide.mcu.externaltools.gnu-tools-for-stm32.14.3.rel1.win32_1.0.100.202602081740/tools/bin/../lib/gcc/arm-none-eabi/14.3.1/../../../../arm-none-eabi/lib/thumb/v7e-m+fp/hard\libc.a(libc_a-locale.o)
 .rodata.__assert_func.str1.4
                0x0800f1c8       0x43 E:/cubeIDE/STM32CubeIDE_2.1.0/STM32CubeIDE/plugins/com.st.stm32cube.ide.mcu.externaltools.gnu-tools-for-stm32.14.3.rel1.win32_1.0.100.202602081740/tools/bin/../lib/gcc/arm-none-eabi/14.3.1/../../../../arm-none-eabi/lib/thumb/v7e-m+fp/hard\libc.a(libc_a-assert.o)
 .rodata._ctype_
                0x0800f1c8      0x101 E:/cubeIDE/STM32CubeIDE_2.1.0/STM32CubeIDE/plugins/com.st.stm32cube.ide.mcu.externaltools.gnu-tools-for-stm32.14.3.rel1.win32_1.0.100.202602081740/tools/bin/../lib/gcc/arm-none-eabi/14.3.1/../../../../arm-none-eabi/lib/thumb/v7e-m+fp/hard\libc.a(libc_a-ctype_.o)
                0x0800f1c8                _ctype_
 .rodata._vfiprintf_r.str1.4
                0x0800f2c9       0x2f E:/cubeIDE/STM32CubeIDE_2.1.0/STM32CubeIDE/plugins/com.st.stm32cube.ide.mcu.externaltools.gnu-tools-for-stm32.14.3.rel1.win32_1.0.100.202602081740/tools/bin/../lib/gcc/arm-none-eabi/14.3.1/../../../../arm-none-eabi/lib/thumb/v7e-m+fp/hard\libc.a(libc_a-vfiprintf.o)
 *fill*         0x0800f2c9        0x3 
 .rodata.zeroes.0
                0x0800f2cc       0x10 E:/cubeIDE/STM32CubeIDE_2.1.0/STM32CubeIDE/plugins/com.st.stm32cube.ide.mcu.externaltools.gnu-tools-for-stm32.14.3.rel1.win32_1.0.100.202602081740/tools/bin/../lib/gcc/arm-none-eabi/14.3.1/../../../../arm-none-eabi/lib/thumb/v7e-m+fp/hard\libc.a(libc_a-vfiprintf.o)
 .rodata.blanks.1
                0x0800f2dc       0x10 E:/cubeIDE/STM32CubeIDE_2.1.0/STM32CubeIDE/plugins/com.st.stm32cube.ide.mcu.externaltools.gnu-tools-for-stm32.14.3.rel1.win32_1.0.100.202602081740/tools/bin/../lib/gcc/arm-none-eabi/14.3.1/../../../../arm-none-eabi/lib/thumb/v7e-m+fp/hard\libc.a(libc_a-vfiprintf.o)
                0x0800f2ec                        . = ALIGN (0x4)

.ARM.extab      0x0800f2ec        0x0
                0x0800f2ec                        . = ALIGN (0x4)
 *(.ARM.extab* .gnu.linkonce.armextab.*)
                0x0800f2ec                        . = ALIGN (0x4)

.ARM            0x0800f2ec        0x8
                0x0800f2ec                        . = ALIGN (0x4)
                0x0800f2ec                        __exidx_start = .
 *(.ARM.exidx*)
 .ARM.exidx     0x0800f2ec        0x8 E:/cubeIDE/STM32CubeIDE_2.1.0/STM32CubeIDE/plugins/com.st.stm32cube.ide.mcu.externaltools.gnu-tools-for-stm32.14.3.rel1.win32_1.0.100.202602081740/tools/bin/../lib/gcc/arm-none-eabi/14.3.1/../../../../arm-none-eabi/lib/thumb/v7e-m+fp/hard\libc.a(libc_a-strlen.o)
 .ARM.exidx     0x0800f2f4        0x0 E:/cubeIDE/STM32CubeIDE_2.1.0/STM32CubeIDE/plugins/com.st.stm32cube.ide.mcu.externaltools.gnu-tools-for-stm32.14.3.rel1.win32_1.0.100.202602081740/tools/bin/../lib/gcc/arm-none-eabi/14.3.1/../../../../arm-none-eabi/lib/thumb/v7e-m+fp/hard\libc.a(libc_a-memchr.o)
                                  0x8 (size before relaxing)
 .ARM.exidx     0x0800f2f4        0x0 E:/cubeIDE/STM32CubeIDE_2.1.0/STM32CubeIDE/plugins/com.st.stm32cube.ide.mcu.externaltools.gnu-tools-for-stm32.14.3.rel1.win32_1.0.100.202602081740/tools/bin/../lib/gcc/arm-none-eabi/14.3.1/../../../../arm-none-eabi/lib/thumb/v7e-m+fp/hard\libc.a(libc_a-memcpy.o)
                                  0x8 (size before relaxing)
 .ARM.exidx     0x0800f2f4        0x0 E:/cubeIDE/STM32CubeIDE_2.1.0/STM32CubeIDE/plugins/com.st.stm32cube.ide.mcu.externaltools.gnu-tools-for-stm32.14.3.rel1.win32_1.0.100.202602081740/tools/bin/../lib/gcc/arm-none-eabi/14.3.1/thumb/v7e-m+fp/hard\libgcc.a(_udivmoddi4.o)
                                  0x8 (size before relaxing)
                0x0800f2f4                        __exidx_end = .
                0x0800f2f4                        . = ALIGN (0x4)

.preinit_array  0x0800f2f4        0x0
                0x0800f2f4                        . = ALIGN (0x4)
                0x0800f2f4                        PROVIDE (__preinit_array_start = .)
 *(.preinit_array*)
                0x0800f2f4                        PROVIDE (__preinit_array_end = .)
                0x0800f2f4                        . = ALIGN (0x4)

.init_array     0x0800f2f4        0x8
                0x0800f2f4                        . = ALIGN (0x4)
                0x0800f2f4                        PROVIDE (__init_array_start = .)
 *(SORT_BY_NAME(.init_array.*))
 .init_array.00000
                0x0800f2f4        0x4 E:/cubeIDE/STM32CubeIDE_2.1.0/STM32CubeIDE/plugins/com.st.stm32cube.ide.mcu.externaltools.gnu-tools-for-stm32.14.3.rel1.win32_1.0.100.202602081740/tools/bin/../lib/gcc/arm-none-eabi/14.3.1/../../../../arm-none-eabi/lib/thumb/v7e-m+fp/hard\libc.a(libc_a-__call_atexit.o)
 *(.init_array*)
 .init_array    0x0800f2f8        0x4 E:/cubeIDE/STM32CubeIDE_2.1.0/STM32CubeIDE/plugins/com.st.stm32cube.ide.mcu.externaltools.gnu-tools-for-stm32.14.3.rel1.win32_1.0.100.202602081740/tools/bin/../lib/gcc/arm-none-eabi/14.3.1/thumb/v7e-m+fp/hard/crtbegin.o
                0x0800f2fc                        PROVIDE (__init_array_end = .)
                0x0800f2fc                        . = ALIGN (0x4)

.fini_array     0x0800f2fc        0x4
                0x0800f2fc                        . = ALIGN (0x4)
                0x0800f2fc                        PROVIDE (__fini_array_start = .)
 *(SORT_BY_NAME(.fini_array.*))
 *(.fini_array*)
 .fini_array    0x0800f2fc        0x4 E:/cubeIDE/STM32CubeIDE_2.1.0/STM32CubeIDE/plugins/com.st.stm32cube.ide.mcu.externaltools.gnu-tools-for-stm32.14.3.rel1.win32_1.0.100.202602081740/tools/bin/../lib/gcc/arm-none-eabi/14.3.1/thumb/v7e-m+fp/hard/crtbegin.o
                0x0800f300                        PROVIDE (__fini_array_end = .)
                0x0800f300                        . = ALIGN (0x4)
                0x0800f300                        _sidata = LOADADDR (.data)

.rel.dyn        0x0800f300        0x0
 .rel.iplt      0x0800f300        0x0 E:/cubeIDE/STM32CubeIDE_2.1.0/STM32CubeIDE/plugins/com.st.stm32cube.ide.mcu.externaltools.gnu-tools-for-stm32.14.3.rel1.win32_1.0.100.202602081740/tools/bin/../lib/gcc/arm-none-eabi/14.3.1/thumb/v7e-m+fp/hard/crtbegin.o

.data           0x20000000      0x76c load address 0x0800f300
                0x20000000                        . = ALIGN (0x4)
                0x20000000                        _sdata = .
 *(.data)
 *(.data*)
 .data.wifi_connection_str
                0x20000000       0x20 ./Core/Src/main.o
                0x20000000                wifi_connection_str
 .data.temperature_str
                0x20000020       0x20 ./Core/Src/main.o
                0x20000020                temperature_str
 .data.humidity_str
                0x20000040       0x20 ./Core/Src/main.o
                0x20000040                humidity_str
 .data.light_sensor_str
                0x20000060       0x20 ./Core/Src/main.o
                0x20000060                light_sensor_str
 .data.pressure_str
                0x20000080       0x20 ./Core/Src/main.o
                0x20000080                pressure_str
 .data.j        0x200000a0        0x1 ./Core/Src/main.o
                0x200000a0                j
 *fill*         0x200000a1        0x3 
 .data.SystemCoreClock
                0x200000a4        0x4 ./Core/Src/system_stm32l4xx.o
                0x200000a4                SystemCoreClock
 .data.uwTickPrio
                0x200000a8        0x4 ./Drivers/STM32L4xx_HAL_Driver/Src/stm32l4xx_hal.o
                0x200000a8                uwTickPrio
 .data.uwTickFreq
                0x200000ac        0x1 ./Drivers/STM32L4xx_HAL_Driver/Src/stm32l4xx_hal.o
                0x200000ac                uwTickFreq
 *fill*         0x200000ad        0x3 
 .data.Font24   0x200000b0        0x8 ./User/Fonts/font24.o
                0x200000b0                Font24
 .data.__sglue  0x200000b8        0xc E:/cubeIDE/STM32CubeIDE_2.1.0/STM32CubeIDE/plugins/com.st.stm32cube.ide.mcu.externaltools.gnu-tools-for-stm32.14.3.rel1.win32_1.0.100.202602081740/tools/bin/../lib/gcc/arm-none-eabi/14.3.1/../../../../arm-none-eabi/lib/thumb/v7e-m+fp/hard\libc.a(libc_a-findfp.o)
                0x200000b8                __sglue
 .data._impure_ptr
                0x200000c4        0x4 E:/cubeIDE/STM32CubeIDE_2.1.0/STM32CubeIDE/plugins/com.st.stm32cube.ide.mcu.externaltools.gnu-tools-for-stm32.14.3.rel1.win32_1.0.100.202602081740/tools/bin/../lib/gcc/arm-none-eabi/14.3.1/../../../../arm-none-eabi/lib/thumb/v7e-m+fp/hard\libc.a(libc_a-impure.o)
                0x200000c4                _impure_ptr
 .data._impure_data
                0x200000c8      0x120 E:/cubeIDE/STM32CubeIDE_2.1.0/STM32CubeIDE/plugins/com.st.stm32cube.ide.mcu.externaltools.gnu-tools-for-stm32.14.3.rel1.win32_1.0.100.202602081740/tools/bin/../lib/gcc/arm-none-eabi/14.3.1/../../../../arm-none-eabi/lib/thumb/v7e-m+fp/hard\libc.a(libc_a-impure.o)
                0x200000c8                _impure_data
 .data.__atexit_recursive_mutex
                0x200001e8        0x4 E:/cubeIDE/STM32CubeIDE_2.1.0/STM32CubeIDE/plugins/com.st.stm32cube.ide.mcu.externaltools.gnu-tools-for-stm32.14.3.rel1.win32_1.0.100.202602081740/tools/bin/../lib/gcc/arm-none-eabi/14.3.1/../../../../arm-none-eabi/lib/thumb/v7e-m+fp/hard\libc.a(libc_a-__call_atexit.o)
                0x200001e8                __atexit_recursive_mutex
 .data.__malloc_sbrk_base
                0x200001ec        0x4 E:/cubeIDE/STM32CubeIDE_2.1.0/STM32CubeIDE/plugins/com.st.stm32cube.ide.mcu.externaltools.gnu-tools-for-stm32.14.3.rel1.win32_1.0.100.202602081740/tools/bin/../lib/gcc/arm-none-eabi/14.3.1/../../../../arm-none-eabi/lib/thumb/v7e-m+fp/hard\libc.a(libc_a-mallocr.o)
                0x200001ec                __malloc_sbrk_base
 .data.__malloc_trim_threshold
                0x200001f0        0x4 E:/cubeIDE/STM32CubeIDE_2.1.0/STM32CubeIDE/plugins/com.st.stm32cube.ide.mcu.externaltools.gnu-tools-for-stm32.14.3.rel1.win32_1.0.100.202602081740/tools/bin/../lib/gcc/arm-none-eabi/14.3.1/../../../../arm-none-eabi/lib/thumb/v7e-m+fp/hard\libc.a(libc_a-mallocr.o)
                0x200001f0                __malloc_trim_threshold
 *fill*         0x200001f4        0x4 
 .data.__malloc_av_
                0x200001f8      0x408 E:/cubeIDE/STM32CubeIDE_2.1.0/STM32CubeIDE/plugins/com.st.stm32cube.ide.mcu.externaltools.gnu-tools-for-stm32.14.3.rel1.win32_1.0.100.202602081740/tools/bin/../lib/gcc/arm-none-eabi/14.3.1/../../../../arm-none-eabi/lib/thumb/v7e-m+fp/hard\libc.a(libc_a-mallocr.o)
                0x200001f8                __malloc_av_
 .data.__global_locale
                0x20000600      0x16c E:/cubeIDE/STM32CubeIDE_2.1.0/STM32CubeIDE/plugins/com.st.stm32cube.ide.mcu.externaltools.gnu-tools-for-stm32.14.3.rel1.win32_1.0.100.202602081740/tools/bin/../lib/gcc/arm-none-eabi/14.3.1/../../../../arm-none-eabi/lib/thumb/v7e-m+fp/hard\libc.a(libc_a-locale.o)
                0x20000600                __global_locale
 *(.RamFunc)
 *(.RamFunc*)
                0x2000076c                        . = ALIGN (0x4)
                0x2000076c                        _edata = .

.igot.plt       0x2000076c        0x0 load address 0x0800fa6c
 .igot.plt      0x2000076c        0x0 E:/cubeIDE/STM32CubeIDE_2.1.0/STM32CubeIDE/plugins/com.st.stm32cube.ide.mcu.externaltools.gnu-tools-for-stm32.14.3.rel1.win32_1.0.100.202602081740/tools/bin/../lib/gcc/arm-none-eabi/14.3.1/thumb/v7e-m+fp/hard/crtbegin.o
                0x2000076c                        . = ALIGN (0x4)

.bss            0x2000076c      0x54c load address 0x0800fa6c
                0x2000076c                        _sbss = .
                0x2000076c                        __bss_start__ = _sbss
 *(.bss)
 .bss           0x2000076c       0x1c E:/cubeIDE/STM32CubeIDE_2.1.0/STM32CubeIDE/plugins/com.st.stm32cube.ide.mcu.externaltools.gnu-tools-for-stm32.14.3.rel1.win32_1.0.100.202602081740/tools/bin/../lib/gcc/arm-none-eabi/14.3.1/thumb/v7e-m+fp/hard/crtbegin.o
 *(.bss*)
 .bss.ticks     0x20000788        0x4 ./Core/Src/main.o
                0x20000788                ticks
 .bss.y_pos     0x2000078c        0x2 ./Core/Src/main.o
                0x2000078c                y_pos
 .bss.rx_byte   0x2000078e        0x1 ./Core/Src/main.o
                0x2000078e                rx_byte
 *fill*         0x2000078f        0x1 
 .bss.rx_mess   0x20000790       0x40 ./Core/Src/main.o
                0x20000790                rx_mess
 .bss.hspi1     0x200007d0       0x64 ./Core/Src/spi.o
                0x200007d0                hspi1
 .bss.__sbrk_heap_end
                0x20000834        0x4 ./Core/Src/sysmem.o
 .bss.htim6     0x20000838       0x4c ./Core/Src/tim.o
                0x20000838                htim6
 .bss.huart2    0x20000884       0x88 ./Core/Src/usart.o
                0x20000884                huart2
 .bss.huart3    0x2000090c       0x88 ./Core/Src/usart.o
                0x2000090c                huart3
 .bss.uwTick    0x20000994        0x4 ./Drivers/STM32L4xx_HAL_Driver/Src/stm32l4xx_hal.o
                0x20000994                uwTick
 .bss.sLCD_DIS  0x20000998        0xa ./User/LCD/LCD_Driver.o
                0x20000998                sLCD_DIS
 *fill*         0x200009a2        0x2 
 .bss.__sf      0x200009a4      0x138 E:/cubeIDE/STM32CubeIDE_2.1.0/STM32CubeIDE/plugins/com.st.stm32cube.ide.mcu.externaltools.gnu-tools-for-stm32.14.3.rel1.win32_1.0.100.202602081740/tools/bin/../lib/gcc/arm-none-eabi/14.3.1/../../../../arm-none-eabi/lib/thumb/v7e-m+fp/hard\libc.a(libc_a-findfp.o)
                0x200009a4                __sf
 .bss.__stdio_exit_handler
                0x20000adc        0x4 E:/cubeIDE/STM32CubeIDE_2.1.0/STM32CubeIDE/plugins/com.st.stm32cube.ide.mcu.externaltools.gnu-tools-for-stm32.14.3.rel1.win32_1.0.100.202602081740/tools/bin/../lib/gcc/arm-none-eabi/14.3.1/../../../../arm-none-eabi/lib/thumb/v7e-m+fp/hard\libc.a(libc_a-findfp.o)
                0x20000adc                __stdio_exit_handler
 .bss.errno     0x20000ae0        0x4 E:/cubeIDE/STM32CubeIDE_2.1.0/STM32CubeIDE/plugins/com.st.stm32cube.ide.mcu.externaltools.gnu-tools-for-stm32.14.3.rel1.win32_1.0.100.202602081740/tools/bin/../lib/gcc/arm-none-eabi/14.3.1/../../../../arm-none-eabi/lib/thumb/v7e-m+fp/hard\libc.a(libc_a-reent.o)
                0x20000ae0                errno
 .bss.__lock___malloc_recursive_mutex
                0x20000ae4        0x1 E:/cubeIDE/STM32CubeIDE_2.1.0/STM32CubeIDE/plugins/com.st.stm32cube.ide.mcu.externaltools.gnu-tools-for-stm32.14.3.rel1.win32_1.0.100.202602081740/tools/bin/../lib/gcc/arm-none-eabi/14.3.1/../../../../arm-none-eabi/lib/thumb/v7e-m+fp/hard\libc.a(libc_a-lock.o)
                0x20000ae4                __lock___malloc_recursive_mutex
 *fill*         0x20000ae5        0x3 
 .bss.__lock___atexit_recursive_mutex
                0x20000ae8        0x1 E:/cubeIDE/STM32CubeIDE_2.1.0/STM32CubeIDE/plugins/com.st.stm32cube.ide.mcu.externaltools.gnu-tools-for-stm32.14.3.rel1.win32_1.0.100.202602081740/tools/bin/../lib/gcc/arm-none-eabi/14.3.1/../../../../arm-none-eabi/lib/thumb/v7e-m+fp/hard\libc.a(libc_a-lock.o)
                0x20000ae8                __lock___atexit_recursive_mutex
 *fill*         0x20000ae9        0x3 
 .bss.__lock___sfp_recursive_mutex
                0x20000aec        0x1 E:/cubeIDE/STM32CubeIDE_2.1.0/STM32CubeIDE/plugins/com.st.stm32cube.ide.mcu.externaltools.gnu-tools-for-stm32.14.3.rel1.win32_1.0.100.202602081740/tools/bin/../lib/gcc/arm-none-eabi/14.3.1/../../../../arm-none-eabi/lib/thumb/v7e-m+fp/hard\libc.a(libc_a-lock.o)
                0x20000aec                __lock___sfp_recursive_mutex
 *fill*         0x20000aed        0x3 
 .bss.__atexit  0x20000af0        0x4 E:/cubeIDE/STM32CubeIDE_2.1.0/STM32CubeIDE/plugins/com.st.stm32cube.ide.mcu.externaltools.gnu-tools-for-stm32.14.3.rel1.win32_1.0.100.202602081740/tools/bin/../lib/gcc/arm-none-eabi/14.3.1/../../../../arm-none-eabi/lib/thumb/v7e-m+fp/hard\libc.a(libc_a-__call_atexit.o)
                0x20000af0                __atexit
 .bss.__malloc_current_mallinfo
                0x20000af4       0x28 E:/cubeIDE/STM32CubeIDE_2.1.0/STM32CubeIDE/plugins/com.st.stm32cube.ide.mcu.externaltools.gnu-tools-for-stm32.14.3.rel1.win32_1.0.100.202602081740/tools/bin/../lib/gcc/arm-none-eabi/14.3.1/../../../../arm-none-eabi/lib/thumb/v7e-m+fp/hard\libc.a(libc_a-mallocr.o)
                0x20000af4                __malloc_current_mallinfo
 .bss.__malloc_max_total_mem
                0x20000b1c        0x4 E:/cubeIDE/STM32CubeIDE_2.1.0/STM32CubeIDE/plugins/com.st.stm32cube.ide.mcu.externaltools.gnu-tools-for-stm32.14.3.rel1.win32_1.0.100.202602081740/tools/bin/../lib/gcc/arm-none-eabi/14.3.1/../../../../arm-none-eabi/lib/thumb/v7e-m+fp/hard\libc.a(libc_a-mallocr.o)
                0x20000b1c                __malloc_max_total_mem
 .bss.__malloc_max_sbrked_mem
                0x20000b20        0x4 E:/cubeIDE/STM32CubeIDE_2.1.0/STM32CubeIDE/plugins/com.st.stm32cube.ide.mcu.externaltools.gnu-tools-for-stm32.14.3.rel1.win32_1.0.100.202602081740/tools/bin/../lib/gcc/arm-none-eabi/14.3.1/../../../../arm-none-eabi/lib/thumb/v7e-m+fp/hard\libc.a(libc_a-mallocr.o)
                0x20000b20                __malloc_max_sbrked_mem
 .bss.__malloc_top_pad
                0x20000b24        0x4 E:/cubeIDE/STM32CubeIDE_2.1.0/STM32CubeIDE/plugins/com.st.stm32cube.ide.mcu.externaltools.gnu-tools-for-stm32.14.3.rel1.win32_1.0.100.202602081740/tools/bin/../lib/gcc/arm-none-eabi/14.3.1/../../../../arm-none-eabi/lib/thumb/v7e-m+fp/hard\libc.a(libc_a-mallocr.o)
                0x20000b24                __malloc_top_pad
 .bss.__atexit0
                0x20000b28      0x190 E:/cubeIDE/STM32CubeIDE_2.1.0/STM32CubeIDE/plugins/com.st.stm32cube.ide.mcu.externaltools.gnu-tools-for-stm32.14.3.rel1.win32_1.0.100.202602081740/tools/bin/../lib/gcc/arm-none-eabi/14.3.1/../../../../arm-none-eabi/lib/thumb/v7e-m+fp/hard\libc.a(libc_a-__atexit.o)
                0x20000b28                __atexit0
 *(COMMON)
                0x20000cb8                        . = ALIGN (0x4)
                0x20000cb8                        _ebss = .
                0x20000cb8                        __bss_end__ = _ebss

._user_heap_stack
                0x20000cb8      0x600 load address 0x0800fa6c
                0x20000cb8                        . = ALIGN (0x8)
                [!provide]                        PROVIDE (end = .)
                0x20000cb8                        PROVIDE (_end = .)
                0x20000eb8                        . = (. + _Min_Heap_Size)
 *fill*         0x20000cb8      0x200 
                0x200012b8                        . = (. + _Min_Stack_Size)
 *fill*         0x20000eb8      0x400 
                0x200012b8                        . = ALIGN (0x8)

/DISCARD/
 libc.a(*)
 libm.a(*)
 libgcc.a(*)

.ARM.attributes
                0x00000000       0x30
 *(.ARM.attributes)
 .ARM.attributes
                0x00000000       0x22 E:/cubeIDE/STM32CubeIDE_2.1.0/STM32CubeIDE/plugins/com.st.stm32cube.ide.mcu.externaltools.gnu-tools-for-stm32.14.3.rel1.win32_1.0.100.202602081740/tools/bin/../lib/gcc/arm-none-eabi/14.3.1/thumb/v7e-m+fp/hard/crti.o
 .ARM.attributes
                0x00000022       0x34 E:/cubeIDE/STM32CubeIDE_2.1.0/STM32CubeIDE/plugins/com.st.stm32cube.ide.mcu.externaltools.gnu-tools-for-stm32.14.3.rel1.win32_1.0.100.202602081740/tools/bin/../lib/gcc/arm-none-eabi/14.3.1/thumb/v7e-m+fp/hard/crtbegin.o
 .ARM.attributes
                0x00000056       0x34 ./Core/Src/gpio.o
 .ARM.attributes
                0x0000008a       0x34 ./Core/Src/main.o
 .ARM.attributes
                0x000000be       0x34 ./Core/Src/operational_variables.o
 .ARM.attributes
                0x000000f2       0x34 ./Core/Src/spi.o
 .ARM.attributes
                0x00000126       0x34 ./Core/Src/stm32l4xx_hal_msp.o
 .ARM.attributes
                0x0000015a       0x34 ./Core/Src/stm32l4xx_it.o
 .ARM.attributes
                0x0000018e       0x34 ./Core/Src/syscalls.o
 .ARM.attributes
                0x000001c2       0x34 ./Core/Src/sysmem.o
 .ARM.attributes
                0x000001f6       0x34 ./Core/Src/system_stm32l4xx.o
 .ARM.attributes
                0x0000022a       0x34 ./Core/Src/tim.o
 .ARM.attributes
                0x0000025e       0x34 ./Core/Src/usart.o
 .ARM.attributes
                0x00000292       0x21 ./Core/Startup/startup_stm32l476rgtx.o
 .ARM.attributes
                0x000002b3       0x34 ./Drivers/STM32L4xx_HAL_Driver/Src/stm32l4xx_hal.o
 .ARM.attributes
                0x000002e7       0x34 ./Drivers/STM32L4xx_HAL_Driver/Src/stm32l4xx_hal_cortex.o
 .ARM.attributes
                0x0000031b       0x34 ./Drivers/STM32L4xx_HAL_Driver/Src/stm32l4xx_hal_dma.o
 .ARM.attributes
                0x0000034f       0x34 ./Drivers/STM32L4xx_HAL_Driver/Src/stm32l4xx_hal_gpio.o
 .ARM.attributes
                0x00000383       0x34 ./Drivers/STM32L4xx_HAL_Driver/Src/stm32l4xx_hal_pwr_ex.o
 .ARM.attributes
                0x000003b7       0x34 ./Drivers/STM32L4xx_HAL_Driver/Src/stm32l4xx_hal_rcc.o
 .ARM.attributes
                0x000003eb       0x34 ./Drivers/STM32L4xx_HAL_Driver/Src/stm32l4xx_hal_rcc_ex.o
 .ARM.attributes
                0x0000041f       0x34 ./Drivers/STM32L4xx_HAL_Driver/Src/stm32l4xx_hal_spi.o
 .ARM.attributes
                0x00000453       0x34 ./Drivers/STM32L4xx_HAL_Driver/Src/stm32l4xx_hal_tim.o
 .ARM.attributes
                0x00000487       0x34 ./Drivers/STM32L4xx_HAL_Driver/Src/stm32l4xx_hal_tim_ex.o
 .ARM.attributes
                0x000004bb       0x34 ./Drivers/STM32L4xx_HAL_Driver/Src/stm32l4xx_hal_uart.o
 .ARM.attributes
                0x000004ef       0x34 ./Drivers/STM32L4xx_HAL_Driver/Src/stm32l4xx_hal_uart_ex.o
 .ARM.attributes
                0x00000523       0x34 ./User/Config/DEV_Config.o
 .ARM.attributes
                0x00000557       0x34 ./User/Fonts/font24.o
 .ARM.attributes
                0x0000058b       0x34 ./User/LCD/LCD_Driver.o
 .ARM.attributes
                0x000005bf       0x34 ./User/LCD/LCD_GUI.o
 .ARM.attributes
                0x000005f3       0x34 E:/cubeIDE/STM32CubeIDE_2.1.0/STM32CubeIDE/plugins/com.st.stm32cube.ide.mcu.externaltools.gnu-tools-for-stm32.14.3.rel1.win32_1.0.100.202602081740/tools/bin/../lib/gcc/arm-none-eabi/14.3.1/../../../../arm-none-eabi/lib/thumb/v7e-m+fp/hard\libc.a(libc_a-findfp.o)
 .ARM.attributes
                0x00000627       0x34 E:/cubeIDE/STM32CubeIDE_2.1.0/STM32CubeIDE/plugins/com.st.stm32cube.ide.mcu.externaltools.gnu-tools-for-stm32.14.3.rel1.win32_1.0.100.202602081740/tools/bin/../lib/gcc/arm-none-eabi/14.3.1/../../../../arm-none-eabi/lib/thumb/v7e-m+fp/hard\libc.a(libc_a-fwalk.o)
 .ARM.attributes
                0x0000065b       0x34 E:/cubeIDE/STM32CubeIDE_2.1.0/STM32CubeIDE/plugins/com.st.stm32cube.ide.mcu.externaltools.gnu-tools-for-stm32.14.3.rel1.win32_1.0.100.202602081740/tools/bin/../lib/gcc/arm-none-eabi/14.3.1/../../../../arm-none-eabi/lib/thumb/v7e-m+fp/hard\libc.a(libc_a-puts.o)
 .ARM.attributes
                0x0000068f       0x34 E:/cubeIDE/STM32CubeIDE_2.1.0/STM32CubeIDE/plugins/com.st.stm32cube.ide.mcu.externaltools.gnu-tools-for-stm32.14.3.rel1.win32_1.0.100.202602081740/tools/bin/../lib/gcc/arm-none-eabi/14.3.1/../../../../arm-none-eabi/lib/thumb/v7e-m+fp/hard\libc.a(libc_a-sprintf.o)
 .ARM.attributes
                0x000006c3       0x34 E:/cubeIDE/STM32CubeIDE_2.1.0/STM32CubeIDE/plugins/com.st.stm32cube.ide.mcu.externaltools.gnu-tools-for-stm32.14.3.rel1.win32_1.0.100.202602081740/tools/bin/../lib/gcc/arm-none-eabi/14.3.1/../../../../arm-none-eabi/lib/thumb/v7e-m+fp/hard\libc.a(libc_a-stdio.o)
 .ARM.attributes
                0x000006f7       0x34 E:/cubeIDE/STM32CubeIDE_2.1.0/STM32CubeIDE/plugins/com.st.stm32cube.ide.mcu.externaltools.gnu-tools-for-stm32.14.3.rel1.win32_1.0.100.202602081740/tools/bin/../lib/gcc/arm-none-eabi/14.3.1/../../../../arm-none-eabi/lib/thumb/v7e-m+fp/hard\libc.a(libc_a-memset.o)
 .ARM.attributes